Archive member included to satisfy reference by file (symbol)

d:/avip_sokol/stm32cubeide_1.7.0/stm32cubeide/plugins/com.st.stm32cube.ide.mcu.externaltools.gnu-tools-for-stm32.10.3-2021.10.win32_1.0.200.202301161003/tools/bin/../lib/gcc/arm-none-eabi/10.3.1/../../../../arm-none-eabi/lib/thumb/v7-m/nofp\libc_nano.a(lib_a-exit.o)
                              d:/avip_sokol/stm32cubeide_1.7.0/stm32cubeide/plugins/com.st.stm32cube.ide.mcu.externaltools.gnu-tools-for-stm32.10.3-2021.10.win32_1.0.200.202301161003/tools/bin/../lib/gcc/arm-none-eabi/10.3.1/../../../../arm-none-eabi/lib/thumb/v7-m/nofp/crt0.o (exit)
d:/avip_sokol/stm32cubeide_1.7.0/stm32cubeide/plugins/com.st.stm32cube.ide.mcu.externaltools.gnu-tools-for-stm32.10.3-2021.10.win32_1.0.200.202301161003/tools/bin/../lib/gcc/arm-none-eabi/10.3.1/../../../../arm-none-eabi/lib/thumb/v7-m/nofp\libc_nano.a(lib_a-impure.o)
                              d:/avip_sokol/stm32cubeide_1.7.0/stm32cubeide/plugins/com.st.stm32cube.ide.mcu.externaltools.gnu-tools-for-stm32.10.3-2021.10.win32_1.0.200.202301161003/tools/bin/../lib/gcc/arm-none-eabi/10.3.1/../../../../arm-none-eabi/lib/thumb/v7-m/nofp\libc_nano.a(lib_a-exit.o) (_global_impure_ptr)
d:/avip_sokol/stm32cubeide_1.7.0/stm32cubeide/plugins/com.st.stm32cube.ide.mcu.externaltools.gnu-tools-for-stm32.10.3-2021.10.win32_1.0.200.202301161003/tools/bin/../lib/gcc/arm-none-eabi/10.3.1/../../../../arm-none-eabi/lib/thumb/v7-m/nofp\libc_nano.a(lib_a-init.o)
                              d:/avip_sokol/stm32cubeide_1.7.0/stm32cubeide/plugins/com.st.stm32cube.ide.mcu.externaltools.gnu-tools-for-stm32.10.3-2021.10.win32_1.0.200.202301161003/tools/bin/../lib/gcc/arm-none-eabi/10.3.1/../../../../arm-none-eabi/lib/thumb/v7-m/nofp/crt0.o (__libc_init_array)
d:/avip_sokol/stm32cubeide_1.7.0/stm32cubeide/plugins/com.st.stm32cube.ide.mcu.externaltools.gnu-tools-for-stm32.10.3-2021.10.win32_1.0.200.202301161003/tools/bin/../lib/gcc/arm-none-eabi/10.3.1/../../../../arm-none-eabi/lib/thumb/v7-m/nofp\libc_nano.a(lib_a-memset.o)
                              d:/avip_sokol/stm32cubeide_1.7.0/stm32cubeide/plugins/com.st.stm32cube.ide.mcu.externaltools.gnu-tools-for-stm32.10.3-2021.10.win32_1.0.200.202301161003/tools/bin/../lib/gcc/arm-none-eabi/10.3.1/../../../../arm-none-eabi/lib/thumb/v7-m/nofp/crt0.o (memset)
d:/avip_sokol/stm32cubeide_1.7.0/stm32cubeide/plugins/com.st.stm32cube.ide.mcu.externaltools.gnu-tools-for-stm32.10.3-2021.10.win32_1.0.200.202301161003/tools/bin/../lib/gcc/arm-none-eabi/10.3.1/../../../../arm-none-eabi/lib/thumb/v7-m/nofp\libnosys.a(_exit.o)
                              d:/avip_sokol/stm32cubeide_1.7.0/stm32cubeide/plugins/com.st.stm32cube.ide.mcu.externaltools.gnu-tools-for-stm32.10.3-2021.10.win32_1.0.200.202301161003/tools/bin/../lib/gcc/arm-none-eabi/10.3.1/../../../../arm-none-eabi/lib/thumb/v7-m/nofp\libc_nano.a(lib_a-exit.o) (_exit)

Discarded input sections

 .text          0x0000000000000000        0x0 d:/avip_sokol/stm32cubeide_1.7.0/stm32cubeide/plugins/com.st.stm32cube.ide.mcu.externaltools.gnu-tools-for-stm32.10.3-2021.10.win32_1.0.200.202301161003/tools/bin/../lib/gcc/arm-none-eabi/10.3.1/thumb/v7-m/nofp/crti.o
 .data          0x0000000000000000        0x0 d:/avip_sokol/stm32cubeide_1.7.0/stm32cubeide/plugins/com.st.stm32cube.ide.mcu.externaltools.gnu-tools-for-stm32.10.3-2021.10.win32_1.0.200.202301161003/tools/bin/../lib/gcc/arm-none-eabi/10.3.1/thumb/v7-m/nofp/crti.o
 .bss           0x0000000000000000        0x0 d:/avip_sokol/stm32cubeide_1.7.0/stm32cubeide/plugins/com.st.stm32cube.ide.mcu.externaltools.gnu-tools-for-stm32.10.3-2021.10.win32_1.0.200.202301161003/tools/bin/../lib/gcc/arm-none-eabi/10.3.1/thumb/v7-m/nofp/crti.o
 .data          0x0000000000000000        0x4 d:/avip_sokol/stm32cubeide_1.7.0/stm32cubeide/plugins/com.st.stm32cube.ide.mcu.externaltools.gnu-tools-for-stm32.10.3-2021.10.win32_1.0.200.202301161003/tools/bin/../lib/gcc/arm-none-eabi/10.3.1/thumb/v7-m/nofp/crtbegin.o
 .rodata        0x0000000000000000       0x24 d:/avip_sokol/stm32cubeide_1.7.0/stm32cubeide/plugins/com.st.stm32cube.ide.mcu.externaltools.gnu-tools-for-stm32.10.3-2021.10.win32_1.0.200.202301161003/tools/bin/../lib/gcc/arm-none-eabi/10.3.1/thumb/v7-m/nofp/crtbegin.o
 .text          0x0000000000000000       0x7c d:/avip_sokol/stm32cubeide_1.7.0/stm32cubeide/plugins/com.st.stm32cube.ide.mcu.externaltools.gnu-tools-for-stm32.10.3-2021.10.win32_1.0.200.202301161003/tools/bin/../lib/gcc/arm-none-eabi/10.3.1/../../../../arm-none-eabi/lib/thumb/v7-m/nofp/crt0.o
 .data          0x0000000000000000        0x0 d:/avip_sokol/stm32cubeide_1.7.0/stm32cubeide/plugins/com.st.stm32cube.ide.mcu.externaltools.gnu-tools-for-stm32.10.3-2021.10.win32_1.0.200.202301161003/tools/bin/../lib/gcc/arm-none-eabi/10.3.1/../../../../arm-none-eabi/lib/thumb/v7-m/nofp/crt0.o
 .bss           0x0000000000000000        0x0 d:/avip_sokol/stm32cubeide_1.7.0/stm32cubeide/plugins/com.st.stm32cube.ide.mcu.externaltools.gnu-tools-for-stm32.10.3-2021.10.win32_1.0.200.202301161003/tools/bin/../lib/gcc/arm-none-eabi/10.3.1/../../../../arm-none-eabi/lib/thumb/v7-m/nofp/crt0.o
 .ARM.extab     0x0000000000000000        0x0 d:/avip_sokol/stm32cubeide_1.7.0/stm32cubeide/plugins/com.st.stm32cube.ide.mcu.externaltools.gnu-tools-for-stm32.10.3-2021.10.win32_1.0.200.202301161003/tools/bin/../lib/gcc/arm-none-eabi/10.3.1/../../../../arm-none-eabi/lib/thumb/v7-m/nofp/crt0.o
 .ARM.exidx     0x0000000000000000       0x10 d:/avip_sokol/stm32cubeide_1.7.0/stm32cubeide/plugins/com.st.stm32cube.ide.mcu.externaltools.gnu-tools-for-stm32.10.3-2021.10.win32_1.0.200.202301161003/tools/bin/../lib/gcc/arm-none-eabi/10.3.1/../../../../arm-none-eabi/lib/thumb/v7-m/nofp/crt0.o
 .ARM.attributes
                0x0000000000000000       0x1b d:/avip_sokol/stm32cubeide_1.7.0/stm32cubeide/plugins/com.st.stm32cube.ide.mcu.externaltools.gnu-tools-for-stm32.10.3-2021.10.win32_1.0.200.202301161003/tools/bin/../lib/gcc/arm-none-eabi/10.3.1/../../../../arm-none-eabi/lib/thumb/v7-m/nofp/crt0.o
 .group         0x0000000000000000        0xc ./CMSIS/src/system_stm32f1xx.o
 .group         0x0000000000000000        0xc ./CMSIS/src/system_stm32f1xx.o
 .group         0x0000000000000000        0xc ./CMSIS/src/system_stm32f1xx.o
 .group         0x0000000000000000        0xc ./CMSIS/src/system_stm32f1xx.o
 .group         0x0000000000000000        0xc ./CMSIS/src/system_stm32f1xx.o
 .group         0x0000000000000000        0xc ./CMSIS/src/system_stm32f1xx.o
 .group         0x0000000000000000        0xc ./CMSIS/src/system_stm32f1xx.o
 .group         0x0000000000000000        0xc ./CMSIS/src/system_stm32f1xx.o
 .group         0x0000000000000000        0xc ./CMSIS/src/system_stm32f1xx.o
 .group         0x0000000000000000        0xc ./CMSIS/src/system_stm32f1xx.o
 .group         0x0000000000000000        0xc ./CMSIS/src/system_stm32f1xx.o
 .group         0x0000000000000000        0xc ./CMSIS/src/system_stm32f1xx.o
 .group         0x0000000000000000        0xc ./CMSIS/src/system_stm32f1xx.o
 .group         0x0000000000000000        0xc ./CMSIS/src/system_stm32f1xx.o
 .group         0x0000000000000000        0xc ./CMSIS/src/system_stm32f1xx.o
 .text          0x0000000000000000        0x0 ./CMSIS/src/system_stm32f1xx.o
 .data          0x0000000000000000        0x0 ./CMSIS/src/system_stm32f1xx.o
 .bss           0x0000000000000000        0x0 ./CMSIS/src/system_stm32f1xx.o
 .data.SystemCoreClock
                0x0000000000000000        0x4 ./CMSIS/src/system_stm32f1xx.o
 .rodata.AHBPrescTable
                0x0000000000000000       0x10 ./CMSIS/src/system_stm32f1xx.o
 .rodata.APBPrescTable
                0x0000000000000000        0x8 ./CMSIS/src/system_stm32f1xx.o
 .text.SystemCoreClockUpdate
                0x0000000000000000       0xe4 ./CMSIS/src/system_stm32f1xx.o
 .group         0x0000000000000000        0xc ./Core/src/I2C.o
 .group         0x0000000000000000        0xc ./Core/src/I2C.o
 .group         0x0000000000000000        0xc ./Core/src/I2C.o
 .group         0x0000000000000000        0xc ./Core/src/I2C.o
 .group         0x0000000000000000        0xc ./Core/src/I2C.o
 .group         0x0000000000000000        0xc ./Core/src/I2C.o
 .group         0x0000000000000000        0xc ./Core/src/I2C.o
 .group         0x0000000000000000        0xc ./Core/src/I2C.o
 .group         0x0000000000000000        0xc ./Core/src/I2C.o
 .group         0x0000000000000000        0xc ./Core/src/I2C.o
 .group         0x0000000000000000        0xc ./Core/src/I2C.o
 .group         0x0000000000000000        0xc ./Core/src/I2C.o
 .group         0x0000000000000000        0xc ./Core/src/I2C.o
 .text          0x0000000000000000        0x0 ./Core/src/I2C.o
 .data          0x0000000000000000        0x0 ./Core/src/I2C.o
 .bss           0x0000000000000000        0x0 ./Core/src/I2C.o
 .text.I2C_init
                0x0000000000000000       0x90 ./Core/src/I2C.o
 .debug_info    0x0000000000000000      0x251 ./Core/src/I2C.o
 .debug_abbrev  0x0000000000000000       0x9b ./Core/src/I2C.o
 .debug_aranges
                0x0000000000000000       0x20 ./Core/src/I2C.o
 .debug_ranges  0x0000000000000000       0x10 ./Core/src/I2C.o
 .debug_macro   0x0000000000000000       0xad ./Core/src/I2C.o
 .debug_macro   0x0000000000000000      0xa72 ./Core/src/I2C.o
 .debug_macro   0x0000000000000000       0x22 ./Core/src/I2C.o
 .debug_macro   0x0000000000000000       0x22 ./Core/src/I2C.o
 .debug_macro   0x0000000000000000       0x8e ./Core/src/I2C.o
 .debug_macro   0x0000000000000000       0x51 ./Core/src/I2C.o
 .debug_macro   0x0000000000000000      0x103 ./Core/src/I2C.o
 .debug_macro   0x0000000000000000       0x6a ./Core/src/I2C.o
 .debug_macro   0x0000000000000000      0x1df ./Core/src/I2C.o
 .debug_macro   0x0000000000000000       0x1c ./Core/src/I2C.o
 .debug_macro   0x0000000000000000       0x22 ./Core/src/I2C.o
 .debug_macro   0x0000000000000000       0xbd ./Core/src/I2C.o
 .debug_macro   0x0000000000000000      0xd23 ./Core/src/I2C.o
 .debug_macro   0x0000000000000000     0xe09e ./Core/src/I2C.o
 .debug_line    0x0000000000000000      0x455 ./Core/src/I2C.o
 .debug_str     0x0000000000000000    0x53e5d ./Core/src/I2C.o
 .comment       0x0000000000000000       0x51 ./Core/src/I2C.o
 .debug_frame   0x0000000000000000       0x30 ./Core/src/I2C.o
 .ARM.attributes
                0x0000000000000000       0x2d ./Core/src/I2C.o
 .group         0x0000000000000000        0xc ./Core/src/RCC.o
 .group         0x0000000000000000        0xc ./Core/src/RCC.o
 .group         0x0000000000000000        0xc ./Core/src/RCC.o
 .group         0x0000000000000000        0xc ./Core/src/RCC.o
 .group         0x0000000000000000        0xc ./Core/src/RCC.o
 .group         0x0000000000000000        0xc ./Core/src/RCC.o
 .group         0x0000000000000000        0xc ./Core/src/RCC.o
 .group         0x0000000000000000        0xc ./Core/src/RCC.o
 .group         0x0000000000000000        0xc ./Core/src/RCC.o
 .group         0x0000000000000000        0xc ./Core/src/RCC.o
 .group         0x0000000000000000        0xc ./Core/src/RCC.o
 .group         0x0000000000000000        0xc ./Core/src/RCC.o
 .group         0x0000000000000000        0xc ./Core/src/RCC.o
 .text          0x0000000000000000        0x0 ./Core/src/RCC.o
 .data          0x0000000000000000        0x0 ./Core/src/RCC.o
 .bss           0x0000000000000000        0x0 ./Core/src/RCC.o
 .debug_macro   0x0000000000000000      0xa72 ./Core/src/RCC.o
 .debug_macro   0x0000000000000000       0x22 ./Core/src/RCC.o
 .debug_macro   0x0000000000000000       0x22 ./Core/src/RCC.o
 .debug_macro   0x0000000000000000       0x8e ./Core/src/RCC.o
 .debug_macro   0x0000000000000000       0x51 ./Core/src/RCC.o
 .debug_macro   0x0000000000000000      0x103 ./Core/src/RCC.o
 .debug_macro   0x0000000000000000       0x6a ./Core/src/RCC.o
 .debug_macro   0x0000000000000000      0x1df ./Core/src/RCC.o
 .debug_macro   0x0000000000000000       0x1c ./Core/src/RCC.o
 .debug_macro   0x0000000000000000       0x22 ./Core/src/RCC.o
 .debug_macro   0x0000000000000000       0xbd ./Core/src/RCC.o
 .debug_macro   0x0000000000000000      0xd23 ./Core/src/RCC.o
 .debug_macro   0x0000000000000000     0xe09e ./Core/src/RCC.o
 .group         0x0000000000000000        0xc ./Core/src/basic_functions.o
 .text          0x0000000000000000        0x0 ./Core/src/basic_functions.o
 .data          0x0000000000000000        0x0 ./Core/src/basic_functions.o
 .bss           0x0000000000000000        0x0 ./Core/src/basic_functions.o
 .text.SET_BIT  0x0000000000000000        0xc ./Core/src/basic_functions.o
 .debug_info    0x0000000000000000       0x3c ./Core/src/basic_functions.o
 .debug_abbrev  0x0000000000000000       0x2f ./Core/src/basic_functions.o
 .debug_aranges
                0x0000000000000000       0x20 ./Core/src/basic_functions.o
 .debug_ranges  0x0000000000000000       0x10 ./Core/src/basic_functions.o
 .debug_macro   0x0000000000000000       0x11 ./Core/src/basic_functions.o
 .debug_macro   0x0000000000000000      0xa72 ./Core/src/basic_functions.o
 .debug_line    0x0000000000000000       0x50 ./Core/src/basic_functions.o
 .debug_str     0x0000000000000000     0x2cbe ./Core/src/basic_functions.o
 .comment       0x0000000000000000       0x51 ./Core/src/basic_functions.o
 .debug_frame   0x0000000000000000       0x30 ./Core/src/basic_functions.o
 .ARM.attributes
                0x0000000000000000       0x2d ./Core/src/basic_functions.o
 .group         0x0000000000000000        0xc ./Core/src/main.o
 .group         0x0000000000000000        0xc ./Core/src/main.o
 .group         0x0000000000000000        0xc ./Core/src/main.o
 .group         0x0000000000000000        0xc ./Core/src/main.o
 .group         0x0000000000000000        0xc ./Core/src/main.o
 .group         0x0000000000000000        0xc ./Core/src/main.o
 .group         0x0000000000000000        0xc ./Core/src/main.o
 .group         0x0000000000000000        0xc ./Core/src/main.o
 .group         0x0000000000000000        0xc ./Core/src/main.o
 .group         0x0000000000000000        0xc ./Core/src/main.o
 .group         0x0000000000000000        0xc ./Core/src/main.o
 .group         0x0000000000000000        0xc ./Core/src/main.o
 .group         0x0000000000000000        0xc ./Core/src/main.o
 .text          0x0000000000000000        0x0 ./Core/src/main.o
 .data          0x0000000000000000        0x0 ./Core/src/main.o
 .bss           0x0000000000000000        0x0 ./Core/src/main.o
 .text.WriteToUART
                0x0000000000000000       0x3c ./Core/src/main.o
 .text.MCO      0x0000000000000000       0x38 ./Core/src/main.o
 .debug_macro   0x0000000000000000      0xa72 ./Core/src/main.o
 .debug_macro   0x0000000000000000       0x22 ./Core/src/main.o
 .debug_macro   0x0000000000000000       0x22 ./Core/src/main.o
 .debug_macro   0x0000000000000000       0x8e ./Core/src/main.o
 .debug_macro   0x0000000000000000       0x51 ./Core/src/main.o
 .debug_macro   0x0000000000000000      0x103 ./Core/src/main.o
 .debug_macro   0x0000000000000000       0x6a ./Core/src/main.o
 .debug_macro   0x0000000000000000      0x1df ./Core/src/main.o
 .debug_macro   0x0000000000000000       0x1c ./Core/src/main.o
 .debug_macro   0x0000000000000000       0x22 ./Core/src/main.o
 .debug_macro   0x0000000000000000       0xbd ./Core/src/main.o
 .debug_macro   0x0000000000000000      0xd23 ./Core/src/main.o
 .debug_macro   0x0000000000000000     0xe09e ./Core/src/main.o
 .group         0x0000000000000000        0xc ./Core/src/timing_file.o
 .text          0x0000000000000000        0x0 ./Core/src/timing_file.o
 .data          0x0000000000000000        0x0 ./Core/src/timing_file.o
 .bss           0x0000000000000000        0x0 ./Core/src/timing_file.o
 .debug_macro   0x0000000000000000      0xa72 ./Core/src/timing_file.o
 .text          0x0000000000000000       0x14 ./Startup/startup_stm32f103xb.o
 .data          0x0000000000000000        0x0 ./Startup/startup_stm32f103xb.o
 .bss           0x0000000000000000        0x0 ./Startup/startup_stm32f103xb.o
 .text          0x0000000000000000        0x0 d:/avip_sokol/stm32cubeide_1.7.0/stm32cubeide/plugins/com.st.stm32cube.ide.mcu.externaltools.gnu-tools-for-stm32.10.3-2021.10.win32_1.0.200.202301161003/tools/bin/../lib/gcc/arm-none-eabi/10.3.1/../../../../arm-none-eabi/lib/thumb/v7-m/nofp\libc_nano.a(lib_a-exit.o)
 .data          0x0000000000000000        0x0 d:/avip_sokol/stm32cubeide_1.7.0/stm32cubeide/plugins/com.st.stm32cube.ide.mcu.externaltools.gnu-tools-for-stm32.10.3-2021.10.win32_1.0.200.202301161003/tools/bin/../lib/gcc/arm-none-eabi/10.3.1/../../../../arm-none-eabi/lib/thumb/v7-m/nofp\libc_nano.a(lib_a-exit.o)
 .bss           0x0000000000000000        0x0 d:/avip_sokol/stm32cubeide_1.7.0/stm32cubeide/plugins/com.st.stm32cube.ide.mcu.externaltools.gnu-tools-for-stm32.10.3-2021.10.win32_1.0.200.202301161003/tools/bin/../lib/gcc/arm-none-eabi/10.3.1/../../../../arm-none-eabi/lib/thumb/v7-m/nofp\libc_nano.a(lib_a-exit.o)
 .text.exit     0x0000000000000000       0x28 d:/avip_sokol/stm32cubeide_1.7.0/stm32cubeide/plugins/com.st.stm32cube.ide.mcu.externaltools.gnu-tools-for-stm32.10.3-2021.10.win32_1.0.200.202301161003/tools/bin/../lib/gcc/arm-none-eabi/10.3.1/../../../../arm-none-eabi/lib/thumb/v7-m/nofp\libc_nano.a(lib_a-exit.o)
 .debug_frame   0x0000000000000000       0x28 d:/avip_sokol/stm32cubeide_1.7.0/stm32cubeide/plugins/com.st.stm32cube.ide.mcu.externaltools.gnu-tools-for-stm32.10.3-2021.10.win32_1.0.200.202301161003/tools/bin/../lib/gcc/arm-none-eabi/10.3.1/../../../../arm-none-eabi/lib/thumb/v7-m/nofp\libc_nano.a(lib_a-exit.o)
 .ARM.attributes
                0x0000000000000000       0x2d d:/avip_sokol/stm32cubeide_1.7.0/stm32cubeide/plugins/com.st.stm32cube.ide.mcu.externaltools.gnu-tools-for-stm32.10.3-2021.10.win32_1.0.200.202301161003/tools/bin/../lib/gcc/arm-none-eabi/10.3.1/../../../../arm-none-eabi/lib/thumb/v7-m/nofp\libc_nano.a(lib_a-exit.o)
 .text          0x0000000000000000        0x0 d:/avip_sokol/stm32cubeide_1.7.0/stm32cubeide/plugins/com.st.stm32cube.ide.mcu.externaltools.gnu-tools-for-stm32.10.3-2021.10.win32_1.0.200.202301161003/tools/bin/../lib/gcc/arm-none-eabi/10.3.1/../../../../arm-none-eabi/lib/thumb/v7-m/nofp\libc_nano.a(lib_a-impure.o)
 .data          0x0000000000000000        0x0 d:/avip_sokol/stm32cubeide_1.7.0/stm32cubeide/plugins/com.st.stm32cube.ide.mcu.externaltools.gnu-tools-for-stm32.10.3-2021.10.win32_1.0.200.202301161003/tools/bin/../lib/gcc/arm-none-eabi/10.3.1/../../../../arm-none-eabi/lib/thumb/v7-m/nofp\libc_nano.a(lib_a-impure.o)
 .bss           0x0000000000000000        0x0 d:/avip_sokol/stm32cubeide_1.7.0/stm32cubeide/plugins/com.st.stm32cube.ide.mcu.externaltools.gnu-tools-for-stm32.10.3-2021.10.win32_1.0.200.202301161003/tools/bin/../lib/gcc/arm-none-eabi/10.3.1/../../../../arm-none-eabi/lib/thumb/v7-m/nofp\libc_nano.a(lib_a-impure.o)
 .data._impure_ptr
                0x0000000000000000        0x4 d:/avip_sokol/stm32cubeide_1.7.0/stm32cubeide/plugins/com.st.stm32cube.ide.mcu.externaltools.gnu-tools-for-stm32.10.3-2021.10.win32_1.0.200.202301161003/tools/bin/../lib/gcc/arm-none-eabi/10.3.1/../../../../arm-none-eabi/lib/thumb/v7-m/nofp\libc_nano.a(lib_a-impure.o)
 .data.impure_data
                0x0000000000000000       0x60 d:/avip_sokol/stm32cubeide_1.7.0/stm32cubeide/plugins/com.st.stm32cube.ide.mcu.externaltools.gnu-tools-for-stm32.10.3-2021.10.win32_1.0.200.202301161003/tools/bin/../lib/gcc/arm-none-eabi/10.3.1/../../../../arm-none-eabi/lib/thumb/v7-m/nofp\libc_nano.a(lib_a-impure.o)
 .rodata._global_impure_ptr
                0x0000000000000000        0x4 d:/avip_sokol/stm32cubeide_1.7.0/stm32cubeide/plugins/com.st.stm32cube.ide.mcu.externaltools.gnu-tools-for-stm32.10.3-2021.10.win32_1.0.200.202301161003/tools/bin/../lib/gcc/arm-none-eabi/10.3.1/../../../../arm-none-eabi/lib/thumb/v7-m/nofp\libc_nano.a(lib_a-impure.o)
 .ARM.attributes
                0x0000000000000000       0x2d d:/avip_sokol/stm32cubeide_1.7.0/stm32cubeide/plugins/com.st.stm32cube.ide.mcu.externaltools.gnu-tools-for-stm32.10.3-2021.10.win32_1.0.200.202301161003/tools/bin/../lib/gcc/arm-none-eabi/10.3.1/../../../../arm-none-eabi/lib/thumb/v7-m/nofp\libc_nano.a(lib_a-impure.o)
 .text          0x0000000000000000        0x0 d:/avip_sokol/stm32cubeide_1.7.0/stm32cubeide/plugins/com.st.stm32cube.ide.mcu.externaltools.gnu-tools-for-stm32.10.3-2021.10.win32_1.0.200.202301161003/tools/bin/../lib/gcc/arm-none-eabi/10.3.1/../../../../arm-none-eabi/lib/thumb/v7-m/nofp\libc_nano.a(lib_a-init.o)
 .data          0x0000000000000000        0x0 d:/avip_sokol/stm32cubeide_1.7.0/stm32cubeide/plugins/com.st.stm32cube.ide.mcu.externaltools.gnu-tools-for-stm32.10.3-2021.10.win32_1.0.200.202301161003/tools/bin/../lib/gcc/arm-none-eabi/10.3.1/../../../../arm-none-eabi/lib/thumb/v7-m/nofp\libc_nano.a(lib_a-init.o)
 .bss           0x0000000000000000        0x0 d:/avip_sokol/stm32cubeide_1.7.0/stm32cubeide/plugins/com.st.stm32cube.ide.mcu.externaltools.gnu-tools-for-stm32.10.3-2021.10.win32_1.0.200.202301161003/tools/bin/../lib/gcc/arm-none-eabi/10.3.1/../../../../arm-none-eabi/lib/thumb/v7-m/nofp\libc_nano.a(lib_a-init.o)
 .text          0x0000000000000000        0x0 d:/avip_sokol/stm32cubeide_1.7.0/stm32cubeide/plugins/com.st.stm32cube.ide.mcu.externaltools.gnu-tools-for-stm32.10.3-2021.10.win32_1.0.200.202301161003/tools/bin/../lib/gcc/arm-none-eabi/10.3.1/../../../../arm-none-eabi/lib/thumb/v7-m/nofp\libc_nano.a(lib_a-memset.o)
 .data          0x0000000000000000        0x0 d:/avip_sokol/stm32cubeide_1.7.0/stm32cubeide/plugins/com.st.stm32cube.ide.mcu.externaltools.gnu-tools-for-stm32.10.3-2021.10.win32_1.0.200.202301161003/tools/bin/../lib/gcc/arm-none-eabi/10.3.1/../../../../arm-none-eabi/lib/thumb/v7-m/nofp\libc_nano.a(lib_a-memset.o)
 .bss           0x0000000000000000        0x0 d:/avip_sokol/stm32cubeide_1.7.0/stm32cubeide/plugins/com.st.stm32cube.ide.mcu.externaltools.gnu-tools-for-stm32.10.3-2021.10.win32_1.0.200.202301161003/tools/bin/../lib/gcc/arm-none-eabi/10.3.1/../../../../arm-none-eabi/lib/thumb/v7-m/nofp\libc_nano.a(lib_a-memset.o)
 .text.memset   0x0000000000000000       0x10 d:/avip_sokol/stm32cubeide_1.7.0/stm32cubeide/plugins/com.st.stm32cube.ide.mcu.externaltools.gnu-tools-for-stm32.10.3-2021.10.win32_1.0.200.202301161003/tools/bin/../lib/gcc/arm-none-eabi/10.3.1/../../../../arm-none-eabi/lib/thumb/v7-m/nofp\libc_nano.a(lib_a-memset.o)
 .debug_frame   0x0000000000000000       0x20 d:/avip_sokol/stm32cubeide_1.7.0/stm32cubeide/plugins/com.st.stm32cube.ide.mcu.externaltools.gnu-tools-for-stm32.10.3-2021.10.win32_1.0.200.202301161003/tools/bin/../lib/gcc/arm-none-eabi/10.3.1/../../../../arm-none-eabi/lib/thumb/v7-m/nofp\libc_nano.a(lib_a-memset.o)
 .ARM.attributes
                0x0000000000000000       0x2d d:/avip_sokol/stm32cubeide_1.7.0/stm32cubeide/plugins/com.st.stm32cube.ide.mcu.externaltools.gnu-tools-for-stm32.10.3-2021.10.win32_1.0.200.202301161003/tools/bin/../lib/gcc/arm-none-eabi/10.3.1/../../../../arm-none-eabi/lib/thumb/v7-m/nofp\libc_nano.a(lib_a-memset.o)
 .text          0x0000000000000000        0x0 d:/avip_sokol/stm32cubeide_1.7.0/stm32cubeide/plugins/com.st.stm32cube.ide.mcu.externaltools.gnu-tools-for-stm32.10.3-2021.10.win32_1.0.200.202301161003/tools/bin/../lib/gcc/arm-none-eabi/10.3.1/../../../../arm-none-eabi/lib/thumb/v7-m/nofp\libnosys.a(_exit.o)
 .data          0x0000000000000000        0x0 d:/avip_sokol/stm32cubeide_1.7.0/stm32cubeide/plugins/com.st.stm32cube.ide.mcu.externaltools.gnu-tools-for-stm32.10.3-2021.10.win32_1.0.200.202301161003/tools/bin/../lib/gcc/arm-none-eabi/10.3.1/../../../../arm-none-eabi/lib/thumb/v7-m/nofp\libnosys.a(_exit.o)
 .bss           0x0000000000000000        0x0 d:/avip_sokol/stm32cubeide_1.7.0/stm32cubeide/plugins/com.st.stm32cube.ide.mcu.externaltools.gnu-tools-for-stm32.10.3-2021.10.win32_1.0.200.202301161003/tools/bin/../lib/gcc/arm-none-eabi/10.3.1/../../../../arm-none-eabi/lib/thumb/v7-m/nofp\libnosys.a(_exit.o)
 .text._exit    0x0000000000000000        0x2 d:/avip_sokol/stm32cubeide_1.7.0/stm32cubeide/plugins/com.st.stm32cube.ide.mcu.externaltools.gnu-tools-for-stm32.10.3-2021.10.win32_1.0.200.202301161003/tools/bin/../lib/gcc/arm-none-eabi/10.3.1/../../../../arm-none-eabi/lib/thumb/v7-m/nofp\libnosys.a(_exit.o)
 .debug_frame   0x0000000000000000       0x20 d:/avip_sokol/stm32cubeide_1.7.0/stm32cubeide/plugins/com.st.stm32cube.ide.mcu.externaltools.gnu-tools-for-stm32.10.3-2021.10.win32_1.0.200.202301161003/tools/bin/../lib/gcc/arm-none-eabi/10.3.1/../../../../arm-none-eabi/lib/thumb/v7-m/nofp\libnosys.a(_exit.o)
 .ARM.attributes
                0x0000000000000000       0x2d d:/avip_sokol/stm32cubeide_1.7.0/stm32cubeide/plugins/com.st.stm32cube.ide.mcu.externaltools.gnu-tools-for-stm32.10.3-2021.10.win32_1.0.200.202301161003/tools/bin/../lib/gcc/arm-none-eabi/10.3.1/../../../../arm-none-eabi/lib/thumb/v7-m/nofp\libnosys.a(_exit.o)
 .text          0x0000000000000000        0x0 d:/avip_sokol/stm32cubeide_1.7.0/stm32cubeide/plugins/com.st.stm32cube.ide.mcu.externaltools.gnu-tools-for-stm32.10.3-2021.10.win32_1.0.200.202301161003/tools/bin/../lib/gcc/arm-none-eabi/10.3.1/thumb/v7-m/nofp/crtend.o
 .data          0x0000000000000000        0x0 d:/avip_sokol/stm32cubeide_1.7.0/stm32cubeide/plugins/com.st.stm32cube.ide.mcu.externaltools.gnu-tools-for-stm32.10.3-2021.10.win32_1.0.200.202301161003/tools/bin/../lib/gcc/arm-none-eabi/10.3.1/thumb/v7-m/nofp/crtend.o
 .bss           0x0000000000000000        0x0 d:/avip_sokol/stm32cubeide_1.7.0/stm32cubeide/plugins/com.st.stm32cube.ide.mcu.externaltools.gnu-tools-for-stm32.10.3-2021.10.win32_1.0.200.202301161003/tools/bin/../lib/gcc/arm-none-eabi/10.3.1/thumb/v7-m/nofp/crtend.o
 .rodata        0x0000000000000000       0x24 d:/avip_sokol/stm32cubeide_1.7.0/stm32cubeide/plugins/com.st.stm32cube.ide.mcu.externaltools.gnu-tools-for-stm32.10.3-2021.10.win32_1.0.200.202301161003/tools/bin/../lib/gcc/arm-none-eabi/10.3.1/thumb/v7-m/nofp/crtend.o
 .eh_frame      0x0000000000000000        0x4 d:/avip_sokol/stm32cubeide_1.7.0/stm32cubeide/plugins/com.st.stm32cube.ide.mcu.externaltools.gnu-tools-for-stm32.10.3-2021.10.win32_1.0.200.202301161003/tools/bin/../lib/gcc/arm-none-eabi/10.3.1/thumb/v7-m/nofp/crtend.o
 .ARM.attributes
                0x0000000000000000       0x2d d:/avip_sokol/stm32cubeide_1.7.0/stm32cubeide/plugins/com.st.stm32cube.ide.mcu.externaltools.gnu-tools-for-stm32.10.3-2021.10.win32_1.0.200.202301161003/tools/bin/../lib/gcc/arm-none-eabi/10.3.1/thumb/v7-m/nofp/crtend.o
 .text          0x0000000000000000        0x0 d:/avip_sokol/stm32cubeide_1.7.0/stm32cubeide/plugins/com.st.stm32cube.ide.mcu.externaltools.gnu-tools-for-stm32.10.3-2021.10.win32_1.0.200.202301161003/tools/bin/../lib/gcc/arm-none-eabi/10.3.1/thumb/v7-m/nofp/crtn.o
 .data          0x0000000000000000        0x0 d:/avip_sokol/stm32cubeide_1.7.0/stm32cubeide/plugins/com.st.stm32cube.ide.mcu.externaltools.gnu-tools-for-stm32.10.3-2021.10.win32_1.0.200.202301161003/tools/bin/../lib/gcc/arm-none-eabi/10.3.1/thumb/v7-m/nofp/crtn.o
 .bss           0x0000000000000000        0x0 d:/avip_sokol/stm32cubeide_1.7.0/stm32cubeide/plugins/com.st.stm32cube.ide.mcu.externaltools.gnu-tools-for-stm32.10.3-2021.10.win32_1.0.200.202301161003/tools/bin/../lib/gcc/arm-none-eabi/10.3.1/thumb/v7-m/nofp/crtn.o

Memory Configuration

Name             Origin             Length             Attributes
RAM              0x0000000020000000 0x0000000000005000 xrw
FLASH            0x0000000008000000 0x0000000000010000 xr
*default*        0x0000000000000000 0xffffffffffffffff

Linker script and memory map

LOAD d:/avip_sokol/stm32cubeide_1.7.0/stm32cubeide/plugins/com.st.stm32cube.ide.mcu.externaltools.gnu-tools-for-stm32.10.3-2021.10.win32_1.0.200.202301161003/tools/bin/../lib/gcc/arm-none-eabi/10.3.1/thumb/v7-m/nofp/crti.o
LOAD d:/avip_sokol/stm32cubeide_1.7.0/stm32cubeide/plugins/com.st.stm32cube.ide.mcu.externaltools.gnu-tools-for-stm32.10.3-2021.10.win32_1.0.200.202301161003/tools/bin/../lib/gcc/arm-none-eabi/10.3.1/thumb/v7-m/nofp/crtbegin.o
LOAD d:/avip_sokol/stm32cubeide_1.7.0/stm32cubeide/plugins/com.st.stm32cube.ide.mcu.externaltools.gnu-tools-for-stm32.10.3-2021.10.win32_1.0.200.202301161003/tools/bin/../lib/gcc/arm-none-eabi/10.3.1/../../../../arm-none-eabi/lib/thumb/v7-m/nofp/crt0.o
LOAD ./CMSIS/src/system_stm32f1xx.o
LOAD ./Core/src/I2C.o
LOAD ./Core/src/RCC.o
LOAD ./Core/src/basic_functions.o
LOAD ./Core/src/main.o
LOAD ./Core/src/timing_file.o
LOAD ./Startup/startup_stm32f103xb.o
START GROUP
LOAD d:/avip_sokol/stm32cubeide_1.7.0/stm32cubeide/plugins/com.st.stm32cube.ide.mcu.externaltools.gnu-tools-for-stm32.10.3-2021.10.win32_1.0.200.202301161003/tools/bin/../lib/gcc/arm-none-eabi/10.3.1/../../../../arm-none-eabi/lib/thumb/v7-m/nofp\libc_nano.a
LOAD d:/avip_sokol/stm32cubeide_1.7.0/stm32cubeide/plugins/com.st.stm32cube.ide.mcu.externaltools.gnu-tools-for-stm32.10.3-2021.10.win32_1.0.200.202301161003/tools/bin/../lib/gcc/arm-none-eabi/10.3.1/../../../../arm-none-eabi/lib/thumb/v7-m/nofp\libm.a
END GROUP
START GROUP
LOAD d:/avip_sokol/stm32cubeide_1.7.0/stm32cubeide/plugins/com.st.stm32cube.ide.mcu.externaltools.gnu-tools-for-stm32.10.3-2021.10.win32_1.0.200.202301161003/tools/bin/../lib/gcc/arm-none-eabi/10.3.1/thumb/v7-m/nofp\libgcc.a
LOAD d:/avip_sokol/stm32cubeide_1.7.0/stm32cubeide/plugins/com.st.stm32cube.ide.mcu.externaltools.gnu-tools-for-stm32.10.3-2021.10.win32_1.0.200.202301161003/tools/bin/../lib/gcc/arm-none-eabi/10.3.1/../../../../arm-none-eabi/lib/thumb/v7-m/nofp\libc_nano.a
END GROUP
START GROUP
LOAD d:/avip_sokol/stm32cubeide_1.7.0/stm32cubeide/plugins/com.st.stm32cube.ide.mcu.externaltools.gnu-tools-for-stm32.10.3-2021.10.win32_1.0.200.202301161003/tools/bin/../lib/gcc/arm-none-eabi/10.3.1/thumb/v7-m/nofp\libgcc.a
LOAD d:/avip_sokol/stm32cubeide_1.7.0/stm32cubeide/plugins/com.st.stm32cube.ide.mcu.externaltools.gnu-tools-for-stm32.10.3-2021.10.win32_1.0.200.202301161003/tools/bin/../lib/gcc/arm-none-eabi/10.3.1/../../../../arm-none-eabi/lib/thumb/v7-m/nofp\libc_nano.a
LOAD d:/avip_sokol/stm32cubeide_1.7.0/stm32cubeide/plugins/com.st.stm32cube.ide.mcu.externaltools.gnu-tools-for-stm32.10.3-2021.10.win32_1.0.200.202301161003/tools/bin/../lib/gcc/arm-none-eabi/10.3.1/../../../../arm-none-eabi/lib/thumb/v7-m/nofp\libnosys.a
END GROUP
START GROUP
LOAD d:/avip_sokol/stm32cubeide_1.7.0/stm32cubeide/plugins/com.st.stm32cube.ide.mcu.externaltools.gnu-tools-for-stm32.10.3-2021.10.win32_1.0.200.202301161003/tools/bin/../lib/gcc/arm-none-eabi/10.3.1/thumb/v7-m/nofp\libgcc.a
LOAD d:/avip_sokol/stm32cubeide_1.7.0/stm32cubeide/plugins/com.st.stm32cube.ide.mcu.externaltools.gnu-tools-for-stm32.10.3-2021.10.win32_1.0.200.202301161003/tools/bin/../lib/gcc/arm-none-eabi/10.3.1/../../../../arm-none-eabi/lib/thumb/v7-m/nofp\libc_nano.a
LOAD d:/avip_sokol/stm32cubeide_1.7.0/stm32cubeide/plugins/com.st.stm32cube.ide.mcu.externaltools.gnu-tools-for-stm32.10.3-2021.10.win32_1.0.200.202301161003/tools/bin/../lib/gcc/arm-none-eabi/10.3.1/../../../../arm-none-eabi/lib/thumb/v7-m/nofp\libnosys.a
END GROUP
LOAD d:/avip_sokol/stm32cubeide_1.7.0/stm32cubeide/plugins/com.st.stm32cube.ide.mcu.externaltools.gnu-tools-for-stm32.10.3-2021.10.win32_1.0.200.202301161003/tools/bin/../lib/gcc/arm-none-eabi/10.3.1/thumb/v7-m/nofp/crtend.o
LOAD d:/avip_sokol/stm32cubeide_1.7.0/stm32cubeide/plugins/com.st.stm32cube.ide.mcu.externaltools.gnu-tools-for-stm32.10.3-2021.10.win32_1.0.200.202301161003/tools/bin/../lib/gcc/arm-none-eabi/10.3.1/thumb/v7-m/nofp/crtn.o
                0x0000000020005000                _estack = (ORIGIN (RAM) + LENGTH (RAM))
                0x0000000000000200                _Min_Heap_Size = 0x200
                0x0000000000000400                _Min_Stack_Size = 0x400

.isr_vector     0x0000000008000000      0x10c
                0x0000000008000000                . = ALIGN (0x4)
 *(.isr_vector)
 .isr_vector    0x0000000008000000      0x10c ./Startup/startup_stm32f103xb.o
                0x0000000008000000                g_pfnVectors
                0x000000000800010c                . = ALIGN (0x4)

.text           0x000000000800010c      0x29c
                0x000000000800010c                . = ALIGN (0x4)
 *(.text)
 .text          0x000000000800010c       0x40 d:/avip_sokol/stm32cubeide_1.7.0/stm32cubeide/plugins/com.st.stm32cube.ide.mcu.externaltools.gnu-tools-for-stm32.10.3-2021.10.win32_1.0.200.202301161003/tools/bin/../lib/gcc/arm-none-eabi/10.3.1/thumb/v7-m/nofp/crtbegin.o
 *(.text*)
 .text.SystemInit
                0x000000000800014c        0xc ./CMSIS/src/system_stm32f1xx.o
                0x000000000800014c                SystemInit
 .text.RCC_init
                0x0000000008000158       0xd0 ./Core/src/RCC.o
                0x0000000008000158                RCC_init
 .text.main     0x0000000008000228       0x64 ./Core/src/main.o
                0x0000000008000228                main
 .text.init_dma
                0x000000000800028c       0x44 ./Core/src/main.o
                0x000000000800028c                init_dma
 .text.delay_time
                0x00000000080002d0       0x2c ./Core/src/timing_file.o
                0x00000000080002d0                delay_time
 .text.Reset_Handler
                0x00000000080002fc       0x48 ./Startup/startup_stm32f103xb.o
                0x00000000080002fc                Reset_Handler
 .text.Default_Handler
                0x0000000008000344        0x2 ./Startup/startup_stm32f103xb.o
                0x0000000008000344                RTC_Alarm_IRQHandler
                0x0000000008000344                EXTI2_IRQHandler
                0x0000000008000344                DebugMon_Handler
                0x0000000008000344                TIM1_CC_IRQHandler
                0x0000000008000344                HardFault_Handler
                0x0000000008000344                SysTick_Handler
                0x0000000008000344                PVD_IRQHandler
                0x0000000008000344                PendSV_Handler
                0x0000000008000344                NMI_Handler
                0x0000000008000344                EXTI3_IRQHandler
                0x0000000008000344                EXTI0_IRQHandler
                0x0000000008000344                I2C2_EV_IRQHandler
                0x0000000008000344                UsageFault_Handler
                0x0000000008000344                ADC1_2_IRQHandler
                0x0000000008000344                SPI1_IRQHandler
                0x0000000008000344                TAMPER_IRQHandler
                0x0000000008000344                DMA1_Channel4_IRQHandler
                0x0000000008000344                USART3_IRQHandler
                0x0000000008000344                RTC_IRQHandler
                0x0000000008000344                DMA1_Channel7_IRQHandler
                0x0000000008000344                CAN1_RX1_IRQHandler
                0x0000000008000344                TIM4_IRQHandler
                0x0000000008000344                I2C1_EV_IRQHandler
                0x0000000008000344                DMA1_Channel6_IRQHandler
                0x0000000008000344                TIM3_IRQHandler
                0x0000000008000344                RCC_IRQHandler
                0x0000000008000344                TIM1_TRG_COM_IRQHandler
                0x0000000008000344                DMA1_Channel1_IRQHandler
                0x0000000008000344                Default_Handler
                0x0000000008000344                EXTI15_10_IRQHandler
                0x0000000008000344                EXTI9_5_IRQHandler
                0x0000000008000344                SPI2_IRQHandler
                0x0000000008000344                MemManage_Handler
                0x0000000008000344                SVC_Handler
                0x0000000008000344                DMA1_Channel5_IRQHandler
                0x0000000008000344                EXTI4_IRQHandler
                0x0000000008000344                USB_LP_CAN1_RX0_IRQHandler
                0x0000000008000344                USB_HP_CAN1_TX_IRQHandler
                0x0000000008000344                DMA1_Channel3_IRQHandler
                0x0000000008000344                TIM1_UP_IRQHandler
                0x0000000008000344                WWDG_IRQHandler
                0x0000000008000344                TIM2_IRQHandler
                0x0000000008000344                TIM1_BRK_IRQHandler
                0x0000000008000344                EXTI1_IRQHandler
                0x0000000008000344                USART2_IRQHandler
                0x0000000008000344                I2C2_ER_IRQHandler
                0x0000000008000344                DMA1_Channel2_IRQHandler
                0x0000000008000344                CAN1_SCE_IRQHandler
                0x0000000008000344                FLASH_IRQHandler
                0x0000000008000344                BusFault_Handler
                0x0000000008000344                USART1_IRQHandler
                0x0000000008000344                I2C1_ER_IRQHandler
                0x0000000008000344                USBWakeUp_IRQHandler
 *fill*         0x0000000008000346        0x2 
 .text.__libc_init_array
                0x0000000008000348       0x48 d:/avip_sokol/stm32cubeide_1.7.0/stm32cubeide/plugins/com.st.stm32cube.ide.mcu.externaltools.gnu-tools-for-stm32.10.3-2021.10.win32_1.0.200.202301161003/tools/bin/../lib/gcc/arm-none-eabi/10.3.1/../../../../arm-none-eabi/lib/thumb/v7-m/nofp\libc_nano.a(lib_a-init.o)
                0x0000000008000348                __libc_init_array
 *(.glue_7)
 .glue_7        0x0000000008000390        0x0 linker stubs
 *(.glue_7t)
 .glue_7t       0x0000000008000390        0x0 linker stubs
 *(.eh_frame)
 .eh_frame      0x0000000008000390        0x0 d:/avip_sokol/stm32cubeide_1.7.0/stm32cubeide/plugins/com.st.stm32cube.ide.mcu.externaltools.gnu-tools-for-stm32.10.3-2021.10.win32_1.0.200.202301161003/tools/bin/../lib/gcc/arm-none-eabi/10.3.1/thumb/v7-m/nofp/crtbegin.o
 *(.init)
 .init          0x0000000008000390        0x4 d:/avip_sokol/stm32cubeide_1.7.0/stm32cubeide/plugins/com.st.stm32cube.ide.mcu.externaltools.gnu-tools-for-stm32.10.3-2021.10.win32_1.0.200.202301161003/tools/bin/../lib/gcc/arm-none-eabi/10.3.1/thumb/v7-m/nofp/crti.o
                0x0000000008000390                _init
 .init          0x0000000008000394        0x8 d:/avip_sokol/stm32cubeide_1.7.0/stm32cubeide/plugins/com.st.stm32cube.ide.mcu.externaltools.gnu-tools-for-stm32.10.3-2021.10.win32_1.0.200.202301161003/tools/bin/../lib/gcc/arm-none-eabi/10.3.1/thumb/v7-m/nofp/crtn.o
 *(.fini)
 .fini          0x000000000800039c        0x4 d:/avip_sokol/stm32cubeide_1.7.0/stm32cubeide/plugins/com.st.stm32cube.ide.mcu.externaltools.gnu-tools-for-stm32.10.3-2021.10.win32_1.0.200.202301161003/tools/bin/../lib/gcc/arm-none-eabi/10.3.1/thumb/v7-m/nofp/crti.o
                0x000000000800039c                _fini
 .fini          0x00000000080003a0        0x8 d:/avip_sokol/stm32cubeide_1.7.0/stm32cubeide/plugins/com.st.stm32cube.ide.mcu.externaltools.gnu-tools-for-stm32.10.3-2021.10.win32_1.0.200.202301161003/tools/bin/../lib/gcc/arm-none-eabi/10.3.1/thumb/v7-m/nofp/crtn.o
                0x00000000080003a8                . = ALIGN (0x4)
                0x00000000080003a8                _etext = .

.vfp11_veneer   0x00000000080003a8        0x0
 .vfp11_veneer  0x00000000080003a8        0x0 linker stubs

.v4_bx          0x00000000080003a8        0x0
 .v4_bx         0x00000000080003a8        0x0 linker stubs

.iplt           0x00000000080003a8        0x0
 .iplt          0x00000000080003a8        0x0 d:/avip_sokol/stm32cubeide_1.7.0/stm32cubeide/plugins/com.st.stm32cube.ide.mcu.externaltools.gnu-tools-for-stm32.10.3-2021.10.win32_1.0.200.202301161003/tools/bin/../lib/gcc/arm-none-eabi/10.3.1/thumb/v7-m/nofp/crtbegin.o

.rel.dyn        0x00000000080003a8        0x0
 .rel.iplt      0x00000000080003a8        0x0 d:/avip_sokol/stm32cubeide_1.7.0/stm32cubeide/plugins/com.st.stm32cube.ide.mcu.externaltools.gnu-tools-for-stm32.10.3-2021.10.win32_1.0.200.202301161003/tools/bin/../lib/gcc/arm-none-eabi/10.3.1/thumb/v7-m/nofp/crtbegin.o

.rodata         0x00000000080003a8        0x0
                0x00000000080003a8                . = ALIGN (0x4)
 *(.rodata)
 *(.rodata*)
                0x00000000080003a8                . = ALIGN (0x4)

.ARM.extab      0x00000000080003a8        0x0
                0x00000000080003a8                . = ALIGN (0x4)
 *(.ARM.extab* .gnu.linkonce.armextab.*)
                0x00000000080003a8                . = ALIGN (0x4)

.ARM            0x00000000080003a8        0x0
                0x00000000080003a8                . = ALIGN (0x4)
                0x00000000080003a8                __exidx_start = .
 *(.ARM.exidx*)
                0x00000000080003a8                __exidx_end = .
                0x00000000080003a8                . = ALIGN (0x4)

.preinit_array  0x00000000080003a8        0x0
                0x00000000080003a8                . = ALIGN (0x4)
                0x00000000080003a8                PROVIDE (__preinit_array_start = .)
 *(.preinit_array*)
                0x00000000080003a8                PROVIDE (__preinit_array_end = .)
                0x00000000080003a8                . = ALIGN (0x4)

.init_array     0x00000000080003a8        0x4
                0x00000000080003a8                . = ALIGN (0x4)
                0x00000000080003a8                PROVIDE (__init_array_start = .)
 *(SORT_BY_NAME(.init_array.*))
 *(.init_array*)
 .init_array    0x00000000080003a8        0x4 d:/avip_sokol/stm32cubeide_1.7.0/stm32cubeide/plugins/com.st.stm32cube.ide.mcu.externaltools.gnu-tools-for-stm32.10.3-2021.10.win32_1.0.200.202301161003/tools/bin/../lib/gcc/arm-none-eabi/10.3.1/thumb/v7-m/nofp/crtbegin.o
                0x00000000080003ac                PROVIDE (__init_array_end = .)
                0x00000000080003ac                . = ALIGN (0x4)

.fini_array     0x00000000080003ac        0x4
                0x00000000080003ac                . = ALIGN (0x4)
                [!provide]                        PROVIDE (__fini_array_start = .)
 *(SORT_BY_NAME(.fini_array.*))
 *(.fini_array*)
 .fini_array    0x00000000080003ac        0x4 d:/avip_sokol/stm32cubeide_1.7.0/stm32cubeide/plugins/com.st.stm32cube.ide.mcu.externaltools.gnu-tools-for-stm32.10.3-2021.10.win32_1.0.200.202301161003/tools/bin/../lib/gcc/arm-none-eabi/10.3.1/thumb/v7-m/nofp/crtbegin.o
                [!provide]                        PROVIDE (__fini_array_end = .)
                0x00000000080003b0                . = ALIGN (0x4)
                0x00000000080003b0                _sidata = LOADADDR (.data)

.data           0x0000000020000000       0x10 load address 0x00000000080003b0
                0x0000000020000000                . = ALIGN (0x4)
                0x0000000020000000                _sdata = .
 *(.data)
 *(.data*)
 .data.buffer   0x0000000020000000       0x10 ./Core/src/main.o
                0x0000000020000000                buffer
 *(.RamFunc)
 *(.RamFunc*)
                0x0000000020000010                . = ALIGN (0x4)
                0x0000000020000010                _edata = .

.igot.plt       0x0000000020000010        0x0 load address 0x00000000080003c0
 .igot.plt      0x0000000020000010        0x0 d:/avip_sokol/stm32cubeide_1.7.0/stm32cubeide/plugins/com.st.stm32cube.ide.mcu.externaltools.gnu-tools-for-stm32.10.3-2021.10.win32_1.0.200.202301161003/tools/bin/../lib/gcc/arm-none-eabi/10.3.1/thumb/v7-m/nofp/crtbegin.o
                0x0000000020000010                . = ALIGN (0x4)

.bss            0x0000000020000010       0x1c load address 0x00000000080003c0
                0x0000000020000010                _sbss = .
                0x0000000020000010                __bss_start__ = _sbss
 *(.bss)
 .bss           0x0000000020000010       0x1c d:/avip_sokol/stm32cubeide_1.7.0/stm32cubeide/plugins/com.st.stm32cube.ide.mcu.externaltools.gnu-tools-for-stm32.10.3-2021.10.win32_1.0.200.202301161003/tools/bin/../lib/gcc/arm-none-eabi/10.3.1/thumb/v7-m/nofp/crtbegin.o
 *(.bss*)
 *(COMMON)
                0x000000002000002c                . = ALIGN (0x4)
                0x000000002000002c                _ebss = .
                0x000000002000002c                __bss_end__ = _ebss

._user_heap_stack
                0x000000002000002c      0x604 load address 0x00000000080003c0
                0x0000000020000030                . = ALIGN (0x8)
 *fill*         0x000000002000002c        0x4 
                [!provide]                        PROVIDE (end = .)
                [!provide]                        PROVIDE (_end = .)
                0x0000000020000230                . = (. + _Min_Heap_Size)
 *fill*         0x0000000020000030      0x200 
                0x0000000020000630                . = (. + _Min_Stack_Size)
 *fill*         0x0000000020000230      0x400 
                0x0000000020000630                . = ALIGN (0x8)

/DISCARD/
 libc.a(*)
 libm.a(*)
 libgcc.a(*)

.ARM.attributes
                0x0000000000000000       0x29
 *(.ARM.attributes)
 .ARM.attributes
                0x0000000000000000       0x1d d:/avip_sokol/stm32cubeide_1.7.0/stm32cubeide/plugins/com.st.stm32cube.ide.mcu.externaltools.gnu-tools-for-stm32.10.3-2021.10.win32_1.0.200.202301161003/tools/bin/../lib/gcc/arm-none-eabi/10.3.1/thumb/v7-m/nofp/crti.o
 .ARM.attributes
                0x000000000000001d       0x2d d:/avip_sokol/stm32cubeide_1.7.0/stm32cubeide/plugins/com.st.stm32cube.ide.mcu.externaltools.gnu-tools-for-stm32.10.3-2021.10.win32_1.0.200.202301161003/tools/bin/../lib/gcc/arm-none-eabi/10.3.1/thumb/v7-m/nofp/crtbegin.o
 .ARM.attributes
                0x000000000000004a       0x2d ./CMSIS/src/system_stm32f1xx.o
 .ARM.attributes
                0x0000000000000077       0x2d ./Core/src/RCC.o
 .ARM.attributes
                0x00000000000000a4       0x2d ./Core/src/main.o
 .ARM.attributes
                0x00000000000000d1       0x2d ./Core/src/timing_file.o
 .ARM.attributes
                0x00000000000000fe       0x21 ./Startup/startup_stm32f103xb.o
 .ARM.attributes
                0x000000000000011f       0x2d d:/avip_sokol/stm32cubeide_1.7.0/stm32cubeide/plugins/com.st.stm32cube.ide.mcu.externaltools.gnu-tools-for-stm32.10.3-2021.10.win32_1.0.200.202301161003/tools/bin/../lib/gcc/arm-none-eabi/10.3.1/../../../../arm-none-eabi/lib/thumb/v7-m/nofp\libc_nano.a(lib_a-init.o)
 .ARM.attributes
                0x000000000000014c       0x1d d:/avip_sokol/stm32cubeide_1.7.0/stm32cubeide/plugins/com.st.stm32cube.ide.mcu.externaltools.gnu-tools-for-stm32.10.3-2021.10.win32_1.0.200.202301161003/tools/bin/../lib/gcc/arm-none-eabi/10.3.1/thumb/v7-m/nofp/crtn.o
OUTPUT(CMSIS_C8t6.elf elf32-littlearm)
LOAD linker stubs
LOAD d:/avip_sokol/stm32cubeide_1.7.0/stm32cubeide/plugins/com.st.stm32cube.ide.mcu.externaltools.gnu-tools-for-stm32.10.3-2021.10.win32_1.0.200.202301161003/tools/bin/../lib/gcc/arm-none-eabi/10.3.1/../../../../arm-none-eabi/lib/thumb/v7-m/nofp\libc.a
LOAD d:/avip_sokol/stm32cubeide_1.7.0/stm32cubeide/plugins/com.st.stm32cube.ide.mcu.externaltools.gnu-tools-for-stm32.10.3-2021.10.win32_1.0.200.202301161003/tools/bin/../lib/gcc/arm-none-eabi/10.3.1/../../../../arm-none-eabi/lib/thumb/v7-m/nofp\libm.a
LOAD d:/avip_sokol/stm32cubeide_1.7.0/stm32cubeide/plugins/com.st.stm32cube.ide.mcu.externaltools.gnu-tools-for-stm32.10.3-2021.10.win32_1.0.200.202301161003/tools/bin/../lib/gcc/arm-none-eabi/10.3.1/thumb/v7-m/nofp\libgcc.a

.debug_info     0x0000000000000000      0x733
 .debug_info    0x0000000000000000      0x236 ./CMSIS/src/system_stm32f1xx.o
 .debug_info    0x0000000000000236      0x142 ./Core/src/RCC.o
 .debug_info    0x0000000000000378      0x335 ./Core/src/main.o
 .debug_info    0x00000000000006ad       0x64 ./Core/src/timing_file.o
 .debug_info    0x0000000000000711       0x22 ./Startup/startup_stm32f103xb.o

.debug_abbrev   0x0000000000000000      0x369
 .debug_abbrev  0x0000000000000000      0x13b ./CMSIS/src/system_stm32f1xx.o
 .debug_abbrev  0x000000000000013b       0x9b ./Core/src/RCC.o
 .debug_abbrev  0x00000000000001d6      0x121 ./Core/src/main.o
 .debug_abbrev  0x00000000000002f7       0x60 ./Core/src/timing_file.o
 .debug_abbrev  0x0000000000000357       0x12 ./Startup/startup_stm32f103xb.o

.debug_aranges  0x0000000000000000       0xc8
 .debug_aranges
                0x0000000000000000       0x28 ./CMSIS/src/system_stm32f1xx.o
 .debug_aranges
                0x0000000000000028       0x20 ./Core/src/RCC.o
 .debug_aranges
                0x0000000000000048       0x38 ./Core/src/main.o
 .debug_aranges
                0x0000000000000080       0x20 ./Core/src/timing_file.o
 .debug_aranges
                0x00000000000000a0       0x28 ./Startup/startup_stm32f103xb.o

.debug_ranges   0x0000000000000000       0x80
 .debug_ranges  0x0000000000000000       0x18 ./CMSIS/src/system_stm32f1xx.o
 .debug_ranges  0x0000000000000018       0x10 ./Core/src/RCC.o
 .debug_ranges  0x0000000000000028       0x28 ./Core/src/main.o
 .debug_ranges  0x0000000000000050       0x10 ./Core/src/timing_file.o
 .debug_ranges  0x0000000000000060       0x20 ./Startup/startup_stm32f103xb.o

.debug_macro    0x0000000000000000    0x1005f
 .debug_macro   0x0000000000000000       0xc8 ./CMSIS/src/system_stm32f1xx.o
 .debug_macro   0x00000000000000c8      0xa72 ./CMSIS/src/system_stm32f1xx.o
 .debug_macro   0x0000000000000b3a       0x2e ./CMSIS/src/system_stm32f1xx.o
 .debug_macro   0x0000000000000b68       0x22 ./CMSIS/src/system_stm32f1xx.o
 .debug_macro   0x0000000000000b8a       0x22 ./CMSIS/src/system_stm32f1xx.o
 .debug_macro   0x0000000000000bac       0x8e ./CMSIS/src/system_stm32f1xx.o
 .debug_macro   0x0000000000000c3a       0x51 ./CMSIS/src/system_stm32f1xx.o
 .debug_macro   0x0000000000000c8b      0x103 ./CMSIS/src/system_stm32f1xx.o
 .debug_macro   0x0000000000000d8e       0x6a ./CMSIS/src/system_stm32f1xx.o
 .debug_macro   0x0000000000000df8      0x1df ./CMSIS/src/system_stm32f1xx.o
 .debug_macro   0x0000000000000fd7       0x1c ./CMSIS/src/system_stm32f1xx.o
 .debug_macro   0x0000000000000ff3       0x22 ./CMSIS/src/system_stm32f1xx.o
 .debug_macro   0x0000000000001015       0xbd ./CMSIS/src/system_stm32f1xx.o
 .debug_macro   0x00000000000010d2      0xd23 ./CMSIS/src/system_stm32f1xx.o
 .debug_macro   0x0000000000001df5     0xe09e ./CMSIS/src/system_stm32f1xx.o
 .debug_macro   0x000000000000fe93       0x43 ./CMSIS/src/system_stm32f1xx.o
 .debug_macro   0x000000000000fed6       0xad ./Core/src/RCC.o
 .debug_macro   0x000000000000ff83       0xc1 ./Core/src/main.o
 .debug_macro   0x0000000000010044       0x1b ./Core/src/timing_file.o

.debug_line     0x0000000000000000      0xff4
 .debug_line    0x0000000000000000      0x4f0 ./CMSIS/src/system_stm32f1xx.o
 .debug_line    0x00000000000004f0      0x4a0 ./Core/src/RCC.o
 .debug_line    0x0000000000000990      0x535 ./Core/src/main.o
 .debug_line    0x0000000000000ec5       0xaf ./Core/src/timing_file.o
 .debug_line    0x0000000000000f74       0x80 ./Startup/startup_stm32f103xb.o

.debug_str      0x0000000000000000    0x540af
 .debug_str     0x0000000000000000    0x53f8d ./CMSIS/src/system_stm32f1xx.o
                                      0x541b7 (size before relaxing)
 .debug_str     0x0000000000053f8d       0x1b ./Core/src/RCC.o
                                      0x53e2a (size before relaxing)
 .debug_str     0x0000000000053fa8       0xbe ./Core/src/main.o
                                      0x53ed6 (size before relaxing)
 .debug_str     0x0000000000054066       0x1a ./Core/src/timing_file.o
                                       0x2ce8 (size before relaxing)
 .debug_str     0x0000000000054080       0x2f ./Startup/startup_stm32f103xb.o
                                         0x67 (size before relaxing)

.comment        0x0000000000000000       0x50
 .comment       0x0000000000000000       0x50 ./CMSIS/src/system_stm32f1xx.o
                                         0x51 (size before relaxing)
 .comment       0x0000000000000050       0x51 ./Core/src/RCC.o
 .comment       0x0000000000000050       0x51 ./Core/src/main.o
 .comment       0x0000000000000050       0x51 ./Core/src/timing_file.o

.debug_frame    0x0000000000000000      0x178
 .debug_frame   0x0000000000000000       0x58 ./CMSIS/src/system_stm32f1xx.o
 .debug_frame   0x0000000000000058       0x30 ./Core/src/RCC.o
 .debug_frame   0x0000000000000088       0x8c ./Core/src/main.o
 .debug_frame   0x0000000000000114       0x38 ./Core/src/timing_file.o
 .debug_frame   0x000000000000014c       0x2c d:/avip_sokol/stm32cubeide_1.7.0/stm32cubeide/plugins/com.st.stm32cube.ide.mcu.externaltools.gnu-tools-for-stm32.10.3-2021.10.win32_1.0.200.202301161003/tools/bin/../lib/gcc/arm-none-eabi/10.3.1/../../../../arm-none-eabi/lib/thumb/v7-m/nofp\libc_nano.a(lib_a-init.o)
