Archive member included to satisfy reference by file (symbol)

c:/programs/st/stm32cubeide_1.11.0/stm32cubeide/plugins/com.st.stm32cube.ide.mcu.externaltools.gnu-tools-for-stm32.10.3-2021.10.win32_1.0.100.202210260954/tools/bin/../lib/gcc/arm-none-eabi/10.3.1/../../../../arm-none-eabi/lib/thumb/v7-m/nofp\libc_nano.a(lib_a-exit.o)
                              c:/programs/st/stm32cubeide_1.11.0/stm32cubeide/plugins/com.st.stm32cube.ide.mcu.externaltools.gnu-tools-for-stm32.10.3-2021.10.win32_1.0.100.202210260954/tools/bin/../lib/gcc/arm-none-eabi/10.3.1/../../../../arm-none-eabi/lib/thumb/v7-m/nofp/crt0.o (exit)
c:/programs/st/stm32cubeide_1.11.0/stm32cubeide/plugins/com.st.stm32cube.ide.mcu.externaltools.gnu-tools-for-stm32.10.3-2021.10.win32_1.0.100.202210260954/tools/bin/../lib/gcc/arm-none-eabi/10.3.1/../../../../arm-none-eabi/lib/thumb/v7-m/nofp\libc_nano.a(lib_a-impure.o)
                              c:/programs/st/stm32cubeide_1.11.0/stm32cubeide/plugins/com.st.stm32cube.ide.mcu.externaltools.gnu-tools-for-stm32.10.3-2021.10.win32_1.0.100.202210260954/tools/bin/../lib/gcc/arm-none-eabi/10.3.1/../../../../arm-none-eabi/lib/thumb/v7-m/nofp\libc_nano.a(lib_a-exit.o) (_global_impure_ptr)
c:/programs/st/stm32cubeide_1.11.0/stm32cubeide/plugins/com.st.stm32cube.ide.mcu.externaltools.gnu-tools-for-stm32.10.3-2021.10.win32_1.0.100.202210260954/tools/bin/../lib/gcc/arm-none-eabi/10.3.1/../../../../arm-none-eabi/lib/thumb/v7-m/nofp\libc_nano.a(lib_a-init.o)
                              c:/programs/st/stm32cubeide_1.11.0/stm32cubeide/plugins/com.st.stm32cube.ide.mcu.externaltools.gnu-tools-for-stm32.10.3-2021.10.win32_1.0.100.202210260954/tools/bin/../lib/gcc/arm-none-eabi/10.3.1/../../../../arm-none-eabi/lib/thumb/v7-m/nofp/crt0.o (__libc_init_array)
c:/programs/st/stm32cubeide_1.11.0/stm32cubeide/plugins/com.st.stm32cube.ide.mcu.externaltools.gnu-tools-for-stm32.10.3-2021.10.win32_1.0.100.202210260954/tools/bin/../lib/gcc/arm-none-eabi/10.3.1/../../../../arm-none-eabi/lib/thumb/v7-m/nofp\libc_nano.a(lib_a-memset.o)
                              c:/programs/st/stm32cubeide_1.11.0/stm32cubeide/plugins/com.st.stm32cube.ide.mcu.externaltools.gnu-tools-for-stm32.10.3-2021.10.win32_1.0.100.202210260954/tools/bin/../lib/gcc/arm-none-eabi/10.3.1/../../../../arm-none-eabi/lib/thumb/v7-m/nofp/crt0.o (memset)
c:/programs/st/stm32cubeide_1.11.0/stm32cubeide/plugins/com.st.stm32cube.ide.mcu.externaltools.gnu-tools-for-stm32.10.3-2021.10.win32_1.0.100.202210260954/tools/bin/../lib/gcc/arm-none-eabi/10.3.1/../../../../arm-none-eabi/lib/thumb/v7-m/nofp\libnosys.a(_exit.o)
                              c:/programs/st/stm32cubeide_1.11.0/stm32cubeide/plugins/com.st.stm32cube.ide.mcu.externaltools.gnu-tools-for-stm32.10.3-2021.10.win32_1.0.100.202210260954/tools/bin/../lib/gcc/arm-none-eabi/10.3.1/../../../../arm-none-eabi/lib/thumb/v7-m/nofp\libc_nano.a(lib_a-exit.o) (_exit)

Discarded input sections

 .text          0x0000000000000000        0x0 c:/programs/st/stm32cubeide_1.11.0/stm32cubeide/plugins/com.st.stm32cube.ide.mcu.externaltools.gnu-tools-for-stm32.10.3-2021.10.win32_1.0.100.202210260954/tools/bin/../lib/gcc/arm-none-eabi/10.3.1/thumb/v7-m/nofp/crti.o
 .data          0x0000000000000000        0x0 c:/programs/st/stm32cubeide_1.11.0/stm32cubeide/plugins/com.st.stm32cube.ide.mcu.externaltools.gnu-tools-for-stm32.10.3-2021.10.win32_1.0.100.202210260954/tools/bin/../lib/gcc/arm-none-eabi/10.3.1/thumb/v7-m/nofp/crti.o
 .bss           0x0000000000000000        0x0 c:/programs/st/stm32cubeide_1.11.0/stm32cubeide/plugins/com.st.stm32cube.ide.mcu.externaltools.gnu-tools-for-stm32.10.3-2021.10.win32_1.0.100.202210260954/tools/bin/../lib/gcc/arm-none-eabi/10.3.1/thumb/v7-m/nofp/crti.o
 .data          0x0000000000000000        0x4 c:/programs/st/stm32cubeide_1.11.0/stm32cubeide/plugins/com.st.stm32cube.ide.mcu.externaltools.gnu-tools-for-stm32.10.3-2021.10.win32_1.0.100.202210260954/tools/bin/../lib/gcc/arm-none-eabi/10.3.1/thumb/v7-m/nofp/crtbegin.o
 .rodata        0x0000000000000000       0x24 c:/programs/st/stm32cubeide_1.11.0/stm32cubeide/plugins/com.st.stm32cube.ide.mcu.externaltools.gnu-tools-for-stm32.10.3-2021.10.win32_1.0.100.202210260954/tools/bin/../lib/gcc/arm-none-eabi/10.3.1/thumb/v7-m/nofp/crtbegin.o
 .text          0x0000000000000000       0x7c c:/programs/st/stm32cubeide_1.11.0/stm32cubeide/plugins/com.st.stm32cube.ide.mcu.externaltools.gnu-tools-for-stm32.10.3-2021.10.win32_1.0.100.202210260954/tools/bin/../lib/gcc/arm-none-eabi/10.3.1/../../../../arm-none-eabi/lib/thumb/v7-m/nofp/crt0.o
 .data          0x0000000000000000        0x0 c:/programs/st/stm32cubeide_1.11.0/stm32cubeide/plugins/com.st.stm32cube.ide.mcu.externaltools.gnu-tools-for-stm32.10.3-2021.10.win32_1.0.100.202210260954/tools/bin/../lib/gcc/arm-none-eabi/10.3.1/../../../../arm-none-eabi/lib/thumb/v7-m/nofp/crt0.o
 .bss           0x0000000000000000        0x0 c:/programs/st/stm32cubeide_1.11.0/stm32cubeide/plugins/com.st.stm32cube.ide.mcu.externaltools.gnu-tools-for-stm32.10.3-2021.10.win32_1.0.100.202210260954/tools/bin/../lib/gcc/arm-none-eabi/10.3.1/../../../../arm-none-eabi/lib/thumb/v7-m/nofp/crt0.o
 .ARM.extab     0x0000000000000000        0x0 c:/programs/st/stm32cubeide_1.11.0/stm32cubeide/plugins/com.st.stm32cube.ide.mcu.externaltools.gnu-tools-for-stm32.10.3-2021.10.win32_1.0.100.202210260954/tools/bin/../lib/gcc/arm-none-eabi/10.3.1/../../../../arm-none-eabi/lib/thumb/v7-m/nofp/crt0.o
 .ARM.exidx     0x0000000000000000       0x10 c:/programs/st/stm32cubeide_1.11.0/stm32cubeide/plugins/com.st.stm32cube.ide.mcu.externaltools.gnu-tools-for-stm32.10.3-2021.10.win32_1.0.100.202210260954/tools/bin/../lib/gcc/arm-none-eabi/10.3.1/../../../../arm-none-eabi/lib/thumb/v7-m/nofp/crt0.o
 .ARM.attributes
                0x0000000000000000       0x1b c:/programs/st/stm32cubeide_1.11.0/stm32cubeide/plugins/com.st.stm32cube.ide.mcu.externaltools.gnu-tools-for-stm32.10.3-2021.10.win32_1.0.100.202210260954/tools/bin/../lib/gcc/arm-none-eabi/10.3.1/../../../../arm-none-eabi/lib/thumb/v7-m/nofp/crt0.o
 .group         0x0000000000000000        0xc ./CMSIS/src/system_stm32f1xx.o
 .group         0x0000000000000000        0xc ./CMSIS/src/system_stm32f1xx.o
 .group         0x0000000000000000        0xc ./CMSIS/src/system_stm32f1xx.o
 .group         0x0000000000000000        0xc ./CMSIS/src/system_stm32f1xx.o
 .group         0x0000000000000000        0xc ./CMSIS/src/system_stm32f1xx.o
 .group         0x0000000000000000        0xc ./CMSIS/src/system_stm32f1xx.o
 .group         0x0000000000000000        0xc ./CMSIS/src/system_stm32f1xx.o
 .group         0x0000000000000000        0xc ./CMSIS/src/system_stm32f1xx.o
 .group         0x0000000000000000        0xc ./CMSIS/src/system_stm32f1xx.o
 .group         0x0000000000000000        0xc ./CMSIS/src/system_stm32f1xx.o
 .group         0x0000000000000000        0xc ./CMSIS/src/system_stm32f1xx.o
 .group         0x0000000000000000        0xc ./CMSIS/src/system_stm32f1xx.o
 .group         0x0000000000000000        0xc ./CMSIS/src/system_stm32f1xx.o
 .group         0x0000000000000000        0xc ./CMSIS/src/system_stm32f1xx.o
 .group         0x0000000000000000        0xc ./CMSIS/src/system_stm32f1xx.o
 .text          0x0000000000000000        0x0 ./CMSIS/src/system_stm32f1xx.o
 .data          0x0000000000000000        0x0 ./CMSIS/src/system_stm32f1xx.o
 .bss           0x0000000000000000        0x0 ./CMSIS/src/system_stm32f1xx.o
 .data.SystemCoreClock
                0x0000000000000000        0x4 ./CMSIS/src/system_stm32f1xx.o
 .rodata.AHBPrescTable
                0x0000000000000000       0x10 ./CMSIS/src/system_stm32f1xx.o
 .rodata.APBPrescTable
                0x0000000000000000        0x8 ./CMSIS/src/system_stm32f1xx.o
 .text.SystemCoreClockUpdate
                0x0000000000000000       0xe4 ./CMSIS/src/system_stm32f1xx.o
 .group         0x0000000000000000        0xc ./Core/Src/I2C.o
 .group         0x0000000000000000        0xc ./Core/Src/I2C.o
 .group         0x0000000000000000        0xc ./Core/Src/I2C.o
 .group         0x0000000000000000        0xc ./Core/Src/I2C.o
 .group         0x0000000000000000        0xc ./Core/Src/I2C.o
 .group         0x0000000000000000        0xc ./Core/Src/I2C.o
 .group         0x0000000000000000        0xc ./Core/Src/I2C.o
 .group         0x0000000000000000        0xc ./Core/Src/I2C.o
 .group         0x0000000000000000        0xc ./Core/Src/I2C.o
 .group         0x0000000000000000        0xc ./Core/Src/I2C.o
 .group         0x0000000000000000        0xc ./Core/Src/I2C.o
 .group         0x0000000000000000        0xc ./Core/Src/I2C.o
 .group         0x0000000000000000        0xc ./Core/Src/I2C.o
 .group         0x0000000000000000        0xc ./Core/Src/I2C.o
 .text          0x0000000000000000        0x0 ./Core/Src/I2C.o
 .data          0x0000000000000000        0x0 ./Core/Src/I2C.o
 .bss           0x0000000000000000        0x0 ./Core/Src/I2C.o
 .text.I2C_send
                0x0000000000000000       0x54 ./Core/Src/I2C.o
 .debug_macro   0x0000000000000000      0xa72 ./Core/Src/I2C.o
 .debug_macro   0x0000000000000000       0x22 ./Core/Src/I2C.o
 .debug_macro   0x0000000000000000       0x22 ./Core/Src/I2C.o
 .debug_macro   0x0000000000000000       0x8e ./Core/Src/I2C.o
 .debug_macro   0x0000000000000000       0x51 ./Core/Src/I2C.o
 .debug_macro   0x0000000000000000      0x103 ./Core/Src/I2C.o
 .debug_macro   0x0000000000000000       0x6a ./Core/Src/I2C.o
 .debug_macro   0x0000000000000000      0x1df ./Core/Src/I2C.o
 .debug_macro   0x0000000000000000       0x1c ./Core/Src/I2C.o
 .debug_macro   0x0000000000000000       0x22 ./Core/Src/I2C.o
 .debug_macro   0x0000000000000000       0xbd ./Core/Src/I2C.o
 .debug_macro   0x0000000000000000      0xd23 ./Core/Src/I2C.o
 .debug_macro   0x0000000000000000     0xe09e ./Core/Src/I2C.o
 .group         0x0000000000000000        0xc ./Core/Src/ILI9341.o
 .group         0x0000000000000000        0xc ./Core/Src/ILI9341.o
 .group         0x0000000000000000        0xc ./Core/Src/ILI9341.o
 .group         0x0000000000000000        0xc ./Core/Src/ILI9341.o
 .group         0x0000000000000000        0xc ./Core/Src/ILI9341.o
 .group         0x0000000000000000        0xc ./Core/Src/ILI9341.o
 .group         0x0000000000000000        0xc ./Core/Src/ILI9341.o
 .group         0x0000000000000000        0xc ./Core/Src/ILI9341.o
 .group         0x0000000000000000        0xc ./Core/Src/ILI9341.o
 .group         0x0000000000000000        0xc ./Core/Src/ILI9341.o
 .group         0x0000000000000000        0xc ./Core/Src/ILI9341.o
 .group         0x0000000000000000        0xc ./Core/Src/ILI9341.o
 .group         0x0000000000000000        0xc ./Core/Src/ILI9341.o
 .group         0x0000000000000000        0xc ./Core/Src/ILI9341.o
 .group         0x0000000000000000        0xc ./Core/Src/ILI9341.o
 .text          0x0000000000000000        0x0 ./Core/Src/ILI9341.o
 .data          0x0000000000000000        0x0 ./Core/Src/ILI9341.o
 .bss           0x0000000000000000        0x0 ./Core/Src/ILI9341.o
 .bss.D         0x0000000000000000        0x1 ./Core/Src/ILI9341.o
 .text.GPIO_Init
                0x0000000000000000      0x210 ./Core/Src/ILI9341.o
 .text.read_disp_id
                0x0000000000000000       0x6c ./Core/Src/ILI9341.o
 .text.Send_Command
                0x0000000000000000      0x124 ./Core/Src/ILI9341.o
 .text.ILI_Reset
                0x0000000000000000       0x28 ./Core/Src/ILI9341.o
 .text.ILI_9341_init
                0x0000000000000000       0x44 ./Core/Src/ILI9341.o
 .debug_info    0x0000000000000000      0x381 ./Core/Src/ILI9341.o
 .debug_abbrev  0x0000000000000000      0x1d3 ./Core/Src/ILI9341.o
 .debug_aranges
                0x0000000000000000       0x40 ./Core/Src/ILI9341.o
 .debug_ranges  0x0000000000000000       0x30 ./Core/Src/ILI9341.o
 .debug_macro   0x0000000000000000      0x105 ./Core/Src/ILI9341.o
 .debug_macro   0x0000000000000000      0xa72 ./Core/Src/ILI9341.o
 .debug_macro   0x0000000000000000       0x22 ./Core/Src/ILI9341.o
 .debug_macro   0x0000000000000000       0x22 ./Core/Src/ILI9341.o
 .debug_macro   0x0000000000000000       0x8e ./Core/Src/ILI9341.o
 .debug_macro   0x0000000000000000       0x51 ./Core/Src/ILI9341.o
 .debug_macro   0x0000000000000000      0x103 ./Core/Src/ILI9341.o
 .debug_macro   0x0000000000000000       0x6a ./Core/Src/ILI9341.o
 .debug_macro   0x0000000000000000      0x1df ./Core/Src/ILI9341.o
 .debug_macro   0x0000000000000000       0x1c ./Core/Src/ILI9341.o
 .debug_macro   0x0000000000000000       0x22 ./Core/Src/ILI9341.o
 .debug_macro   0x0000000000000000       0xbd ./Core/Src/ILI9341.o
 .debug_macro   0x0000000000000000      0xd23 ./Core/Src/ILI9341.o
 .debug_macro   0x0000000000000000     0xe09e ./Core/Src/ILI9341.o
 .debug_macro   0x0000000000000000       0x10 ./Core/Src/ILI9341.o
 .debug_macro   0x0000000000000000       0x16 ./Core/Src/ILI9341.o
 .debug_line    0x0000000000000000      0x631 ./Core/Src/ILI9341.o
 .debug_str     0x0000000000000000    0x5408c ./Core/Src/ILI9341.o
 .comment       0x0000000000000000       0x51 ./Core/Src/ILI9341.o
 .debug_frame   0x0000000000000000       0xb4 ./Core/Src/ILI9341.o
 .ARM.attributes
                0x0000000000000000       0x2d ./Core/Src/ILI9341.o
 .group         0x0000000000000000        0xc ./Core/Src/IRQ.o
 .group         0x0000000000000000        0xc ./Core/Src/IRQ.o
 .group         0x0000000000000000        0xc ./Core/Src/IRQ.o
 .group         0x0000000000000000        0xc ./Core/Src/IRQ.o
 .group         0x0000000000000000        0xc ./Core/Src/IRQ.o
 .group         0x0000000000000000        0xc ./Core/Src/IRQ.o
 .group         0x0000000000000000        0xc ./Core/Src/IRQ.o
 .group         0x0000000000000000        0xc ./Core/Src/IRQ.o
 .group         0x0000000000000000        0xc ./Core/Src/IRQ.o
 .group         0x0000000000000000        0xc ./Core/Src/IRQ.o
 .group         0x0000000000000000        0xc ./Core/Src/IRQ.o
 .group         0x0000000000000000        0xc ./Core/Src/IRQ.o
 .group         0x0000000000000000        0xc ./Core/Src/IRQ.o
 .group         0x0000000000000000        0xc ./Core/Src/IRQ.o
 .text          0x0000000000000000        0x0 ./Core/Src/IRQ.o
 .data          0x0000000000000000        0x0 ./Core/Src/IRQ.o
 .bss           0x0000000000000000        0x0 ./Core/Src/IRQ.o
 .debug_macro   0x0000000000000000      0xa72 ./Core/Src/IRQ.o
 .debug_macro   0x0000000000000000       0x22 ./Core/Src/IRQ.o
 .debug_macro   0x0000000000000000       0x22 ./Core/Src/IRQ.o
 .debug_macro   0x0000000000000000       0x8e ./Core/Src/IRQ.o
 .debug_macro   0x0000000000000000       0x51 ./Core/Src/IRQ.o
 .debug_macro   0x0000000000000000      0x103 ./Core/Src/IRQ.o
 .debug_macro   0x0000000000000000       0x6a ./Core/Src/IRQ.o
 .debug_macro   0x0000000000000000      0x1df ./Core/Src/IRQ.o
 .debug_macro   0x0000000000000000       0x1c ./Core/Src/IRQ.o
 .debug_macro   0x0000000000000000       0x22 ./Core/Src/IRQ.o
 .debug_macro   0x0000000000000000       0xbd ./Core/Src/IRQ.o
 .debug_macro   0x0000000000000000      0xd23 ./Core/Src/IRQ.o
 .debug_macro   0x0000000000000000     0xe09e ./Core/Src/IRQ.o
 .debug_macro   0x0000000000000000       0x16 ./Core/Src/IRQ.o
 .group         0x0000000000000000        0xc ./Core/Src/LCD_1602.o
 .group         0x0000000000000000        0xc ./Core/Src/LCD_1602.o
 .group         0x0000000000000000        0xc ./Core/Src/LCD_1602.o
 .group         0x0000000000000000        0xc ./Core/Src/LCD_1602.o
 .group         0x0000000000000000        0xc ./Core/Src/LCD_1602.o
 .group         0x0000000000000000        0xc ./Core/Src/LCD_1602.o
 .group         0x0000000000000000        0xc ./Core/Src/LCD_1602.o
 .group         0x0000000000000000        0xc ./Core/Src/LCD_1602.o
 .group         0x0000000000000000        0xc ./Core/Src/LCD_1602.o
 .group         0x0000000000000000        0xc ./Core/Src/LCD_1602.o
 .group         0x0000000000000000        0xc ./Core/Src/LCD_1602.o
 .group         0x0000000000000000        0xc ./Core/Src/LCD_1602.o
 .group         0x0000000000000000        0xc ./Core/Src/LCD_1602.o
 .group         0x0000000000000000        0xc ./Core/Src/LCD_1602.o
 .group         0x0000000000000000        0xc ./Core/Src/LCD_1602.o
 .text          0x0000000000000000        0x0 ./Core/Src/LCD_1602.o
 .data          0x0000000000000000        0x0 ./Core/Src/LCD_1602.o
 .bss           0x0000000000000000        0x0 ./Core/Src/LCD_1602.o
 .debug_macro   0x0000000000000000      0xa72 ./Core/Src/LCD_1602.o
 .debug_macro   0x0000000000000000       0x22 ./Core/Src/LCD_1602.o
 .debug_macro   0x0000000000000000       0x8e ./Core/Src/LCD_1602.o
 .debug_macro   0x0000000000000000       0x51 ./Core/Src/LCD_1602.o
 .debug_macro   0x0000000000000000      0x103 ./Core/Src/LCD_1602.o
 .debug_macro   0x0000000000000000       0x6a ./Core/Src/LCD_1602.o
 .debug_macro   0x0000000000000000      0x1df ./Core/Src/LCD_1602.o
 .debug_macro   0x0000000000000000       0x2e ./Core/Src/LCD_1602.o
 .debug_macro   0x0000000000000000       0x22 ./Core/Src/LCD_1602.o
 .debug_macro   0x0000000000000000       0x1c ./Core/Src/LCD_1602.o
 .debug_macro   0x0000000000000000       0x22 ./Core/Src/LCD_1602.o
 .debug_macro   0x0000000000000000       0xbd ./Core/Src/LCD_1602.o
 .debug_macro   0x0000000000000000      0xd23 ./Core/Src/LCD_1602.o
 .debug_macro   0x0000000000000000     0xe09e ./Core/Src/LCD_1602.o
 .debug_macro   0x0000000000000000       0x43 ./Core/Src/LCD_1602.o
 .group         0x0000000000000000        0xc ./Core/Src/RCC.o
 .group         0x0000000000000000        0xc ./Core/Src/RCC.o
 .group         0x0000000000000000        0xc ./Core/Src/RCC.o
 .group         0x0000000000000000        0xc ./Core/Src/RCC.o
 .group         0x0000000000000000        0xc ./Core/Src/RCC.o
 .group         0x0000000000000000        0xc ./Core/Src/RCC.o
 .group         0x0000000000000000        0xc ./Core/Src/RCC.o
 .group         0x0000000000000000        0xc ./Core/Src/RCC.o
 .group         0x0000000000000000        0xc ./Core/Src/RCC.o
 .group         0x0000000000000000        0xc ./Core/Src/RCC.o
 .group         0x0000000000000000        0xc ./Core/Src/RCC.o
 .group         0x0000000000000000        0xc ./Core/Src/RCC.o
 .group         0x0000000000000000        0xc ./Core/Src/RCC.o
 .group         0x0000000000000000        0xc ./Core/Src/RCC.o
 .group         0x0000000000000000        0xc ./Core/Src/RCC.o
 .text          0x0000000000000000        0x0 ./Core/Src/RCC.o
 .data          0x0000000000000000        0x0 ./Core/Src/RCC.o
 .bss           0x0000000000000000        0x0 ./Core/Src/RCC.o
 .text.MCO      0x0000000000000000       0x38 ./Core/Src/RCC.o
 .debug_macro   0x0000000000000000      0xa72 ./Core/Src/RCC.o
 .debug_macro   0x0000000000000000       0x22 ./Core/Src/RCC.o
 .debug_macro   0x0000000000000000       0x22 ./Core/Src/RCC.o
 .debug_macro   0x0000000000000000       0x8e ./Core/Src/RCC.o
 .debug_macro   0x0000000000000000       0x51 ./Core/Src/RCC.o
 .debug_macro   0x0000000000000000      0x103 ./Core/Src/RCC.o
 .debug_macro   0x0000000000000000       0x6a ./Core/Src/RCC.o
 .debug_macro   0x0000000000000000      0x1df ./Core/Src/RCC.o
 .debug_macro   0x0000000000000000       0x1c ./Core/Src/RCC.o
 .debug_macro   0x0000000000000000       0x22 ./Core/Src/RCC.o
 .debug_macro   0x0000000000000000       0xbd ./Core/Src/RCC.o
 .debug_macro   0x0000000000000000      0xd23 ./Core/Src/RCC.o
 .debug_macro   0x0000000000000000     0xe09e ./Core/Src/RCC.o
 .debug_macro   0x0000000000000000       0x2e ./Core/Src/RCC.o
 .debug_macro   0x0000000000000000       0x43 ./Core/Src/RCC.o
 .group         0x0000000000000000        0xc ./Core/Src/SPI_Functions.o
 .group         0x0000000000000000        0xc ./Core/Src/SPI_Functions.o
 .group         0x0000000000000000        0xc ./Core/Src/SPI_Functions.o
 .group         0x0000000000000000        0xc ./Core/Src/SPI_Functions.o
 .group         0x0000000000000000        0xc ./Core/Src/SPI_Functions.o
 .group         0x0000000000000000        0xc ./Core/Src/SPI_Functions.o
 .group         0x0000000000000000        0xc ./Core/Src/SPI_Functions.o
 .group         0x0000000000000000        0xc ./Core/Src/SPI_Functions.o
 .group         0x0000000000000000        0xc ./Core/Src/SPI_Functions.o
 .group         0x0000000000000000        0xc ./Core/Src/SPI_Functions.o
 .group         0x0000000000000000        0xc ./Core/Src/SPI_Functions.o
 .group         0x0000000000000000        0xc ./Core/Src/SPI_Functions.o
 .group         0x0000000000000000        0xc ./Core/Src/SPI_Functions.o
 .group         0x0000000000000000        0xc ./Core/Src/SPI_Functions.o
 .text          0x0000000000000000        0x0 ./Core/Src/SPI_Functions.o
 .data          0x0000000000000000        0x0 ./Core/Src/SPI_Functions.o
 .bss           0x0000000000000000        0x0 ./Core/Src/SPI_Functions.o
 .text.SPI_init
                0x0000000000000000      0x15c ./Core/Src/SPI_Functions.o
 .text.SPI_Transmit
                0x0000000000000000      0x114 ./Core/Src/SPI_Functions.o
 .bss.timeout.0
                0x0000000000000000        0x4 ./Core/Src/SPI_Functions.o
 .debug_info    0x0000000000000000      0x384 ./Core/Src/SPI_Functions.o
 .debug_abbrev  0x0000000000000000      0x169 ./Core/Src/SPI_Functions.o
 .debug_aranges
                0x0000000000000000       0x28 ./Core/Src/SPI_Functions.o
 .debug_ranges  0x0000000000000000       0x18 ./Core/Src/SPI_Functions.o
 .debug_macro   0x0000000000000000       0xd6 ./Core/Src/SPI_Functions.o
 .debug_macro   0x0000000000000000      0xa72 ./Core/Src/SPI_Functions.o
 .debug_macro   0x0000000000000000       0x22 ./Core/Src/SPI_Functions.o
 .debug_macro   0x0000000000000000       0x22 ./Core/Src/SPI_Functions.o
 .debug_macro   0x0000000000000000       0x8e ./Core/Src/SPI_Functions.o
 .debug_macro   0x0000000000000000       0x51 ./Core/Src/SPI_Functions.o
 .debug_macro   0x0000000000000000      0x103 ./Core/Src/SPI_Functions.o
 .debug_macro   0x0000000000000000       0x6a ./Core/Src/SPI_Functions.o
 .debug_macro   0x0000000000000000      0x1df ./Core/Src/SPI_Functions.o
 .debug_macro   0x0000000000000000       0x1c ./Core/Src/SPI_Functions.o
 .debug_macro   0x0000000000000000       0x22 ./Core/Src/SPI_Functions.o
 .debug_macro   0x0000000000000000       0xbd ./Core/Src/SPI_Functions.o
 .debug_macro   0x0000000000000000      0xd23 ./Core/Src/SPI_Functions.o
 .debug_macro   0x0000000000000000     0xe09e ./Core/Src/SPI_Functions.o
 .debug_macro   0x0000000000000000       0x16 ./Core/Src/SPI_Functions.o
 .debug_line    0x0000000000000000      0x5a8 ./Core/Src/SPI_Functions.o
 .debug_str     0x0000000000000000    0x53f83 ./Core/Src/SPI_Functions.o
 .comment       0x0000000000000000       0x51 ./Core/Src/SPI_Functions.o
 .debug_frame   0x0000000000000000       0x58 ./Core/Src/SPI_Functions.o
 .ARM.attributes
                0x0000000000000000       0x2d ./Core/Src/SPI_Functions.o
 .group         0x0000000000000000        0xc ./Core/Src/basic_functions.o
 .text          0x0000000000000000        0x0 ./Core/Src/basic_functions.o
 .data          0x0000000000000000        0x0 ./Core/Src/basic_functions.o
 .bss           0x0000000000000000        0x0 ./Core/Src/basic_functions.o
 .text.SET_BIT  0x0000000000000000        0xc ./Core/Src/basic_functions.o
 .debug_info    0x0000000000000000       0x3c ./Core/Src/basic_functions.o
 .debug_abbrev  0x0000000000000000       0x2f ./Core/Src/basic_functions.o
 .debug_aranges
                0x0000000000000000       0x20 ./Core/Src/basic_functions.o
 .debug_ranges  0x0000000000000000       0x10 ./Core/Src/basic_functions.o
 .debug_macro   0x0000000000000000       0x11 ./Core/Src/basic_functions.o
 .debug_macro   0x0000000000000000      0xa72 ./Core/Src/basic_functions.o
 .debug_line    0x0000000000000000       0x50 ./Core/Src/basic_functions.o
 .debug_str     0x0000000000000000     0x2ca6 ./Core/Src/basic_functions.o
 .comment       0x0000000000000000       0x51 ./Core/Src/basic_functions.o
 .debug_frame   0x0000000000000000       0x30 ./Core/Src/basic_functions.o
 .ARM.attributes
                0x0000000000000000       0x2d ./Core/Src/basic_functions.o
 .group         0x0000000000000000        0xc ./Core/Src/main.o
 .group         0x0000000000000000        0xc ./Core/Src/main.o
 .group         0x0000000000000000        0xc ./Core/Src/main.o
 .group         0x0000000000000000        0xc ./Core/Src/main.o
 .group         0x0000000000000000        0xc ./Core/Src/main.o
 .group         0x0000000000000000        0xc ./Core/Src/main.o
 .group         0x0000000000000000        0xc ./Core/Src/main.o
 .group         0x0000000000000000        0xc ./Core/Src/main.o
 .group         0x0000000000000000        0xc ./Core/Src/main.o
 .group         0x0000000000000000        0xc ./Core/Src/main.o
 .group         0x0000000000000000        0xc ./Core/Src/main.o
 .group         0x0000000000000000        0xc ./Core/Src/main.o
 .group         0x0000000000000000        0xc ./Core/Src/main.o
 .group         0x0000000000000000        0xc ./Core/Src/main.o
 .group         0x0000000000000000        0xc ./Core/Src/main.o
 .group         0x0000000000000000        0xc ./Core/Src/main.o
 .group         0x0000000000000000        0xc ./Core/Src/main.o
 .text          0x0000000000000000        0x0 ./Core/Src/main.o
 .data          0x0000000000000000        0x0 ./Core/Src/main.o
 .bss           0x0000000000000000        0x0 ./Core/Src/main.o
 .debug_macro   0x0000000000000000      0xa72 ./Core/Src/main.o
 .debug_macro   0x0000000000000000       0x22 ./Core/Src/main.o
 .debug_macro   0x0000000000000000       0x22 ./Core/Src/main.o
 .debug_macro   0x0000000000000000       0x8e ./Core/Src/main.o
 .debug_macro   0x0000000000000000       0x51 ./Core/Src/main.o
 .debug_macro   0x0000000000000000      0x103 ./Core/Src/main.o
 .debug_macro   0x0000000000000000       0x6a ./Core/Src/main.o
 .debug_macro   0x0000000000000000      0x1df ./Core/Src/main.o
 .debug_macro   0x0000000000000000       0x1c ./Core/Src/main.o
 .debug_macro   0x0000000000000000       0x22 ./Core/Src/main.o
 .debug_macro   0x0000000000000000       0xbd ./Core/Src/main.o
 .debug_macro   0x0000000000000000      0xd23 ./Core/Src/main.o
 .debug_macro   0x0000000000000000     0xe09e ./Core/Src/main.o
 .debug_macro   0x0000000000000000       0x10 ./Core/Src/main.o
 .debug_macro   0x0000000000000000       0x16 ./Core/Src/main.o
 .debug_macro   0x0000000000000000       0x2e ./Core/Src/main.o
 .debug_macro   0x0000000000000000       0x43 ./Core/Src/main.o
 .group         0x0000000000000000        0xc ./Core/Src/timing_file.o
 .text          0x0000000000000000        0x0 ./Core/Src/timing_file.o
 .data          0x0000000000000000        0x0 ./Core/Src/timing_file.o
 .bss           0x0000000000000000        0x0 ./Core/Src/timing_file.o
 .debug_info    0x0000000000000000       0x21 ./Core/Src/timing_file.o
 .debug_abbrev  0x0000000000000000       0x13 ./Core/Src/timing_file.o
 .debug_aranges
                0x0000000000000000       0x18 ./Core/Src/timing_file.o
 .debug_macro   0x0000000000000000       0x1b ./Core/Src/timing_file.o
 .debug_macro   0x0000000000000000      0xa72 ./Core/Src/timing_file.o
 .debug_line    0x0000000000000000       0x86 ./Core/Src/timing_file.o
 .debug_str     0x0000000000000000     0x2cae ./Core/Src/timing_file.o
 .comment       0x0000000000000000       0x51 ./Core/Src/timing_file.o
 .ARM.attributes
                0x0000000000000000       0x2d ./Core/Src/timing_file.o
 .text          0x0000000000000000       0x14 ./Startup/startup_stm32f103xb.o
 .data          0x0000000000000000        0x0 ./Startup/startup_stm32f103xb.o
 .bss           0x0000000000000000        0x0 ./Startup/startup_stm32f103xb.o
 .text          0x0000000000000000        0x0 c:/programs/st/stm32cubeide_1.11.0/stm32cubeide/plugins/com.st.stm32cube.ide.mcu.externaltools.gnu-tools-for-stm32.10.3-2021.10.win32_1.0.100.202210260954/tools/bin/../lib/gcc/arm-none-eabi/10.3.1/../../../../arm-none-eabi/lib/thumb/v7-m/nofp\libc_nano.a(lib_a-exit.o)
 .data          0x0000000000000000        0x0 c:/programs/st/stm32cubeide_1.11.0/stm32cubeide/plugins/com.st.stm32cube.ide.mcu.externaltools.gnu-tools-for-stm32.10.3-2021.10.win32_1.0.100.202210260954/tools/bin/../lib/gcc/arm-none-eabi/10.3.1/../../../../arm-none-eabi/lib/thumb/v7-m/nofp\libc_nano.a(lib_a-exit.o)
 .bss           0x0000000000000000        0x0 c:/programs/st/stm32cubeide_1.11.0/stm32cubeide/plugins/com.st.stm32cube.ide.mcu.externaltools.gnu-tools-for-stm32.10.3-2021.10.win32_1.0.100.202210260954/tools/bin/../lib/gcc/arm-none-eabi/10.3.1/../../../../arm-none-eabi/lib/thumb/v7-m/nofp\libc_nano.a(lib_a-exit.o)
 .text.exit     0x0000000000000000       0x28 c:/programs/st/stm32cubeide_1.11.0/stm32cubeide/plugins/com.st.stm32cube.ide.mcu.externaltools.gnu-tools-for-stm32.10.3-2021.10.win32_1.0.100.202210260954/tools/bin/../lib/gcc/arm-none-eabi/10.3.1/../../../../arm-none-eabi/lib/thumb/v7-m/nofp\libc_nano.a(lib_a-exit.o)
 .debug_frame   0x0000000000000000       0x28 c:/programs/st/stm32cubeide_1.11.0/stm32cubeide/plugins/com.st.stm32cube.ide.mcu.externaltools.gnu-tools-for-stm32.10.3-2021.10.win32_1.0.100.202210260954/tools/bin/../lib/gcc/arm-none-eabi/10.3.1/../../../../arm-none-eabi/lib/thumb/v7-m/nofp\libc_nano.a(lib_a-exit.o)
 .ARM.attributes
                0x0000000000000000       0x2d c:/programs/st/stm32cubeide_1.11.0/stm32cubeide/plugins/com.st.stm32cube.ide.mcu.externaltools.gnu-tools-for-stm32.10.3-2021.10.win32_1.0.100.202210260954/tools/bin/../lib/gcc/arm-none-eabi/10.3.1/../../../../arm-none-eabi/lib/thumb/v7-m/nofp\libc_nano.a(lib_a-exit.o)
 .text          0x0000000000000000        0x0 c:/programs/st/stm32cubeide_1.11.0/stm32cubeide/plugins/com.st.stm32cube.ide.mcu.externaltools.gnu-tools-for-stm32.10.3-2021.10.win32_1.0.100.202210260954/tools/bin/../lib/gcc/arm-none-eabi/10.3.1/../../../../arm-none-eabi/lib/thumb/v7-m/nofp\libc_nano.a(lib_a-impure.o)
 .data          0x0000000000000000        0x0 c:/programs/st/stm32cubeide_1.11.0/stm32cubeide/plugins/com.st.stm32cube.ide.mcu.externaltools.gnu-tools-for-stm32.10.3-2021.10.win32_1.0.100.202210260954/tools/bin/../lib/gcc/arm-none-eabi/10.3.1/../../../../arm-none-eabi/lib/thumb/v7-m/nofp\libc_nano.a(lib_a-impure.o)
 .bss           0x0000000000000000        0x0 c:/programs/st/stm32cubeide_1.11.0/stm32cubeide/plugins/com.st.stm32cube.ide.mcu.externaltools.gnu-tools-for-stm32.10.3-2021.10.win32_1.0.100.202210260954/tools/bin/../lib/gcc/arm-none-eabi/10.3.1/../../../../arm-none-eabi/lib/thumb/v7-m/nofp\libc_nano.a(lib_a-impure.o)
 .data._impure_ptr
                0x0000000000000000        0x4 c:/programs/st/stm32cubeide_1.11.0/stm32cubeide/plugins/com.st.stm32cube.ide.mcu.externaltools.gnu-tools-for-stm32.10.3-2021.10.win32_1.0.100.202210260954/tools/bin/../lib/gcc/arm-none-eabi/10.3.1/../../../../arm-none-eabi/lib/thumb/v7-m/nofp\libc_nano.a(lib_a-impure.o)
 .data.impure_data
                0x0000000000000000       0x60 c:/programs/st/stm32cubeide_1.11.0/stm32cubeide/plugins/com.st.stm32cube.ide.mcu.externaltools.gnu-tools-for-stm32.10.3-2021.10.win32_1.0.100.202210260954/tools/bin/../lib/gcc/arm-none-eabi/10.3.1/../../../../arm-none-eabi/lib/thumb/v7-m/nofp\libc_nano.a(lib_a-impure.o)
 .rodata._global_impure_ptr
                0x0000000000000000        0x4 c:/programs/st/stm32cubeide_1.11.0/stm32cubeide/plugins/com.st.stm32cube.ide.mcu.externaltools.gnu-tools-for-stm32.10.3-2021.10.win32_1.0.100.202210260954/tools/bin/../lib/gcc/arm-none-eabi/10.3.1/../../../../arm-none-eabi/lib/thumb/v7-m/nofp\libc_nano.a(lib_a-impure.o)
 .ARM.attributes
                0x0000000000000000       0x2d c:/programs/st/stm32cubeide_1.11.0/stm32cubeide/plugins/com.st.stm32cube.ide.mcu.externaltools.gnu-tools-for-stm32.10.3-2021.10.win32_1.0.100.202210260954/tools/bin/../lib/gcc/arm-none-eabi/10.3.1/../../../../arm-none-eabi/lib/thumb/v7-m/nofp\libc_nano.a(lib_a-impure.o)
 .text          0x0000000000000000        0x0 c:/programs/st/stm32cubeide_1.11.0/stm32cubeide/plugins/com.st.stm32cube.ide.mcu.externaltools.gnu-tools-for-stm32.10.3-2021.10.win32_1.0.100.202210260954/tools/bin/../lib/gcc/arm-none-eabi/10.3.1/../../../../arm-none-eabi/lib/thumb/v7-m/nofp\libc_nano.a(lib_a-init.o)
 .data          0x0000000000000000        0x0 c:/programs/st/stm32cubeide_1.11.0/stm32cubeide/plugins/com.st.stm32cube.ide.mcu.externaltools.gnu-tools-for-stm32.10.3-2021.10.win32_1.0.100.202210260954/tools/bin/../lib/gcc/arm-none-eabi/10.3.1/../../../../arm-none-eabi/lib/thumb/v7-m/nofp\libc_nano.a(lib_a-init.o)
 .bss           0x0000000000000000        0x0 c:/programs/st/stm32cubeide_1.11.0/stm32cubeide/plugins/com.st.stm32cube.ide.mcu.externaltools.gnu-tools-for-stm32.10.3-2021.10.win32_1.0.100.202210260954/tools/bin/../lib/gcc/arm-none-eabi/10.3.1/../../../../arm-none-eabi/lib/thumb/v7-m/nofp\libc_nano.a(lib_a-init.o)
 .text          0x0000000000000000        0x0 c:/programs/st/stm32cubeide_1.11.0/stm32cubeide/plugins/com.st.stm32cube.ide.mcu.externaltools.gnu-tools-for-stm32.10.3-2021.10.win32_1.0.100.202210260954/tools/bin/../lib/gcc/arm-none-eabi/10.3.1/../../../../arm-none-eabi/lib/thumb/v7-m/nofp\libc_nano.a(lib_a-memset.o)
 .data          0x0000000000000000        0x0 c:/programs/st/stm32cubeide_1.11.0/stm32cubeide/plugins/com.st.stm32cube.ide.mcu.externaltools.gnu-tools-for-stm32.10.3-2021.10.win32_1.0.100.202210260954/tools/bin/../lib/gcc/arm-none-eabi/10.3.1/../../../../arm-none-eabi/lib/thumb/v7-m/nofp\libc_nano.a(lib_a-memset.o)
 .bss           0x0000000000000000        0x0 c:/programs/st/stm32cubeide_1.11.0/stm32cubeide/plugins/com.st.stm32cube.ide.mcu.externaltools.gnu-tools-for-stm32.10.3-2021.10.win32_1.0.100.202210260954/tools/bin/../lib/gcc/arm-none-eabi/10.3.1/../../../../arm-none-eabi/lib/thumb/v7-m/nofp\libc_nano.a(lib_a-memset.o)
 .text.memset   0x0000000000000000       0x10 c:/programs/st/stm32cubeide_1.11.0/stm32cubeide/plugins/com.st.stm32cube.ide.mcu.externaltools.gnu-tools-for-stm32.10.3-2021.10.win32_1.0.100.202210260954/tools/bin/../lib/gcc/arm-none-eabi/10.3.1/../../../../arm-none-eabi/lib/thumb/v7-m/nofp\libc_nano.a(lib_a-memset.o)
 .debug_frame   0x0000000000000000       0x20 c:/programs/st/stm32cubeide_1.11.0/stm32cubeide/plugins/com.st.stm32cube.ide.mcu.externaltools.gnu-tools-for-stm32.10.3-2021.10.win32_1.0.100.202210260954/tools/bin/../lib/gcc/arm-none-eabi/10.3.1/../../../../arm-none-eabi/lib/thumb/v7-m/nofp\libc_nano.a(lib_a-memset.o)
 .ARM.attributes
                0x0000000000000000       0x2d c:/programs/st/stm32cubeide_1.11.0/stm32cubeide/plugins/com.st.stm32cube.ide.mcu.externaltools.gnu-tools-for-stm32.10.3-2021.10.win32_1.0.100.202210260954/tools/bin/../lib/gcc/arm-none-eabi/10.3.1/../../../../arm-none-eabi/lib/thumb/v7-m/nofp\libc_nano.a(lib_a-memset.o)
 .text          0x0000000000000000        0x0 c:/programs/st/stm32cubeide_1.11.0/stm32cubeide/plugins/com.st.stm32cube.ide.mcu.externaltools.gnu-tools-for-stm32.10.3-2021.10.win32_1.0.100.202210260954/tools/bin/../lib/gcc/arm-none-eabi/10.3.1/../../../../arm-none-eabi/lib/thumb/v7-m/nofp\libnosys.a(_exit.o)
 .data          0x0000000000000000        0x0 c:/programs/st/stm32cubeide_1.11.0/stm32cubeide/plugins/com.st.stm32cube.ide.mcu.externaltools.gnu-tools-for-stm32.10.3-2021.10.win32_1.0.100.202210260954/tools/bin/../lib/gcc/arm-none-eabi/10.3.1/../../../../arm-none-eabi/lib/thumb/v7-m/nofp\libnosys.a(_exit.o)
 .bss           0x0000000000000000        0x0 c:/programs/st/stm32cubeide_1.11.0/stm32cubeide/plugins/com.st.stm32cube.ide.mcu.externaltools.gnu-tools-for-stm32.10.3-2021.10.win32_1.0.100.202210260954/tools/bin/../lib/gcc/arm-none-eabi/10.3.1/../../../../arm-none-eabi/lib/thumb/v7-m/nofp\libnosys.a(_exit.o)
 .text._exit    0x0000000000000000        0x2 c:/programs/st/stm32cubeide_1.11.0/stm32cubeide/plugins/com.st.stm32cube.ide.mcu.externaltools.gnu-tools-for-stm32.10.3-2021.10.win32_1.0.100.202210260954/tools/bin/../lib/gcc/arm-none-eabi/10.3.1/../../../../arm-none-eabi/lib/thumb/v7-m/nofp\libnosys.a(_exit.o)
 .debug_frame   0x0000000000000000       0x20 c:/programs/st/stm32cubeide_1.11.0/stm32cubeide/plugins/com.st.stm32cube.ide.mcu.externaltools.gnu-tools-for-stm32.10.3-2021.10.win32_1.0.100.202210260954/tools/bin/../lib/gcc/arm-none-eabi/10.3.1/../../../../arm-none-eabi/lib/thumb/v7-m/nofp\libnosys.a(_exit.o)
 .ARM.attributes
                0x0000000000000000       0x2d c:/programs/st/stm32cubeide_1.11.0/stm32cubeide/plugins/com.st.stm32cube.ide.mcu.externaltools.gnu-tools-for-stm32.10.3-2021.10.win32_1.0.100.202210260954/tools/bin/../lib/gcc/arm-none-eabi/10.3.1/../../../../arm-none-eabi/lib/thumb/v7-m/nofp\libnosys.a(_exit.o)
 .text          0x0000000000000000        0x0 c:/programs/st/stm32cubeide_1.11.0/stm32cubeide/plugins/com.st.stm32cube.ide.mcu.externaltools.gnu-tools-for-stm32.10.3-2021.10.win32_1.0.100.202210260954/tools/bin/../lib/gcc/arm-none-eabi/10.3.1/thumb/v7-m/nofp/crtend.o
 .data          0x0000000000000000        0x0 c:/programs/st/stm32cubeide_1.11.0/stm32cubeide/plugins/com.st.stm32cube.ide.mcu.externaltools.gnu-tools-for-stm32.10.3-2021.10.win32_1.0.100.202210260954/tools/bin/../lib/gcc/arm-none-eabi/10.3.1/thumb/v7-m/nofp/crtend.o
 .bss           0x0000000000000000        0x0 c:/programs/st/stm32cubeide_1.11.0/stm32cubeide/plugins/com.st.stm32cube.ide.mcu.externaltools.gnu-tools-for-stm32.10.3-2021.10.win32_1.0.100.202210260954/tools/bin/../lib/gcc/arm-none-eabi/10.3.1/thumb/v7-m/nofp/crtend.o
 .rodata        0x0000000000000000       0x24 c:/programs/st/stm32cubeide_1.11.0/stm32cubeide/plugins/com.st.stm32cube.ide.mcu.externaltools.gnu-tools-for-stm32.10.3-2021.10.win32_1.0.100.202210260954/tools/bin/../lib/gcc/arm-none-eabi/10.3.1/thumb/v7-m/nofp/crtend.o
 .eh_frame      0x0000000000000000        0x4 c:/programs/st/stm32cubeide_1.11.0/stm32cubeide/plugins/com.st.stm32cube.ide.mcu.externaltools.gnu-tools-for-stm32.10.3-2021.10.win32_1.0.100.202210260954/tools/bin/../lib/gcc/arm-none-eabi/10.3.1/thumb/v7-m/nofp/crtend.o
 .ARM.attributes
                0x0000000000000000       0x2d c:/programs/st/stm32cubeide_1.11.0/stm32cubeide/plugins/com.st.stm32cube.ide.mcu.externaltools.gnu-tools-for-stm32.10.3-2021.10.win32_1.0.100.202210260954/tools/bin/../lib/gcc/arm-none-eabi/10.3.1/thumb/v7-m/nofp/crtend.o
 .text          0x0000000000000000        0x0 c:/programs/st/stm32cubeide_1.11.0/stm32cubeide/plugins/com.st.stm32cube.ide.mcu.externaltools.gnu-tools-for-stm32.10.3-2021.10.win32_1.0.100.202210260954/tools/bin/../lib/gcc/arm-none-eabi/10.3.1/thumb/v7-m/nofp/crtn.o
 .data          0x0000000000000000        0x0 c:/programs/st/stm32cubeide_1.11.0/stm32cubeide/plugins/com.st.stm32cube.ide.mcu.externaltools.gnu-tools-for-stm32.10.3-2021.10.win32_1.0.100.202210260954/tools/bin/../lib/gcc/arm-none-eabi/10.3.1/thumb/v7-m/nofp/crtn.o
 .bss           0x0000000000000000        0x0 c:/programs/st/stm32cubeide_1.11.0/stm32cubeide/plugins/com.st.stm32cube.ide.mcu.externaltools.gnu-tools-for-stm32.10.3-2021.10.win32_1.0.100.202210260954/tools/bin/../lib/gcc/arm-none-eabi/10.3.1/thumb/v7-m/nofp/crtn.o

Memory Configuration

Name             Origin             Length             Attributes
RAM              0x0000000020000000 0x0000000000005000 xrw
FLASH            0x0000000008000000 0x0000000000010000 xr
*default*        0x0000000000000000 0xffffffffffffffff

Linker script and memory map

LOAD c:/programs/st/stm32cubeide_1.11.0/stm32cubeide/plugins/com.st.stm32cube.ide.mcu.externaltools.gnu-tools-for-stm32.10.3-2021.10.win32_1.0.100.202210260954/tools/bin/../lib/gcc/arm-none-eabi/10.3.1/thumb/v7-m/nofp/crti.o
LOAD c:/programs/st/stm32cubeide_1.11.0/stm32cubeide/plugins/com.st.stm32cube.ide.mcu.externaltools.gnu-tools-for-stm32.10.3-2021.10.win32_1.0.100.202210260954/tools/bin/../lib/gcc/arm-none-eabi/10.3.1/thumb/v7-m/nofp/crtbegin.o
LOAD c:/programs/st/stm32cubeide_1.11.0/stm32cubeide/plugins/com.st.stm32cube.ide.mcu.externaltools.gnu-tools-for-stm32.10.3-2021.10.win32_1.0.100.202210260954/tools/bin/../lib/gcc/arm-none-eabi/10.3.1/../../../../arm-none-eabi/lib/thumb/v7-m/nofp/crt0.o
LOAD ./CMSIS/src/system_stm32f1xx.o
LOAD ./Core/Src/I2C.o
LOAD ./Core/Src/ILI9341.o
LOAD ./Core/Src/IRQ.o
LOAD ./Core/Src/LCD_1602.o
LOAD ./Core/Src/RCC.o
LOAD ./Core/Src/SPI_Functions.o
LOAD ./Core/Src/basic_functions.o
LOAD ./Core/Src/main.o
LOAD ./Core/Src/timing_file.o
LOAD ./Startup/startup_stm32f103xb.o
START GROUP
LOAD c:/programs/st/stm32cubeide_1.11.0/stm32cubeide/plugins/com.st.stm32cube.ide.mcu.externaltools.gnu-tools-for-stm32.10.3-2021.10.win32_1.0.100.202210260954/tools/bin/../lib/gcc/arm-none-eabi/10.3.1/../../../../arm-none-eabi/lib/thumb/v7-m/nofp\libc_nano.a
LOAD c:/programs/st/stm32cubeide_1.11.0/stm32cubeide/plugins/com.st.stm32cube.ide.mcu.externaltools.gnu-tools-for-stm32.10.3-2021.10.win32_1.0.100.202210260954/tools/bin/../lib/gcc/arm-none-eabi/10.3.1/../../../../arm-none-eabi/lib/thumb/v7-m/nofp\libm.a
END GROUP
START GROUP
LOAD c:/programs/st/stm32cubeide_1.11.0/stm32cubeide/plugins/com.st.stm32cube.ide.mcu.externaltools.gnu-tools-for-stm32.10.3-2021.10.win32_1.0.100.202210260954/tools/bin/../lib/gcc/arm-none-eabi/10.3.1/thumb/v7-m/nofp\libgcc.a
LOAD c:/programs/st/stm32cubeide_1.11.0/stm32cubeide/plugins/com.st.stm32cube.ide.mcu.externaltools.gnu-tools-for-stm32.10.3-2021.10.win32_1.0.100.202210260954/tools/bin/../lib/gcc/arm-none-eabi/10.3.1/../../../../arm-none-eabi/lib/thumb/v7-m/nofp\libc_nano.a
END GROUP
START GROUP
LOAD c:/programs/st/stm32cubeide_1.11.0/stm32cubeide/plugins/com.st.stm32cube.ide.mcu.externaltools.gnu-tools-for-stm32.10.3-2021.10.win32_1.0.100.202210260954/tools/bin/../lib/gcc/arm-none-eabi/10.3.1/thumb/v7-m/nofp\libgcc.a
LOAD c:/programs/st/stm32cubeide_1.11.0/stm32cubeide/plugins/com.st.stm32cube.ide.mcu.externaltools.gnu-tools-for-stm32.10.3-2021.10.win32_1.0.100.202210260954/tools/bin/../lib/gcc/arm-none-eabi/10.3.1/../../../../arm-none-eabi/lib/thumb/v7-m/nofp\libc_nano.a
LOAD c:/programs/st/stm32cubeide_1.11.0/stm32cubeide/plugins/com.st.stm32cube.ide.mcu.externaltools.gnu-tools-for-stm32.10.3-2021.10.win32_1.0.100.202210260954/tools/bin/../lib/gcc/arm-none-eabi/10.3.1/../../../../arm-none-eabi/lib/thumb/v7-m/nofp\libnosys.a
END GROUP
START GROUP
LOAD c:/programs/st/stm32cubeide_1.11.0/stm32cubeide/plugins/com.st.stm32cube.ide.mcu.externaltools.gnu-tools-for-stm32.10.3-2021.10.win32_1.0.100.202210260954/tools/bin/../lib/gcc/arm-none-eabi/10.3.1/thumb/v7-m/nofp\libgcc.a
LOAD c:/programs/st/stm32cubeide_1.11.0/stm32cubeide/plugins/com.st.stm32cube.ide.mcu.externaltools.gnu-tools-for-stm32.10.3-2021.10.win32_1.0.100.202210260954/tools/bin/../lib/gcc/arm-none-eabi/10.3.1/../../../../arm-none-eabi/lib/thumb/v7-m/nofp\libc_nano.a
LOAD c:/programs/st/stm32cubeide_1.11.0/stm32cubeide/plugins/com.st.stm32cube.ide.mcu.externaltools.gnu-tools-for-stm32.10.3-2021.10.win32_1.0.100.202210260954/tools/bin/../lib/gcc/arm-none-eabi/10.3.1/../../../../arm-none-eabi/lib/thumb/v7-m/nofp\libnosys.a
END GROUP
LOAD c:/programs/st/stm32cubeide_1.11.0/stm32cubeide/plugins/com.st.stm32cube.ide.mcu.externaltools.gnu-tools-for-stm32.10.3-2021.10.win32_1.0.100.202210260954/tools/bin/../lib/gcc/arm-none-eabi/10.3.1/thumb/v7-m/nofp/crtend.o
LOAD c:/programs/st/stm32cubeide_1.11.0/stm32cubeide/plugins/com.st.stm32cube.ide.mcu.externaltools.gnu-tools-for-stm32.10.3-2021.10.win32_1.0.100.202210260954/tools/bin/../lib/gcc/arm-none-eabi/10.3.1/thumb/v7-m/nofp/crtn.o
                0x0000000020005000                _estack = (ORIGIN (RAM) + LENGTH (RAM))
                0x0000000000000200                _Min_Heap_Size = 0x200
                0x0000000000000400                _Min_Stack_Size = 0x400

.isr_vector     0x0000000008000000      0x10c
                0x0000000008000000                . = ALIGN (0x4)
 *(.isr_vector)
 .isr_vector    0x0000000008000000      0x10c ./Startup/startup_stm32f103xb.o
                0x0000000008000000                g_pfnVectors
                0x000000000800010c                . = ALIGN (0x4)

.text           0x000000000800010c      0x9b0
                0x000000000800010c                . = ALIGN (0x4)
 *(.text)
 .text          0x000000000800010c       0x40 c:/programs/st/stm32cubeide_1.11.0/stm32cubeide/plugins/com.st.stm32cube.ide.mcu.externaltools.gnu-tools-for-stm32.10.3-2021.10.win32_1.0.100.202210260954/tools/bin/../lib/gcc/arm-none-eabi/10.3.1/thumb/v7-m/nofp/crtbegin.o
 *(.text*)
 .text.SystemInit
                0x000000000800014c        0xc ./CMSIS/src/system_stm32f1xx.o
                0x000000000800014c                SystemInit
 .text.I2C_init
                0x0000000008000158       0xd0 ./Core/Src/I2C.o
                0x0000000008000158                I2C_init
 .text.delay_time
                0x0000000008000228       0x3c ./Core/Src/IRQ.o
                0x0000000008000228                delay_time
 .text.GetTick  0x0000000008000264       0x14 ./Core/Src/IRQ.o
                0x0000000008000264                GetTick
 .text.SysTick_Handler
                0x0000000008000278       0x1c ./Core/Src/IRQ.o
                0x0000000008000278                SysTick_Handler
 .text.TIM3_IRQHandler
                0x0000000008000294       0x80 ./Core/Src/IRQ.o
                0x0000000008000294                TIM3_IRQHandler
 .text.DMA1_Channel1_IRQHandler
                0x0000000008000314       0x54 ./Core/Src/IRQ.o
                0x0000000008000314                DMA1_Channel1_IRQHandler
 .text.LCD_SendInternal
                0x0000000008000368       0x6c ./Core/Src/LCD_1602.o
                0x0000000008000368                LCD_SendInternal
 .text.LCD_SendCommand
                0x00000000080003d4       0x24 ./Core/Src/LCD_1602.o
                0x00000000080003d4                LCD_SendCommand
 .text.LCD_SendData
                0x00000000080003f8       0x24 ./Core/Src/LCD_1602.o
                0x00000000080003f8                LCD_SendData
 .text.LCD_SendString
                0x000000000800041c       0x34 ./Core/Src/LCD_1602.o
                0x000000000800041c                LCD_SendString
 .text.I2C_Scan
                0x0000000008000450       0x3c ./Core/Src/LCD_1602.o
                0x0000000008000450                I2C_Scan
 .text.LCD_Init
                0x000000000800048c       0x3a ./Core/Src/LCD_1602.o
                0x000000000800048c                LCD_Init
 *fill*         0x00000000080004c6        0x2 
 .text.LCD_1602_init
                0x00000000080004c8       0x3c ./Core/Src/LCD_1602.o
                0x00000000080004c8                LCD_1602_init
 .text.__NVIC_EnableIRQ
                0x0000000008000504       0x38 ./Core/Src/RCC.o
 .text.RCC_init
                0x000000000800053c      0x10c ./Core/Src/RCC.o
                0x000000000800053c                RCC_init
 .text.Sys_clock
                0x0000000008000648       0x68 ./Core/Src/RCC.o
                0x0000000008000648                Sys_clock
 .text.TIMx_init
                0x00000000080006b0       0xf4 ./Core/Src/RCC.o
                0x00000000080006b0                TIMx_init
 .text.__NVIC_EnableIRQ
                0x00000000080007a4       0x38 ./Core/Src/main.o
 .text.main     0x00000000080007dc       0x44 ./Core/Src/main.o
                0x00000000080007dc                main
 .text.GPIO_init
                0x0000000008000820       0x5c ./Core/Src/main.o
                0x0000000008000820                GPIO_init
 .text.ADC_DMA_Init
                0x000000000800087c       0xcc ./Core/Src/main.o
                0x000000000800087c                ADC_DMA_Init
 .text.ADC_Init
                0x0000000008000948       0xc8 ./Core/Src/main.o
                0x0000000008000948                ADC_Init
 .text.Reset_Handler
                0x0000000008000a10       0x48 ./Startup/startup_stm32f103xb.o
                0x0000000008000a10                Reset_Handler
 .text.Default_Handler
                0x0000000008000a58        0x2 ./Startup/startup_stm32f103xb.o
                0x0000000008000a58                RTC_Alarm_IRQHandler
                0x0000000008000a58                EXTI2_IRQHandler
                0x0000000008000a58                DebugMon_Handler
                0x0000000008000a58                TIM1_CC_IRQHandler
                0x0000000008000a58                HardFault_Handler
                0x0000000008000a58                PVD_IRQHandler
                0x0000000008000a58                PendSV_Handler
                0x0000000008000a58                NMI_Handler
                0x0000000008000a58                EXTI3_IRQHandler
                0x0000000008000a58                EXTI0_IRQHandler
                0x0000000008000a58                I2C2_EV_IRQHandler
                0x0000000008000a58                UsageFault_Handler
                0x0000000008000a58                ADC1_2_IRQHandler
                0x0000000008000a58                SPI1_IRQHandler
                0x0000000008000a58                TAMPER_IRQHandler
                0x0000000008000a58                DMA1_Channel4_IRQHandler
                0x0000000008000a58                USART3_IRQHandler
                0x0000000008000a58                RTC_IRQHandler
                0x0000000008000a58                DMA1_Channel7_IRQHandler
                0x0000000008000a58                CAN1_RX1_IRQHandler
                0x0000000008000a58                TIM4_IRQHandler
                0x0000000008000a58                I2C1_EV_IRQHandler
                0x0000000008000a58                DMA1_Channel6_IRQHandler
                0x0000000008000a58                RCC_IRQHandler
                0x0000000008000a58                TIM1_TRG_COM_IRQHandler
                0x0000000008000a58                Default_Handler
                0x0000000008000a58                EXTI15_10_IRQHandler
                0x0000000008000a58                EXTI9_5_IRQHandler
                0x0000000008000a58                SPI2_IRQHandler
                0x0000000008000a58                MemManage_Handler
                0x0000000008000a58                SVC_Handler
                0x0000000008000a58                DMA1_Channel5_IRQHandler
                0x0000000008000a58                EXTI4_IRQHandler
                0x0000000008000a58                USB_LP_CAN1_RX0_IRQHandler
                0x0000000008000a58                USB_HP_CAN1_TX_IRQHandler
                0x0000000008000a58                DMA1_Channel3_IRQHandler
                0x0000000008000a58                TIM1_UP_IRQHandler
                0x0000000008000a58                WWDG_IRQHandler
                0x0000000008000a58                TIM2_IRQHandler
                0x0000000008000a58                TIM1_BRK_IRQHandler
                0x0000000008000a58                EXTI1_IRQHandler
                0x0000000008000a58                USART2_IRQHandler
                0x0000000008000a58                I2C2_ER_IRQHandler
                0x0000000008000a58                DMA1_Channel2_IRQHandler
                0x0000000008000a58                CAN1_SCE_IRQHandler
                0x0000000008000a58                FLASH_IRQHandler
                0x0000000008000a58                BusFault_Handler
                0x0000000008000a58                USART1_IRQHandler
                0x0000000008000a58                I2C1_ER_IRQHandler
                0x0000000008000a58                USBWakeUp_IRQHandler
 *fill*         0x0000000008000a5a        0x2 
 .text.__libc_init_array
                0x0000000008000a5c       0x48 c:/programs/st/stm32cubeide_1.11.0/stm32cubeide/plugins/com.st.stm32cube.ide.mcu.externaltools.gnu-tools-for-stm32.10.3-2021.10.win32_1.0.100.202210260954/tools/bin/../lib/gcc/arm-none-eabi/10.3.1/../../../../arm-none-eabi/lib/thumb/v7-m/nofp\libc_nano.a(lib_a-init.o)
                0x0000000008000a5c                __libc_init_array
 *(.glue_7)
 .glue_7        0x0000000008000aa4        0x0 linker stubs
 *(.glue_7t)
 .glue_7t       0x0000000008000aa4        0x0 linker stubs
 *(.eh_frame)
 .eh_frame      0x0000000008000aa4        0x0 c:/programs/st/stm32cubeide_1.11.0/stm32cubeide/plugins/com.st.stm32cube.ide.mcu.externaltools.gnu-tools-for-stm32.10.3-2021.10.win32_1.0.100.202210260954/tools/bin/../lib/gcc/arm-none-eabi/10.3.1/thumb/v7-m/nofp/crtbegin.o
 *(.init)
 .init          0x0000000008000aa4        0x4 c:/programs/st/stm32cubeide_1.11.0/stm32cubeide/plugins/com.st.stm32cube.ide.mcu.externaltools.gnu-tools-for-stm32.10.3-2021.10.win32_1.0.100.202210260954/tools/bin/../lib/gcc/arm-none-eabi/10.3.1/thumb/v7-m/nofp/crti.o
                0x0000000008000aa4                _init
 .init          0x0000000008000aa8        0x8 c:/programs/st/stm32cubeide_1.11.0/stm32cubeide/plugins/com.st.stm32cube.ide.mcu.externaltools.gnu-tools-for-stm32.10.3-2021.10.win32_1.0.100.202210260954/tools/bin/../lib/gcc/arm-none-eabi/10.3.1/thumb/v7-m/nofp/crtn.o
 *(.fini)
 .fini          0x0000000008000ab0        0x4 c:/programs/st/stm32cubeide_1.11.0/stm32cubeide/plugins/com.st.stm32cube.ide.mcu.externaltools.gnu-tools-for-stm32.10.3-2021.10.win32_1.0.100.202210260954/tools/bin/../lib/gcc/arm-none-eabi/10.3.1/thumb/v7-m/nofp/crti.o
                0x0000000008000ab0                _fini
 .fini          0x0000000008000ab4        0x8 c:/programs/st/stm32cubeide_1.11.0/stm32cubeide/plugins/com.st.stm32cube.ide.mcu.externaltools.gnu-tools-for-stm32.10.3-2021.10.win32_1.0.100.202210260954/tools/bin/../lib/gcc/arm-none-eabi/10.3.1/thumb/v7-m/nofp/crtn.o
                0x0000000008000abc                . = ALIGN (0x4)
                0x0000000008000abc                _etext = .

.vfp11_veneer   0x0000000008000abc        0x0
 .vfp11_veneer  0x0000000008000abc        0x0 linker stubs

.v4_bx          0x0000000008000abc        0x0
 .v4_bx         0x0000000008000abc        0x0 linker stubs

.iplt           0x0000000008000abc        0x0
 .iplt          0x0000000008000abc        0x0 c:/programs/st/stm32cubeide_1.11.0/stm32cubeide/plugins/com.st.stm32cube.ide.mcu.externaltools.gnu-tools-for-stm32.10.3-2021.10.win32_1.0.100.202210260954/tools/bin/../lib/gcc/arm-none-eabi/10.3.1/thumb/v7-m/nofp/crtbegin.o

.rodata         0x0000000008000abc       0x38
                0x0000000008000abc                . = ALIGN (0x4)
 *(.rodata)
 .rodata        0x0000000008000abc       0x37 ./Core/Src/LCD_1602.o
 *(.rodata*)
                0x0000000008000af4                . = ALIGN (0x4)
 *fill*         0x0000000008000af3        0x1 

.rel.dyn        0x0000000008000af4        0x0
 .rel.iplt      0x0000000008000af4        0x0 c:/programs/st/stm32cubeide_1.11.0/stm32cubeide/plugins/com.st.stm32cube.ide.mcu.externaltools.gnu-tools-for-stm32.10.3-2021.10.win32_1.0.100.202210260954/tools/bin/../lib/gcc/arm-none-eabi/10.3.1/thumb/v7-m/nofp/crtbegin.o

.ARM.extab      0x0000000008000af4        0x0
                0x0000000008000af4                . = ALIGN (0x4)
 *(.ARM.extab* .gnu.linkonce.armextab.*)
                0x0000000008000af4                . = ALIGN (0x4)

.ARM            0x0000000008000af4        0x0
                0x0000000008000af4                . = ALIGN (0x4)
                0x0000000008000af4                __exidx_start = .
 *(.ARM.exidx*)
                0x0000000008000af4                __exidx_end = .
                0x0000000008000af4                . = ALIGN (0x4)

.preinit_array  0x0000000008000af4        0x0
                0x0000000008000af4                . = ALIGN (0x4)
                0x0000000008000af4                PROVIDE (__preinit_array_start = .)
 *(.preinit_array*)
                0x0000000008000af4                PROVIDE (__preinit_array_end = .)
                0x0000000008000af4                . = ALIGN (0x4)

.init_array     0x0000000008000af4        0x4
                0x0000000008000af4                . = ALIGN (0x4)
                0x0000000008000af4                PROVIDE (__init_array_start = .)
 *(SORT_BY_NAME(.init_array.*))
 *(.init_array*)
 .init_array    0x0000000008000af4        0x4 c:/programs/st/stm32cubeide_1.11.0/stm32cubeide/plugins/com.st.stm32cube.ide.mcu.externaltools.gnu-tools-for-stm32.10.3-2021.10.win32_1.0.100.202210260954/tools/bin/../lib/gcc/arm-none-eabi/10.3.1/thumb/v7-m/nofp/crtbegin.o
                0x0000000008000af8                PROVIDE (__init_array_end = .)
                0x0000000008000af8                . = ALIGN (0x4)

.fini_array     0x0000000008000af8        0x4
                0x0000000008000af8                . = ALIGN (0x4)
                [!provide]                        PROVIDE (__fini_array_start = .)
 *(SORT_BY_NAME(.fini_array.*))
 *(.fini_array*)
 .fini_array    0x0000000008000af8        0x4 c:/programs/st/stm32cubeide_1.11.0/stm32cubeide/plugins/com.st.stm32cube.ide.mcu.externaltools.gnu-tools-for-stm32.10.3-2021.10.win32_1.0.100.202210260954/tools/bin/../lib/gcc/arm-none-eabi/10.3.1/thumb/v7-m/nofp/crtbegin.o
                [!provide]                        PROVIDE (__fini_array_end = .)
                0x0000000008000afc                . = ALIGN (0x4)
                0x0000000008000afc                _sidata = LOADADDR (.data)

.data           0x0000000020000000        0x0 load address 0x0000000008000afc
                0x0000000020000000                . = ALIGN (0x4)
                0x0000000020000000                _sdata = .
 *(.data)
 *(.data*)
 *(.RamFunc)
 *(.RamFunc*)
                0x0000000020000000                . = ALIGN (0x4)
                0x0000000020000000                _edata = .

.igot.plt       0x0000000020000000        0x0 load address 0x0000000008000afc
 .igot.plt      0x0000000020000000        0x0 c:/programs/st/stm32cubeide_1.11.0/stm32cubeide/plugins/com.st.stm32cube.ide.mcu.externaltools.gnu-tools-for-stm32.10.3-2021.10.win32_1.0.100.202210260954/tools/bin/../lib/gcc/arm-none-eabi/10.3.1/thumb/v7-m/nofp/crtbegin.o
                0x0000000020000000                . = ALIGN (0x4)

.bss            0x0000000020000000       0x3c load address 0x0000000008000afc
                0x0000000020000000                _sbss = .
                0x0000000020000000                __bss_start__ = _sbss
 *(.bss)
 .bss           0x0000000020000000       0x1c c:/programs/st/stm32cubeide_1.11.0/stm32cubeide/plugins/com.st.stm32cube.ide.mcu.externaltools.gnu-tools-for-stm32.10.3-2021.10.win32_1.0.100.202210260954/tools/bin/../lib/gcc/arm-none-eabi/10.3.1/thumb/v7-m/nofp/crtbegin.o
 *(.bss*)
 .bss.TIME      0x000000002000001c       0x10 ./Core/Src/IRQ.o
                0x000000002000001c                TIME
 .bss.TICK      0x000000002000002c        0x4 ./Core/Src/IRQ.o
 .bss.err       0x0000000020000030        0x1 ./Core/Src/main.o
                0x0000000020000030                err
 *fill*         0x0000000020000031        0x3 
 .bss.buff      0x0000000020000034        0x8 ./Core/Src/main.o
                0x0000000020000034                buff
 *(COMMON)
                0x000000002000003c                . = ALIGN (0x4)
                0x000000002000003c                _ebss = .
                0x000000002000003c                __bss_end__ = _ebss

._user_heap_stack
                0x000000002000003c      0x604 load address 0x0000000008000afc
                0x0000000020000040                . = ALIGN (0x8)
 *fill*         0x000000002000003c        0x4 
                [!provide]                        PROVIDE (end = .)
                [!provide]                        PROVIDE (_end = .)
                0x0000000020000240                . = (. + _Min_Heap_Size)
 *fill*         0x0000000020000040      0x200 
                0x0000000020000640                . = (. + _Min_Stack_Size)
 *fill*         0x0000000020000240      0x400 
                0x0000000020000640                . = ALIGN (0x8)

/DISCARD/
 libc.a(*)
 libm.a(*)
 libgcc.a(*)

.ARM.attributes
                0x0000000000000000       0x29
 *(.ARM.attributes)
 .ARM.attributes
                0x0000000000000000       0x1d c:/programs/st/stm32cubeide_1.11.0/stm32cubeide/plugins/com.st.stm32cube.ide.mcu.externaltools.gnu-tools-for-stm32.10.3-2021.10.win32_1.0.100.202210260954/tools/bin/../lib/gcc/arm-none-eabi/10.3.1/thumb/v7-m/nofp/crti.o
 .ARM.attributes
                0x000000000000001d       0x2d c:/programs/st/stm32cubeide_1.11.0/stm32cubeide/plugins/com.st.stm32cube.ide.mcu.externaltools.gnu-tools-for-stm32.10.3-2021.10.win32_1.0.100.202210260954/tools/bin/../lib/gcc/arm-none-eabi/10.3.1/thumb/v7-m/nofp/crtbegin.o
 .ARM.attributes
                0x000000000000004a       0x2d ./CMSIS/src/system_stm32f1xx.o
 .ARM.attributes
                0x0000000000000077       0x2d ./Core/Src/I2C.o
 .ARM.attributes
                0x00000000000000a4       0x2d ./Core/Src/IRQ.o
 .ARM.attributes
                0x00000000000000d1       0x2d ./Core/Src/LCD_1602.o
 .ARM.attributes
                0x00000000000000fe       0x2d ./Core/Src/RCC.o
 .ARM.attributes
                0x000000000000012b       0x2d ./Core/Src/main.o
 .ARM.attributes
                0x0000000000000158       0x21 ./Startup/startup_stm32f103xb.o
 .ARM.attributes
                0x0000000000000179       0x2d c:/programs/st/stm32cubeide_1.11.0/stm32cubeide/plugins/com.st.stm32cube.ide.mcu.externaltools.gnu-tools-for-stm32.10.3-2021.10.win32_1.0.100.202210260954/tools/bin/../lib/gcc/arm-none-eabi/10.3.1/../../../../arm-none-eabi/lib/thumb/v7-m/nofp\libc_nano.a(lib_a-init.o)
 .ARM.attributes
                0x00000000000001a6       0x1d c:/programs/st/stm32cubeide_1.11.0/stm32cubeide/plugins/com.st.stm32cube.ide.mcu.externaltools.gnu-tools-for-stm32.10.3-2021.10.win32_1.0.100.202210260954/tools/bin/../lib/gcc/arm-none-eabi/10.3.1/thumb/v7-m/nofp/crtn.o
OUTPUT(CMSIS_C8t6.elf elf32-littlearm)
LOAD linker stubs
LOAD c:/programs/st/stm32cubeide_1.11.0/stm32cubeide/plugins/com.st.stm32cube.ide.mcu.externaltools.gnu-tools-for-stm32.10.3-2021.10.win32_1.0.100.202210260954/tools/bin/../lib/gcc/arm-none-eabi/10.3.1/../../../../arm-none-eabi/lib/thumb/v7-m/nofp\libc.a
LOAD c:/programs/st/stm32cubeide_1.11.0/stm32cubeide/plugins/com.st.stm32cube.ide.mcu.externaltools.gnu-tools-for-stm32.10.3-2021.10.win32_1.0.100.202210260954/tools/bin/../lib/gcc/arm-none-eabi/10.3.1/../../../../arm-none-eabi/lib/thumb/v7-m/nofp\libm.a
LOAD c:/programs/st/stm32cubeide_1.11.0/stm32cubeide/plugins/com.st.stm32cube.ide.mcu.externaltools.gnu-tools-for-stm32.10.3-2021.10.win32_1.0.100.202210260954/tools/bin/../lib/gcc/arm-none-eabi/10.3.1/thumb/v7-m/nofp\libgcc.a

.debug_info     0x0000000000000000     0x1921
 .debug_info    0x0000000000000000      0x236 ./CMSIS/src/system_stm32f1xx.o
 .debug_info    0x0000000000000236      0x2c3 ./Core/Src/I2C.o
 .debug_info    0x00000000000004f9      0x3a8 ./Core/Src/IRQ.o
 .debug_info    0x00000000000008a1      0x27f ./Core/Src/LCD_1602.o
 .debug_info    0x0000000000000b20      0x6f4 ./Core/Src/RCC.o
 .debug_info    0x0000000000001214      0x6eb ./Core/Src/main.o
 .debug_info    0x00000000000018ff       0x22 ./Startup/startup_stm32f103xb.o

.debug_abbrev   0x0000000000000000      0x895
 .debug_abbrev  0x0000000000000000      0x13b ./CMSIS/src/system_stm32f1xx.o
 .debug_abbrev  0x000000000000013b       0xf7 ./Core/Src/I2C.o
 .debug_abbrev  0x0000000000000232      0x192 ./Core/Src/IRQ.o
 .debug_abbrev  0x00000000000003c4      0x137 ./Core/Src/LCD_1602.o
 .debug_abbrev  0x00000000000004fb      0x16e ./Core/Src/RCC.o
 .debug_abbrev  0x0000000000000669      0x21a ./Core/Src/main.o
 .debug_abbrev  0x0000000000000883       0x12 ./Startup/startup_stm32f103xb.o

.debug_aranges  0x0000000000000000      0x188
 .debug_aranges
                0x0000000000000000       0x28 ./CMSIS/src/system_stm32f1xx.o
 .debug_aranges
                0x0000000000000028       0x28 ./Core/Src/I2C.o
 .debug_aranges
                0x0000000000000050       0x40 ./Core/Src/IRQ.o
 .debug_aranges
                0x0000000000000090       0x50 ./Core/Src/LCD_1602.o
 .debug_aranges
                0x00000000000000e0       0x40 ./Core/Src/RCC.o
 .debug_aranges
                0x0000000000000120       0x40 ./Core/Src/main.o
 .debug_aranges
                0x0000000000000160       0x28 ./Startup/startup_stm32f103xb.o

.debug_ranges   0x0000000000000000      0x120
 .debug_ranges  0x0000000000000000       0x18 ./CMSIS/src/system_stm32f1xx.o
 .debug_ranges  0x0000000000000018       0x18 ./Core/Src/I2C.o
 .debug_ranges  0x0000000000000030       0x30 ./Core/Src/IRQ.o
 .debug_ranges  0x0000000000000060       0x40 ./Core/Src/LCD_1602.o
 .debug_ranges  0x00000000000000a0       0x30 ./Core/Src/RCC.o
 .debug_ranges  0x00000000000000d0       0x30 ./Core/Src/main.o
 .debug_ranges  0x0000000000000100       0x20 ./Startup/startup_stm32f103xb.o

.debug_macro    0x0000000000000000    0x10304
 .debug_macro   0x0000000000000000       0xc8 ./CMSIS/src/system_stm32f1xx.o
 .debug_macro   0x00000000000000c8      0xa72 ./CMSIS/src/system_stm32f1xx.o
 .debug_macro   0x0000000000000b3a       0x2e ./CMSIS/src/system_stm32f1xx.o
 .debug_macro   0x0000000000000b68       0x22 ./CMSIS/src/system_stm32f1xx.o
 .debug_macro   0x0000000000000b8a       0x22 ./CMSIS/src/system_stm32f1xx.o
 .debug_macro   0x0000000000000bac       0x8e ./CMSIS/src/system_stm32f1xx.o
 .debug_macro   0x0000000000000c3a       0x51 ./CMSIS/src/system_stm32f1xx.o
 .debug_macro   0x0000000000000c8b      0x103 ./CMSIS/src/system_stm32f1xx.o
 .debug_macro   0x0000000000000d8e       0x6a ./CMSIS/src/system_stm32f1xx.o
 .debug_macro   0x0000000000000df8      0x1df ./CMSIS/src/system_stm32f1xx.o
 .debug_macro   0x0000000000000fd7       0x1c ./CMSIS/src/system_stm32f1xx.o
 .debug_macro   0x0000000000000ff3       0x22 ./CMSIS/src/system_stm32f1xx.o
 .debug_macro   0x0000000000001015       0xbd ./CMSIS/src/system_stm32f1xx.o
 .debug_macro   0x00000000000010d2      0xd23 ./CMSIS/src/system_stm32f1xx.o
 .debug_macro   0x0000000000001df5     0xe09e ./CMSIS/src/system_stm32f1xx.o
 .debug_macro   0x000000000000fe93       0x43 ./CMSIS/src/system_stm32f1xx.o
 .debug_macro   0x000000000000fed6       0xb6 ./Core/Src/I2C.o
 .debug_macro   0x000000000000ff8c       0x16 ./Core/Src/I2C.o
 .debug_macro   0x000000000000ffa2       0xb6 ./Core/Src/IRQ.o
 .debug_macro   0x0000000000010058       0xde ./Core/Src/LCD_1602.o
 .debug_macro   0x0000000000010136       0xcc ./Core/Src/RCC.o
 .debug_macro   0x0000000000010202      0x102 ./Core/Src/main.o

.debug_line     0x0000000000000000     0x20a6
 .debug_line    0x0000000000000000      0x4f8 ./CMSIS/src/system_stm32f1xx.o
 .debug_line    0x00000000000004f8      0x506 ./Core/Src/I2C.o
 .debug_line    0x00000000000009fe      0x570 ./Core/Src/IRQ.o
 .debug_line    0x0000000000000f6e      0x574 ./Core/Src/LCD_1602.o
 .debug_line    0x00000000000014e2      0x580 ./Core/Src/RCC.o
 .debug_line    0x0000000000001a62      0x5c4 ./Core/Src/main.o
 .debug_line    0x0000000000002026       0x80 ./Startup/startup_stm32f103xb.o

.debug_str      0x0000000000000000    0x546c6
 .debug_str     0x0000000000000000    0x53f75 ./CMSIS/src/system_stm32f1xx.o
                                      0x5419f (size before relaxing)
 .debug_str     0x0000000000053f75       0xc2 ./Core/Src/I2C.o
                                      0x53ecb (size before relaxing)
 .debug_str     0x0000000000054037       0xd5 ./Core/Src/IRQ.o
                                      0x53f0a (size before relaxing)
 .debug_str     0x000000000005410c      0x102 ./Core/Src/LCD_1602.o
                                      0x541b7 (size before relaxing)
 .debug_str     0x000000000005420e      0x373 ./Core/Src/RCC.o
                                      0x54557 (size before relaxing)
 .debug_str     0x0000000000054581      0x116 ./Core/Src/main.o
                                      0x5464b (size before relaxing)
 .debug_str     0x0000000000054697       0x2f ./Startup/startup_stm32f103xb.o
                                         0x67 (size before relaxing)

.comment        0x0000000000000000       0x50
 .comment       0x0000000000000000       0x50 ./CMSIS/src/system_stm32f1xx.o
                                         0x51 (size before relaxing)
 .comment       0x0000000000000050       0x51 ./Core/Src/I2C.o
 .comment       0x0000000000000050       0x51 ./Core/Src/IRQ.o
 .comment       0x0000000000000050       0x51 ./Core/Src/LCD_1602.o
 .comment       0x0000000000000050       0x51 ./Core/Src/RCC.o
 .comment       0x0000000000000050       0x51 ./Core/Src/main.o

.debug_frame    0x0000000000000000      0x3fc
 .debug_frame   0x0000000000000000       0x58 ./CMSIS/src/system_stm32f1xx.o
 .debug_frame   0x0000000000000058       0x54 ./Core/Src/I2C.o
 .debug_frame   0x00000000000000ac       0xb4 ./Core/Src/IRQ.o
 .debug_frame   0x0000000000000160      0x110 ./Core/Src/LCD_1602.o
 .debug_frame   0x0000000000000270       0xb4 ./Core/Src/RCC.o
 .debug_frame   0x0000000000000324       0xac ./Core/Src/main.o
 .debug_frame   0x00000000000003d0       0x2c c:/programs/st/stm32cubeide_1.11.0/stm32cubeide/plugins/com.st.stm32cube.ide.mcu.externaltools.gnu-tools-for-stm32.10.3-2021.10.win32_1.0.100.202210260954/tools/bin/../lib/gcc/arm-none-eabi/10.3.1/../../../../arm-none-eabi/lib/thumb/v7-m/nofp\libc_nano.a(lib_a-init.o)
