Archive member included to satisfy reference by file (symbol)

c:/programs/st/stm32cubeide_1.11.0/stm32cubeide/plugins/com.st.stm32cube.ide.mcu.externaltools.gnu-tools-for-stm32.10.3-2021.10.win32_1.0.100.202210260954/tools/bin/../lib/gcc/arm-none-eabi/10.3.1/../../../../arm-none-eabi/lib/thumb/v7-m/nofp\libc_nano.a(lib_a-exit.o)
                              c:/programs/st/stm32cubeide_1.11.0/stm32cubeide/plugins/com.st.stm32cube.ide.mcu.externaltools.gnu-tools-for-stm32.10.3-2021.10.win32_1.0.100.202210260954/tools/bin/../lib/gcc/arm-none-eabi/10.3.1/../../../../arm-none-eabi/lib/thumb/v7-m/nofp/crt0.o (exit)
c:/programs/st/stm32cubeide_1.11.0/stm32cubeide/plugins/com.st.stm32cube.ide.mcu.externaltools.gnu-tools-for-stm32.10.3-2021.10.win32_1.0.100.202210260954/tools/bin/../lib/gcc/arm-none-eabi/10.3.1/../../../../arm-none-eabi/lib/thumb/v7-m/nofp\libc_nano.a(lib_a-impure.o)
                              c:/programs/st/stm32cubeide_1.11.0/stm32cubeide/plugins/com.st.stm32cube.ide.mcu.externaltools.gnu-tools-for-stm32.10.3-2021.10.win32_1.0.100.202210260954/tools/bin/../lib/gcc/arm-none-eabi/10.3.1/../../../../arm-none-eabi/lib/thumb/v7-m/nofp\libc_nano.a(lib_a-exit.o) (_global_impure_ptr)
c:/programs/st/stm32cubeide_1.11.0/stm32cubeide/plugins/com.st.stm32cube.ide.mcu.externaltools.gnu-tools-for-stm32.10.3-2021.10.win32_1.0.100.202210260954/tools/bin/../lib/gcc/arm-none-eabi/10.3.1/../../../../arm-none-eabi/lib/thumb/v7-m/nofp\libc_nano.a(lib_a-init.o)
                              c:/programs/st/stm32cubeide_1.11.0/stm32cubeide/plugins/com.st.stm32cube.ide.mcu.externaltools.gnu-tools-for-stm32.10.3-2021.10.win32_1.0.100.202210260954/tools/bin/../lib/gcc/arm-none-eabi/10.3.1/../../../../arm-none-eabi/lib/thumb/v7-m/nofp/crt0.o (__libc_init_array)
c:/programs/st/stm32cubeide_1.11.0/stm32cubeide/plugins/com.st.stm32cube.ide.mcu.externaltools.gnu-tools-for-stm32.10.3-2021.10.win32_1.0.100.202210260954/tools/bin/../lib/gcc/arm-none-eabi/10.3.1/../../../../arm-none-eabi/lib/thumb/v7-m/nofp\libc_nano.a(lib_a-memset.o)
                              c:/programs/st/stm32cubeide_1.11.0/stm32cubeide/plugins/com.st.stm32cube.ide.mcu.externaltools.gnu-tools-for-stm32.10.3-2021.10.win32_1.0.100.202210260954/tools/bin/../lib/gcc/arm-none-eabi/10.3.1/../../../../arm-none-eabi/lib/thumb/v7-m/nofp/crt0.o (memset)
c:/programs/st/stm32cubeide_1.11.0/stm32cubeide/plugins/com.st.stm32cube.ide.mcu.externaltools.gnu-tools-for-stm32.10.3-2021.10.win32_1.0.100.202210260954/tools/bin/../lib/gcc/arm-none-eabi/10.3.1/../../../../arm-none-eabi/lib/thumb/v7-m/nofp\libnosys.a(_exit.o)
                              c:/programs/st/stm32cubeide_1.11.0/stm32cubeide/plugins/com.st.stm32cube.ide.mcu.externaltools.gnu-tools-for-stm32.10.3-2021.10.win32_1.0.100.202210260954/tools/bin/../lib/gcc/arm-none-eabi/10.3.1/../../../../arm-none-eabi/lib/thumb/v7-m/nofp\libc_nano.a(lib_a-exit.o) (_exit)

Discarded input sections

 .text          0x0000000000000000        0x0 c:/programs/st/stm32cubeide_1.11.0/stm32cubeide/plugins/com.st.stm32cube.ide.mcu.externaltools.gnu-tools-for-stm32.10.3-2021.10.win32_1.0.100.202210260954/tools/bin/../lib/gcc/arm-none-eabi/10.3.1/thumb/v7-m/nofp/crti.o
 .data          0x0000000000000000        0x0 c:/programs/st/stm32cubeide_1.11.0/stm32cubeide/plugins/com.st.stm32cube.ide.mcu.externaltools.gnu-tools-for-stm32.10.3-2021.10.win32_1.0.100.202210260954/tools/bin/../lib/gcc/arm-none-eabi/10.3.1/thumb/v7-m/nofp/crti.o
 .bss           0x0000000000000000        0x0 c:/programs/st/stm32cubeide_1.11.0/stm32cubeide/plugins/com.st.stm32cube.ide.mcu.externaltools.gnu-tools-for-stm32.10.3-2021.10.win32_1.0.100.202210260954/tools/bin/../lib/gcc/arm-none-eabi/10.3.1/thumb/v7-m/nofp/crti.o
 .data          0x0000000000000000        0x4 c:/programs/st/stm32cubeide_1.11.0/stm32cubeide/plugins/com.st.stm32cube.ide.mcu.externaltools.gnu-tools-for-stm32.10.3-2021.10.win32_1.0.100.202210260954/tools/bin/../lib/gcc/arm-none-eabi/10.3.1/thumb/v7-m/nofp/crtbegin.o
 .rodata        0x0000000000000000       0x24 c:/programs/st/stm32cubeide_1.11.0/stm32cubeide/plugins/com.st.stm32cube.ide.mcu.externaltools.gnu-tools-for-stm32.10.3-2021.10.win32_1.0.100.202210260954/tools/bin/../lib/gcc/arm-none-eabi/10.3.1/thumb/v7-m/nofp/crtbegin.o
 .text          0x0000000000000000       0x7c c:/programs/st/stm32cubeide_1.11.0/stm32cubeide/plugins/com.st.stm32cube.ide.mcu.externaltools.gnu-tools-for-stm32.10.3-2021.10.win32_1.0.100.202210260954/tools/bin/../lib/gcc/arm-none-eabi/10.3.1/../../../../arm-none-eabi/lib/thumb/v7-m/nofp/crt0.o
 .data          0x0000000000000000        0x0 c:/programs/st/stm32cubeide_1.11.0/stm32cubeide/plugins/com.st.stm32cube.ide.mcu.externaltools.gnu-tools-for-stm32.10.3-2021.10.win32_1.0.100.202210260954/tools/bin/../lib/gcc/arm-none-eabi/10.3.1/../../../../arm-none-eabi/lib/thumb/v7-m/nofp/crt0.o
 .bss           0x0000000000000000        0x0 c:/programs/st/stm32cubeide_1.11.0/stm32cubeide/plugins/com.st.stm32cube.ide.mcu.externaltools.gnu-tools-for-stm32.10.3-2021.10.win32_1.0.100.202210260954/tools/bin/../lib/gcc/arm-none-eabi/10.3.1/../../../../arm-none-eabi/lib/thumb/v7-m/nofp/crt0.o
 .ARM.extab     0x0000000000000000        0x0 c:/programs/st/stm32cubeide_1.11.0/stm32cubeide/plugins/com.st.stm32cube.ide.mcu.externaltools.gnu-tools-for-stm32.10.3-2021.10.win32_1.0.100.202210260954/tools/bin/../lib/gcc/arm-none-eabi/10.3.1/../../../../arm-none-eabi/lib/thumb/v7-m/nofp/crt0.o
 .ARM.exidx     0x0000000000000000       0x10 c:/programs/st/stm32cubeide_1.11.0/stm32cubeide/plugins/com.st.stm32cube.ide.mcu.externaltools.gnu-tools-for-stm32.10.3-2021.10.win32_1.0.100.202210260954/tools/bin/../lib/gcc/arm-none-eabi/10.3.1/../../../../arm-none-eabi/lib/thumb/v7-m/nofp/crt0.o
 .ARM.attributes
                0x0000000000000000       0x1b c:/programs/st/stm32cubeide_1.11.0/stm32cubeide/plugins/com.st.stm32cube.ide.mcu.externaltools.gnu-tools-for-stm32.10.3-2021.10.win32_1.0.100.202210260954/tools/bin/../lib/gcc/arm-none-eabi/10.3.1/../../../../arm-none-eabi/lib/thumb/v7-m/nofp/crt0.o
 .group         0x0000000000000000        0xc ./CMSIS/src/system_stm32f1xx.o
 .group         0x0000000000000000        0xc ./CMSIS/src/system_stm32f1xx.o
 .group         0x0000000000000000        0xc ./CMSIS/src/system_stm32f1xx.o
 .group         0x0000000000000000        0xc ./CMSIS/src/system_stm32f1xx.o
 .group         0x0000000000000000        0xc ./CMSIS/src/system_stm32f1xx.o
 .group         0x0000000000000000        0xc ./CMSIS/src/system_stm32f1xx.o
 .group         0x0000000000000000        0xc ./CMSIS/src/system_stm32f1xx.o
 .group         0x0000000000000000        0xc ./CMSIS/src/system_stm32f1xx.o
 .group         0x0000000000000000        0xc ./CMSIS/src/system_stm32f1xx.o
 .group         0x0000000000000000        0xc ./CMSIS/src/system_stm32f1xx.o
 .group         0x0000000000000000        0xc ./CMSIS/src/system_stm32f1xx.o
 .group         0x0000000000000000        0xc ./CMSIS/src/system_stm32f1xx.o
 .group         0x0000000000000000        0xc ./CMSIS/src/system_stm32f1xx.o
 .group         0x0000000000000000        0xc ./CMSIS/src/system_stm32f1xx.o
 .group         0x0000000000000000        0xc ./CMSIS/src/system_stm32f1xx.o
 .text          0x0000000000000000        0x0 ./CMSIS/src/system_stm32f1xx.o
 .data          0x0000000000000000        0x0 ./CMSIS/src/system_stm32f1xx.o
 .bss           0x0000000000000000        0x0 ./CMSIS/src/system_stm32f1xx.o
 .data.SystemCoreClock
                0x0000000000000000        0x4 ./CMSIS/src/system_stm32f1xx.o
 .rodata.AHBPrescTable
                0x0000000000000000       0x10 ./CMSIS/src/system_stm32f1xx.o
 .rodata.APBPrescTable
                0x0000000000000000        0x8 ./CMSIS/src/system_stm32f1xx.o
 .text.SystemCoreClockUpdate
                0x0000000000000000       0xe4 ./CMSIS/src/system_stm32f1xx.o
 .group         0x0000000000000000        0xc ./Core/Src/I2C.o
 .group         0x0000000000000000        0xc ./Core/Src/I2C.o
 .group         0x0000000000000000        0xc ./Core/Src/I2C.o
 .group         0x0000000000000000        0xc ./Core/Src/I2C.o
 .group         0x0000000000000000        0xc ./Core/Src/I2C.o
 .group         0x0000000000000000        0xc ./Core/Src/I2C.o
 .group         0x0000000000000000        0xc ./Core/Src/I2C.o
 .group         0x0000000000000000        0xc ./Core/Src/I2C.o
 .group         0x0000000000000000        0xc ./Core/Src/I2C.o
 .group         0x0000000000000000        0xc ./Core/Src/I2C.o
 .group         0x0000000000000000        0xc ./Core/Src/I2C.o
 .group         0x0000000000000000        0xc ./Core/Src/I2C.o
 .group         0x0000000000000000        0xc ./Core/Src/I2C.o
 .group         0x0000000000000000        0xc ./Core/Src/I2C.o
 .group         0x0000000000000000        0xc ./Core/Src/I2C.o
 .group         0x0000000000000000        0xc ./Core/Src/I2C.o
 .text          0x0000000000000000        0x0 ./Core/Src/I2C.o
 .data          0x0000000000000000        0x0 ./Core/Src/I2C.o
 .bss           0x0000000000000000        0x0 ./Core/Src/I2C.o
 .debug_macro   0x0000000000000000      0xa72 ./Core/Src/I2C.o
 .debug_macro   0x0000000000000000       0x22 ./Core/Src/I2C.o
 .debug_macro   0x0000000000000000       0x22 ./Core/Src/I2C.o
 .debug_macro   0x0000000000000000       0x8e ./Core/Src/I2C.o
 .debug_macro   0x0000000000000000       0x51 ./Core/Src/I2C.o
 .debug_macro   0x0000000000000000      0x103 ./Core/Src/I2C.o
 .debug_macro   0x0000000000000000       0x6a ./Core/Src/I2C.o
 .debug_macro   0x0000000000000000      0x1df ./Core/Src/I2C.o
 .debug_macro   0x0000000000000000       0x1c ./Core/Src/I2C.o
 .debug_macro   0x0000000000000000       0x22 ./Core/Src/I2C.o
 .debug_macro   0x0000000000000000       0xbd ./Core/Src/I2C.o
 .debug_macro   0x0000000000000000      0xd23 ./Core/Src/I2C.o
 .debug_macro   0x0000000000000000     0xe09e ./Core/Src/I2C.o
 .debug_macro   0x0000000000000000       0x2e ./Core/Src/I2C.o
 .debug_macro   0x0000000000000000       0x43 ./Core/Src/I2C.o
 .group         0x0000000000000000        0xc ./Core/Src/ILI9341.o
 .group         0x0000000000000000        0xc ./Core/Src/ILI9341.o
 .group         0x0000000000000000        0xc ./Core/Src/ILI9341.o
 .group         0x0000000000000000        0xc ./Core/Src/ILI9341.o
 .group         0x0000000000000000        0xc ./Core/Src/ILI9341.o
 .group         0x0000000000000000        0xc ./Core/Src/ILI9341.o
 .group         0x0000000000000000        0xc ./Core/Src/ILI9341.o
 .group         0x0000000000000000        0xc ./Core/Src/ILI9341.o
 .group         0x0000000000000000        0xc ./Core/Src/ILI9341.o
 .group         0x0000000000000000        0xc ./Core/Src/ILI9341.o
 .group         0x0000000000000000        0xc ./Core/Src/ILI9341.o
 .group         0x0000000000000000        0xc ./Core/Src/ILI9341.o
 .group         0x0000000000000000        0xc ./Core/Src/ILI9341.o
 .group         0x0000000000000000        0xc ./Core/Src/ILI9341.o
 .group         0x0000000000000000        0xc ./Core/Src/ILI9341.o
 .group         0x0000000000000000        0xc ./Core/Src/ILI9341.o
 .group         0x0000000000000000        0xc ./Core/Src/ILI9341.o
 .text          0x0000000000000000        0x0 ./Core/Src/ILI9341.o
 .data          0x0000000000000000        0x0 ./Core/Src/ILI9341.o
 .bss           0x0000000000000000        0x0 ./Core/Src/ILI9341.o
 .bss.D         0x0000000000000000        0x1 ./Core/Src/ILI9341.o
 .text.GPIO_Init
                0x0000000000000000      0x210 ./Core/Src/ILI9341.o
 .text.read_disp_id
                0x0000000000000000       0x6c ./Core/Src/ILI9341.o
 .text.Send_Command
                0x0000000000000000      0x124 ./Core/Src/ILI9341.o
 .text.ILI_Reset
                0x0000000000000000       0x28 ./Core/Src/ILI9341.o
 .text.ILI_9341_init
                0x0000000000000000       0x44 ./Core/Src/ILI9341.o
 .debug_info    0x0000000000000000      0x39c ./Core/Src/ILI9341.o
 .debug_abbrev  0x0000000000000000      0x1d3 ./Core/Src/ILI9341.o
 .debug_aranges
                0x0000000000000000       0x40 ./Core/Src/ILI9341.o
 .debug_ranges  0x0000000000000000       0x30 ./Core/Src/ILI9341.o
 .debug_macro   0x0000000000000000      0x118 ./Core/Src/ILI9341.o
 .debug_macro   0x0000000000000000      0xa72 ./Core/Src/ILI9341.o
 .debug_macro   0x0000000000000000       0x22 ./Core/Src/ILI9341.o
 .debug_macro   0x0000000000000000       0x22 ./Core/Src/ILI9341.o
 .debug_macro   0x0000000000000000       0x8e ./Core/Src/ILI9341.o
 .debug_macro   0x0000000000000000       0x51 ./Core/Src/ILI9341.o
 .debug_macro   0x0000000000000000      0x103 ./Core/Src/ILI9341.o
 .debug_macro   0x0000000000000000       0x6a ./Core/Src/ILI9341.o
 .debug_macro   0x0000000000000000      0x1df ./Core/Src/ILI9341.o
 .debug_macro   0x0000000000000000       0x1c ./Core/Src/ILI9341.o
 .debug_macro   0x0000000000000000       0x22 ./Core/Src/ILI9341.o
 .debug_macro   0x0000000000000000       0xbd ./Core/Src/ILI9341.o
 .debug_macro   0x0000000000000000      0xd23 ./Core/Src/ILI9341.o
 .debug_macro   0x0000000000000000     0xe09e ./Core/Src/ILI9341.o
 .debug_macro   0x0000000000000000       0x2e ./Core/Src/ILI9341.o
 .debug_macro   0x0000000000000000       0x43 ./Core/Src/ILI9341.o
 .debug_macro   0x0000000000000000       0x10 ./Core/Src/ILI9341.o
 .debug_macro   0x0000000000000000       0x16 ./Core/Src/ILI9341.o
 .debug_line    0x0000000000000000      0x640 ./Core/Src/ILI9341.o
 .debug_str     0x0000000000000000    0x54385 ./Core/Src/ILI9341.o
 .comment       0x0000000000000000       0x51 ./Core/Src/ILI9341.o
 .debug_frame   0x0000000000000000       0xb4 ./Core/Src/ILI9341.o
 .ARM.attributes
                0x0000000000000000       0x2d ./Core/Src/ILI9341.o
 .group         0x0000000000000000        0xc ./Core/Src/IRQ.o
 .group         0x0000000000000000        0xc ./Core/Src/IRQ.o
 .group         0x0000000000000000        0xc ./Core/Src/IRQ.o
 .group         0x0000000000000000        0xc ./Core/Src/IRQ.o
 .group         0x0000000000000000        0xc ./Core/Src/IRQ.o
 .group         0x0000000000000000        0xc ./Core/Src/IRQ.o
 .group         0x0000000000000000        0xc ./Core/Src/IRQ.o
 .group         0x0000000000000000        0xc ./Core/Src/IRQ.o
 .group         0x0000000000000000        0xc ./Core/Src/IRQ.o
 .group         0x0000000000000000        0xc ./Core/Src/IRQ.o
 .group         0x0000000000000000        0xc ./Core/Src/IRQ.o
 .group         0x0000000000000000        0xc ./Core/Src/IRQ.o
 .group         0x0000000000000000        0xc ./Core/Src/IRQ.o
 .group         0x0000000000000000        0xc ./Core/Src/IRQ.o
 .text          0x0000000000000000        0x0 ./Core/Src/IRQ.o
 .data          0x0000000000000000        0x0 ./Core/Src/IRQ.o
 .bss           0x0000000000000000        0x0 ./Core/Src/IRQ.o
 .debug_macro   0x0000000000000000      0xa72 ./Core/Src/IRQ.o
 .debug_macro   0x0000000000000000       0x22 ./Core/Src/IRQ.o
 .debug_macro   0x0000000000000000       0x22 ./Core/Src/IRQ.o
 .debug_macro   0x0000000000000000       0x8e ./Core/Src/IRQ.o
 .debug_macro   0x0000000000000000       0x51 ./Core/Src/IRQ.o
 .debug_macro   0x0000000000000000      0x103 ./Core/Src/IRQ.o
 .debug_macro   0x0000000000000000       0x6a ./Core/Src/IRQ.o
 .debug_macro   0x0000000000000000      0x1df ./Core/Src/IRQ.o
 .debug_macro   0x0000000000000000       0x1c ./Core/Src/IRQ.o
 .debug_macro   0x0000000000000000       0x22 ./Core/Src/IRQ.o
 .debug_macro   0x0000000000000000       0xbd ./Core/Src/IRQ.o
 .debug_macro   0x0000000000000000      0xd23 ./Core/Src/IRQ.o
 .debug_macro   0x0000000000000000     0xe09e ./Core/Src/IRQ.o
 .debug_macro   0x0000000000000000       0x16 ./Core/Src/IRQ.o
 .group         0x0000000000000000        0xc ./Core/Src/LCD_1602.o
 .group         0x0000000000000000        0xc ./Core/Src/LCD_1602.o
 .group         0x0000000000000000        0xc ./Core/Src/LCD_1602.o
 .group         0x0000000000000000        0xc ./Core/Src/LCD_1602.o
 .group         0x0000000000000000        0xc ./Core/Src/LCD_1602.o
 .group         0x0000000000000000        0xc ./Core/Src/LCD_1602.o
 .group         0x0000000000000000        0xc ./Core/Src/LCD_1602.o
 .group         0x0000000000000000        0xc ./Core/Src/LCD_1602.o
 .group         0x0000000000000000        0xc ./Core/Src/LCD_1602.o
 .group         0x0000000000000000        0xc ./Core/Src/LCD_1602.o
 .group         0x0000000000000000        0xc ./Core/Src/LCD_1602.o
 .group         0x0000000000000000        0xc ./Core/Src/LCD_1602.o
 .group         0x0000000000000000        0xc ./Core/Src/LCD_1602.o
 .group         0x0000000000000000        0xc ./Core/Src/LCD_1602.o
 .group         0x0000000000000000        0xc ./Core/Src/LCD_1602.o
 .text          0x0000000000000000        0x0 ./Core/Src/LCD_1602.o
 .data          0x0000000000000000        0x0 ./Core/Src/LCD_1602.o
 .bss           0x0000000000000000        0x0 ./Core/Src/LCD_1602.o
 .debug_macro   0x0000000000000000      0xa72 ./Core/Src/LCD_1602.o
 .debug_macro   0x0000000000000000       0x22 ./Core/Src/LCD_1602.o
 .debug_macro   0x0000000000000000       0x8e ./Core/Src/LCD_1602.o
 .debug_macro   0x0000000000000000       0x51 ./Core/Src/LCD_1602.o
 .debug_macro   0x0000000000000000      0x103 ./Core/Src/LCD_1602.o
 .debug_macro   0x0000000000000000       0x6a ./Core/Src/LCD_1602.o
 .debug_macro   0x0000000000000000      0x1df ./Core/Src/LCD_1602.o
 .debug_macro   0x0000000000000000       0x2e ./Core/Src/LCD_1602.o
 .debug_macro   0x0000000000000000       0x22 ./Core/Src/LCD_1602.o
 .debug_macro   0x0000000000000000       0x1c ./Core/Src/LCD_1602.o
 .debug_macro   0x0000000000000000       0x22 ./Core/Src/LCD_1602.o
 .debug_macro   0x0000000000000000       0xbd ./Core/Src/LCD_1602.o
 .debug_macro   0x0000000000000000      0xd23 ./Core/Src/LCD_1602.o
 .debug_macro   0x0000000000000000     0xe09e ./Core/Src/LCD_1602.o
 .debug_macro   0x0000000000000000       0x43 ./Core/Src/LCD_1602.o
 .group         0x0000000000000000        0xc ./Core/Src/RCC.o
 .group         0x0000000000000000        0xc ./Core/Src/RCC.o
 .group         0x0000000000000000        0xc ./Core/Src/RCC.o
 .group         0x0000000000000000        0xc ./Core/Src/RCC.o
 .group         0x0000000000000000        0xc ./Core/Src/RCC.o
 .group         0x0000000000000000        0xc ./Core/Src/RCC.o
 .group         0x0000000000000000        0xc ./Core/Src/RCC.o
 .group         0x0000000000000000        0xc ./Core/Src/RCC.o
 .group         0x0000000000000000        0xc ./Core/Src/RCC.o
 .group         0x0000000000000000        0xc ./Core/Src/RCC.o
 .group         0x0000000000000000        0xc ./Core/Src/RCC.o
 .group         0x0000000000000000        0xc ./Core/Src/RCC.o
 .group         0x0000000000000000        0xc ./Core/Src/RCC.o
 .group         0x0000000000000000        0xc ./Core/Src/RCC.o
 .group         0x0000000000000000        0xc ./Core/Src/RCC.o
 .text          0x0000000000000000        0x0 ./Core/Src/RCC.o
 .data          0x0000000000000000        0x0 ./Core/Src/RCC.o
 .bss           0x0000000000000000        0x0 ./Core/Src/RCC.o
 .text.MCO      0x0000000000000000       0x38 ./Core/Src/RCC.o
 .debug_macro   0x0000000000000000      0xa72 ./Core/Src/RCC.o
 .debug_macro   0x0000000000000000       0x22 ./Core/Src/RCC.o
 .debug_macro   0x0000000000000000       0x22 ./Core/Src/RCC.o
 .debug_macro   0x0000000000000000       0x8e ./Core/Src/RCC.o
 .debug_macro   0x0000000000000000       0x51 ./Core/Src/RCC.o
 .debug_macro   0x0000000000000000      0x103 ./Core/Src/RCC.o
 .debug_macro   0x0000000000000000       0x6a ./Core/Src/RCC.o
 .debug_macro   0x0000000000000000      0x1df ./Core/Src/RCC.o
 .debug_macro   0x0000000000000000       0x1c ./Core/Src/RCC.o
 .debug_macro   0x0000000000000000       0x22 ./Core/Src/RCC.o
 .debug_macro   0x0000000000000000       0xbd ./Core/Src/RCC.o
 .debug_macro   0x0000000000000000      0xd23 ./Core/Src/RCC.o
 .debug_macro   0x0000000000000000     0xe09e ./Core/Src/RCC.o
 .debug_macro   0x0000000000000000       0x2e ./Core/Src/RCC.o
 .debug_macro   0x0000000000000000       0x43 ./Core/Src/RCC.o
 .group         0x0000000000000000        0xc ./Core/Src/SPI_Functions.o
 .group         0x0000000000000000        0xc ./Core/Src/SPI_Functions.o
 .group         0x0000000000000000        0xc ./Core/Src/SPI_Functions.o
 .group         0x0000000000000000        0xc ./Core/Src/SPI_Functions.o
 .group         0x0000000000000000        0xc ./Core/Src/SPI_Functions.o
 .group         0x0000000000000000        0xc ./Core/Src/SPI_Functions.o
 .group         0x0000000000000000        0xc ./Core/Src/SPI_Functions.o
 .group         0x0000000000000000        0xc ./Core/Src/SPI_Functions.o
 .group         0x0000000000000000        0xc ./Core/Src/SPI_Functions.o
 .group         0x0000000000000000        0xc ./Core/Src/SPI_Functions.o
 .group         0x0000000000000000        0xc ./Core/Src/SPI_Functions.o
 .group         0x0000000000000000        0xc ./Core/Src/SPI_Functions.o
 .group         0x0000000000000000        0xc ./Core/Src/SPI_Functions.o
 .group         0x0000000000000000        0xc ./Core/Src/SPI_Functions.o
 .text          0x0000000000000000        0x0 ./Core/Src/SPI_Functions.o
 .data          0x0000000000000000        0x0 ./Core/Src/SPI_Functions.o
 .bss           0x0000000000000000        0x0 ./Core/Src/SPI_Functions.o
 .text.SPI_init
                0x0000000000000000      0x15c ./Core/Src/SPI_Functions.o
 .text.SPI_Transmit
                0x0000000000000000      0x114 ./Core/Src/SPI_Functions.o
 .bss.timeout.0
                0x0000000000000000        0x4 ./Core/Src/SPI_Functions.o
 .debug_info    0x0000000000000000      0x384 ./Core/Src/SPI_Functions.o
 .debug_abbrev  0x0000000000000000      0x169 ./Core/Src/SPI_Functions.o
 .debug_aranges
                0x0000000000000000       0x28 ./Core/Src/SPI_Functions.o
 .debug_ranges  0x0000000000000000       0x18 ./Core/Src/SPI_Functions.o
 .debug_macro   0x0000000000000000       0xd6 ./Core/Src/SPI_Functions.o
 .debug_macro   0x0000000000000000      0xa72 ./Core/Src/SPI_Functions.o
 .debug_macro   0x0000000000000000       0x22 ./Core/Src/SPI_Functions.o
 .debug_macro   0x0000000000000000       0x22 ./Core/Src/SPI_Functions.o
 .debug_macro   0x0000000000000000       0x8e ./Core/Src/SPI_Functions.o
 .debug_macro   0x0000000000000000       0x51 ./Core/Src/SPI_Functions.o
 .debug_macro   0x0000000000000000      0x103 ./Core/Src/SPI_Functions.o
 .debug_macro   0x0000000000000000       0x6a ./Core/Src/SPI_Functions.o
 .debug_macro   0x0000000000000000      0x1df ./Core/Src/SPI_Functions.o
 .debug_macro   0x0000000000000000       0x1c ./Core/Src/SPI_Functions.o
 .debug_macro   0x0000000000000000       0x22 ./Core/Src/SPI_Functions.o
 .debug_macro   0x0000000000000000       0xbd ./Core/Src/SPI_Functions.o
 .debug_macro   0x0000000000000000      0xd23 ./Core/Src/SPI_Functions.o
 .debug_macro   0x0000000000000000     0xe09e ./Core/Src/SPI_Functions.o
 .debug_macro   0x0000000000000000       0x16 ./Core/Src/SPI_Functions.o
 .debug_line    0x0000000000000000      0x5a8 ./Core/Src/SPI_Functions.o
 .debug_str     0x0000000000000000    0x53f83 ./Core/Src/SPI_Functions.o
 .comment       0x0000000000000000       0x51 ./Core/Src/SPI_Functions.o
 .debug_frame   0x0000000000000000       0x58 ./Core/Src/SPI_Functions.o
 .ARM.attributes
                0x0000000000000000       0x2d ./Core/Src/SPI_Functions.o
 .group         0x0000000000000000        0xc ./Core/Src/basic_functions.o
 .text          0x0000000000000000        0x0 ./Core/Src/basic_functions.o
 .data          0x0000000000000000        0x0 ./Core/Src/basic_functions.o
 .bss           0x0000000000000000        0x0 ./Core/Src/basic_functions.o
 .text.SET_BIT  0x0000000000000000        0xc ./Core/Src/basic_functions.o
 .debug_info    0x0000000000000000       0x3c ./Core/Src/basic_functions.o
 .debug_abbrev  0x0000000000000000       0x2f ./Core/Src/basic_functions.o
 .debug_aranges
                0x0000000000000000       0x20 ./Core/Src/basic_functions.o
 .debug_ranges  0x0000000000000000       0x10 ./Core/Src/basic_functions.o
 .debug_macro   0x0000000000000000       0x11 ./Core/Src/basic_functions.o
 .debug_macro   0x0000000000000000      0xa72 ./Core/Src/basic_functions.o
 .debug_line    0x0000000000000000       0x50 ./Core/Src/basic_functions.o
 .debug_str     0x0000000000000000     0x2ca6 ./Core/Src/basic_functions.o
 .comment       0x0000000000000000       0x51 ./Core/Src/basic_functions.o
 .debug_frame   0x0000000000000000       0x30 ./Core/Src/basic_functions.o
 .ARM.attributes
                0x0000000000000000       0x2d ./Core/Src/basic_functions.o
 .group         0x0000000000000000        0xc ./Core/Src/main.o
 .group         0x0000000000000000        0xc ./Core/Src/main.o
 .group         0x0000000000000000        0xc ./Core/Src/main.o
 .group         0x0000000000000000        0xc ./Core/Src/main.o
 .group         0x0000000000000000        0xc ./Core/Src/main.o
 .group         0x0000000000000000        0xc ./Core/Src/main.o
 .group         0x0000000000000000        0xc ./Core/Src/main.o
 .group         0x0000000000000000        0xc ./Core/Src/main.o
 .group         0x0000000000000000        0xc ./Core/Src/main.o
 .group         0x0000000000000000        0xc ./Core/Src/main.o
 .group         0x0000000000000000        0xc ./Core/Src/main.o
 .group         0x0000000000000000        0xc ./Core/Src/main.o
 .group         0x0000000000000000        0xc ./Core/Src/main.o
 .group         0x0000000000000000        0xc ./Core/Src/main.o
 .group         0x0000000000000000        0xc ./Core/Src/main.o
 .group         0x0000000000000000        0xc ./Core/Src/main.o
 .group         0x0000000000000000        0xc ./Core/Src/main.o
 .text          0x0000000000000000        0x0 ./Core/Src/main.o
 .data          0x0000000000000000        0x0 ./Core/Src/main.o
 .bss           0x0000000000000000        0x0 ./Core/Src/main.o
 .debug_macro   0x0000000000000000      0xa72 ./Core/Src/main.o
 .debug_macro   0x0000000000000000       0x22 ./Core/Src/main.o
 .debug_macro   0x0000000000000000       0x22 ./Core/Src/main.o
 .debug_macro   0x0000000000000000       0x8e ./Core/Src/main.o
 .debug_macro   0x0000000000000000       0x51 ./Core/Src/main.o
 .debug_macro   0x0000000000000000      0x103 ./Core/Src/main.o
 .debug_macro   0x0000000000000000       0x6a ./Core/Src/main.o
 .debug_macro   0x0000000000000000      0x1df ./Core/Src/main.o
 .debug_macro   0x0000000000000000       0x1c ./Core/Src/main.o
 .debug_macro   0x0000000000000000       0x22 ./Core/Src/main.o
 .debug_macro   0x0000000000000000       0xbd ./Core/Src/main.o
 .debug_macro   0x0000000000000000      0xd23 ./Core/Src/main.o
 .debug_macro   0x0000000000000000     0xe09e ./Core/Src/main.o
 .debug_macro   0x0000000000000000       0x2e ./Core/Src/main.o
 .debug_macro   0x0000000000000000       0x43 ./Core/Src/main.o
 .debug_macro   0x0000000000000000       0x10 ./Core/Src/main.o
 .debug_macro   0x0000000000000000       0x16 ./Core/Src/main.o
 .group         0x0000000000000000        0xc ./Core/Src/timing_file.o
 .text          0x0000000000000000        0x0 ./Core/Src/timing_file.o
 .data          0x0000000000000000        0x0 ./Core/Src/timing_file.o
 .bss           0x0000000000000000        0x0 ./Core/Src/timing_file.o
 .debug_info    0x0000000000000000       0x21 ./Core/Src/timing_file.o
 .debug_abbrev  0x0000000000000000       0x13 ./Core/Src/timing_file.o
 .debug_aranges
                0x0000000000000000       0x18 ./Core/Src/timing_file.o
 .debug_macro   0x0000000000000000       0x1b ./Core/Src/timing_file.o
 .debug_macro   0x0000000000000000      0xa72 ./Core/Src/timing_file.o
 .debug_line    0x0000000000000000       0x86 ./Core/Src/timing_file.o
 .debug_str     0x0000000000000000     0x2cae ./Core/Src/timing_file.o
 .comment       0x0000000000000000       0x51 ./Core/Src/timing_file.o
 .ARM.attributes
                0x0000000000000000       0x2d ./Core/Src/timing_file.o
 .text          0x0000000000000000       0x14 ./Startup/startup_stm32f103xb.o
 .data          0x0000000000000000        0x0 ./Startup/startup_stm32f103xb.o
 .bss           0x0000000000000000        0x0 ./Startup/startup_stm32f103xb.o
 .text          0x0000000000000000        0x0 c:/programs/st/stm32cubeide_1.11.0/stm32cubeide/plugins/com.st.stm32cube.ide.mcu.externaltools.gnu-tools-for-stm32.10.3-2021.10.win32_1.0.100.202210260954/tools/bin/../lib/gcc/arm-none-eabi/10.3.1/../../../../arm-none-eabi/lib/thumb/v7-m/nofp\libc_nano.a(lib_a-exit.o)
 .data          0x0000000000000000        0x0 c:/programs/st/stm32cubeide_1.11.0/stm32cubeide/plugins/com.st.stm32cube.ide.mcu.externaltools.gnu-tools-for-stm32.10.3-2021.10.win32_1.0.100.202210260954/tools/bin/../lib/gcc/arm-none-eabi/10.3.1/../../../../arm-none-eabi/lib/thumb/v7-m/nofp\libc_nano.a(lib_a-exit.o)
 .bss           0x0000000000000000        0x0 c:/programs/st/stm32cubeide_1.11.0/stm32cubeide/plugins/com.st.stm32cube.ide.mcu.externaltools.gnu-tools-for-stm32.10.3-2021.10.win32_1.0.100.202210260954/tools/bin/../lib/gcc/arm-none-eabi/10.3.1/../../../../arm-none-eabi/lib/thumb/v7-m/nofp\libc_nano.a(lib_a-exit.o)
 .text.exit     0x0000000000000000       0x28 c:/programs/st/stm32cubeide_1.11.0/stm32cubeide/plugins/com.st.stm32cube.ide.mcu.externaltools.gnu-tools-for-stm32.10.3-2021.10.win32_1.0.100.202210260954/tools/bin/../lib/gcc/arm-none-eabi/10.3.1/../../../../arm-none-eabi/lib/thumb/v7-m/nofp\libc_nano.a(lib_a-exit.o)
 .debug_frame   0x0000000000000000       0x28 c:/programs/st/stm32cubeide_1.11.0/stm32cubeide/plugins/com.st.stm32cube.ide.mcu.externaltools.gnu-tools-for-stm32.10.3-2021.10.win32_1.0.100.202210260954/tools/bin/../lib/gcc/arm-none-eabi/10.3.1/../../../../arm-none-eabi/lib/thumb/v7-m/nofp\libc_nano.a(lib_a-exit.o)
 .ARM.attributes
                0x0000000000000000       0x2d c:/programs/st/stm32cubeide_1.11.0/stm32cubeide/plugins/com.st.stm32cube.ide.mcu.externaltools.gnu-tools-for-stm32.10.3-2021.10.win32_1.0.100.202210260954/tools/bin/../lib/gcc/arm-none-eabi/10.3.1/../../../../arm-none-eabi/lib/thumb/v7-m/nofp\libc_nano.a(lib_a-exit.o)
 .text          0x0000000000000000        0x0 c:/programs/st/stm32cubeide_1.11.0/stm32cubeide/plugins/com.st.stm32cube.ide.mcu.externaltools.gnu-tools-for-stm32.10.3-2021.10.win32_1.0.100.202210260954/tools/bin/../lib/gcc/arm-none-eabi/10.3.1/../../../../arm-none-eabi/lib/thumb/v7-m/nofp\libc_nano.a(lib_a-impure.o)
 .data          0x0000000000000000        0x0 c:/programs/st/stm32cubeide_1.11.0/stm32cubeide/plugins/com.st.stm32cube.ide.mcu.externaltools.gnu-tools-for-stm32.10.3-2021.10.win32_1.0.100.202210260954/tools/bin/../lib/gcc/arm-none-eabi/10.3.1/../../../../arm-none-eabi/lib/thumb/v7-m/nofp\libc_nano.a(lib_a-impure.o)
 .bss           0x0000000000000000        0x0 c:/programs/st/stm32cubeide_1.11.0/stm32cubeide/plugins/com.st.stm32cube.ide.mcu.externaltools.gnu-tools-for-stm32.10.3-2021.10.win32_1.0.100.202210260954/tools/bin/../lib/gcc/arm-none-eabi/10.3.1/../../../../arm-none-eabi/lib/thumb/v7-m/nofp\libc_nano.a(lib_a-impure.o)
 .data._impure_ptr
                0x0000000000000000        0x4 c:/programs/st/stm32cubeide_1.11.0/stm32cubeide/plugins/com.st.stm32cube.ide.mcu.externaltools.gnu-tools-for-stm32.10.3-2021.10.win32_1.0.100.202210260954/tools/bin/../lib/gcc/arm-none-eabi/10.3.1/../../../../arm-none-eabi/lib/thumb/v7-m/nofp\libc_nano.a(lib_a-impure.o)
 .data.impure_data
                0x0000000000000000       0x60 c:/programs/st/stm32cubeide_1.11.0/stm32cubeide/plugins/com.st.stm32cube.ide.mcu.externaltools.gnu-tools-for-stm32.10.3-2021.10.win32_1.0.100.202210260954/tools/bin/../lib/gcc/arm-none-eabi/10.3.1/../../../../arm-none-eabi/lib/thumb/v7-m/nofp\libc_nano.a(lib_a-impure.o)
 .rodata._global_impure_ptr
                0x0000000000000000        0x4 c:/programs/st/stm32cubeide_1.11.0/stm32cubeide/plugins/com.st.stm32cube.ide.mcu.externaltools.gnu-tools-for-stm32.10.3-2021.10.win32_1.0.100.202210260954/tools/bin/../lib/gcc/arm-none-eabi/10.3.1/../../../../arm-none-eabi/lib/thumb/v7-m/nofp\libc_nano.a(lib_a-impure.o)
 .ARM.attributes
                0x0000000000000000       0x2d c:/programs/st/stm32cubeide_1.11.0/stm32cubeide/plugins/com.st.stm32cube.ide.mcu.externaltools.gnu-tools-for-stm32.10.3-2021.10.win32_1.0.100.202210260954/tools/bin/../lib/gcc/arm-none-eabi/10.3.1/../../../../arm-none-eabi/lib/thumb/v7-m/nofp\libc_nano.a(lib_a-impure.o)
 .text          0x0000000000000000        0x0 c:/programs/st/stm32cubeide_1.11.0/stm32cubeide/plugins/com.st.stm32cube.ide.mcu.externaltools.gnu-tools-for-stm32.10.3-2021.10.win32_1.0.100.202210260954/tools/bin/../lib/gcc/arm-none-eabi/10.3.1/../../../../arm-none-eabi/lib/thumb/v7-m/nofp\libc_nano.a(lib_a-init.o)
 .data          0x0000000000000000        0x0 c:/programs/st/stm32cubeide_1.11.0/stm32cubeide/plugins/com.st.stm32cube.ide.mcu.externaltools.gnu-tools-for-stm32.10.3-2021.10.win32_1.0.100.202210260954/tools/bin/../lib/gcc/arm-none-eabi/10.3.1/../../../../arm-none-eabi/lib/thumb/v7-m/nofp\libc_nano.a(lib_a-init.o)
 .bss           0x0000000000000000        0x0 c:/programs/st/stm32cubeide_1.11.0/stm32cubeide/plugins/com.st.stm32cube.ide.mcu.externaltools.gnu-tools-for-stm32.10.3-2021.10.win32_1.0.100.202210260954/tools/bin/../lib/gcc/arm-none-eabi/10.3.1/../../../../arm-none-eabi/lib/thumb/v7-m/nofp\libc_nano.a(lib_a-init.o)
 .text          0x0000000000000000        0x0 c:/programs/st/stm32cubeide_1.11.0/stm32cubeide/plugins/com.st.stm32cube.ide.mcu.externaltools.gnu-tools-for-stm32.10.3-2021.10.win32_1.0.100.202210260954/tools/bin/../lib/gcc/arm-none-eabi/10.3.1/../../../../arm-none-eabi/lib/thumb/v7-m/nofp\libc_nano.a(lib_a-memset.o)
 .data          0x0000000000000000        0x0 c:/programs/st/stm32cubeide_1.11.0/stm32cubeide/plugins/com.st.stm32cube.ide.mcu.externaltools.gnu-tools-for-stm32.10.3-2021.10.win32_1.0.100.202210260954/tools/bin/../lib/gcc/arm-none-eabi/10.3.1/../../../../arm-none-eabi/lib/thumb/v7-m/nofp\libc_nano.a(lib_a-memset.o)
 .bss           0x0000000000000000        0x0 c:/programs/st/stm32cubeide_1.11.0/stm32cubeide/plugins/com.st.stm32cube.ide.mcu.externaltools.gnu-tools-for-stm32.10.3-2021.10.win32_1.0.100.202210260954/tools/bin/../lib/gcc/arm-none-eabi/10.3.1/../../../../arm-none-eabi/lib/thumb/v7-m/nofp\libc_nano.a(lib_a-memset.o)
 .text.memset   0x0000000000000000       0x10 c:/programs/st/stm32cubeide_1.11.0/stm32cubeide/plugins/com.st.stm32cube.ide.mcu.externaltools.gnu-tools-for-stm32.10.3-2021.10.win32_1.0.100.202210260954/tools/bin/../lib/gcc/arm-none-eabi/10.3.1/../../../../arm-none-eabi/lib/thumb/v7-m/nofp\libc_nano.a(lib_a-memset.o)
 .debug_frame   0x0000000000000000       0x20 c:/programs/st/stm32cubeide_1.11.0/stm32cubeide/plugins/com.st.stm32cube.ide.mcu.externaltools.gnu-tools-for-stm32.10.3-2021.10.win32_1.0.100.202210260954/tools/bin/../lib/gcc/arm-none-eabi/10.3.1/../../../../arm-none-eabi/lib/thumb/v7-m/nofp\libc_nano.a(lib_a-memset.o)
 .ARM.attributes
                0x0000000000000000       0x2d c:/programs/st/stm32cubeide_1.11.0/stm32cubeide/plugins/com.st.stm32cube.ide.mcu.externaltools.gnu-tools-for-stm32.10.3-2021.10.win32_1.0.100.202210260954/tools/bin/../lib/gcc/arm-none-eabi/10.3.1/../../../../arm-none-eabi/lib/thumb/v7-m/nofp\libc_nano.a(lib_a-memset.o)
 .text          0x0000000000000000        0x0 c:/programs/st/stm32cubeide_1.11.0/stm32cubeide/plugins/com.st.stm32cube.ide.mcu.externaltools.gnu-tools-for-stm32.10.3-2021.10.win32_1.0.100.202210260954/tools/bin/../lib/gcc/arm-none-eabi/10.3.1/../../../../arm-none-eabi/lib/thumb/v7-m/nofp\libnosys.a(_exit.o)
 .data          0x0000000000000000        0x0 c:/programs/st/stm32cubeide_1.11.0/stm32cubeide/plugins/com.st.stm32cube.ide.mcu.externaltools.gnu-tools-for-stm32.10.3-2021.10.win32_1.0.100.202210260954/tools/bin/../lib/gcc/arm-none-eabi/10.3.1/../../../../arm-none-eabi/lib/thumb/v7-m/nofp\libnosys.a(_exit.o)
 .bss           0x0000000000000000        0x0 c:/programs/st/stm32cubeide_1.11.0/stm32cubeide/plugins/com.st.stm32cube.ide.mcu.externaltools.gnu-tools-for-stm32.10.3-2021.10.win32_1.0.100.202210260954/tools/bin/../lib/gcc/arm-none-eabi/10.3.1/../../../../arm-none-eabi/lib/thumb/v7-m/nofp\libnosys.a(_exit.o)
 .text._exit    0x0000000000000000        0x2 c:/programs/st/stm32cubeide_1.11.0/stm32cubeide/plugins/com.st.stm32cube.ide.mcu.externaltools.gnu-tools-for-stm32.10.3-2021.10.win32_1.0.100.202210260954/tools/bin/../lib/gcc/arm-none-eabi/10.3.1/../../../../arm-none-eabi/lib/thumb/v7-m/nofp\libnosys.a(_exit.o)
 .debug_frame   0x0000000000000000       0x20 c:/programs/st/stm32cubeide_1.11.0/stm32cubeide/plugins/com.st.stm32cube.ide.mcu.externaltools.gnu-tools-for-stm32.10.3-2021.10.win32_1.0.100.202210260954/tools/bin/../lib/gcc/arm-none-eabi/10.3.1/../../../../arm-none-eabi/lib/thumb/v7-m/nofp\libnosys.a(_exit.o)
 .ARM.attributes
                0x0000000000000000       0x2d c:/programs/st/stm32cubeide_1.11.0/stm32cubeide/plugins/com.st.stm32cube.ide.mcu.externaltools.gnu-tools-for-stm32.10.3-2021.10.win32_1.0.100.202210260954/tools/bin/../lib/gcc/arm-none-eabi/10.3.1/../../../../arm-none-eabi/lib/thumb/v7-m/nofp\libnosys.a(_exit.o)
 .text          0x0000000000000000        0x0 c:/programs/st/stm32cubeide_1.11.0/stm32cubeide/plugins/com.st.stm32cube.ide.mcu.externaltools.gnu-tools-for-stm32.10.3-2021.10.win32_1.0.100.202210260954/tools/bin/../lib/gcc/arm-none-eabi/10.3.1/thumb/v7-m/nofp/crtend.o
 .data          0x0000000000000000        0x0 c:/programs/st/stm32cubeide_1.11.0/stm32cubeide/plugins/com.st.stm32cube.ide.mcu.externaltools.gnu-tools-for-stm32.10.3-2021.10.win32_1.0.100.202210260954/tools/bin/../lib/gcc/arm-none-eabi/10.3.1/thumb/v7-m/nofp/crtend.o
 .bss           0x0000000000000000        0x0 c:/programs/st/stm32cubeide_1.11.0/stm32cubeide/plugins/com.st.stm32cube.ide.mcu.externaltools.gnu-tools-for-stm32.10.3-2021.10.win32_1.0.100.202210260954/tools/bin/../lib/gcc/arm-none-eabi/10.3.1/thumb/v7-m/nofp/crtend.o
 .rodata        0x0000000000000000       0x24 c:/programs/st/stm32cubeide_1.11.0/stm32cubeide/plugins/com.st.stm32cube.ide.mcu.externaltools.gnu-tools-for-stm32.10.3-2021.10.win32_1.0.100.202210260954/tools/bin/../lib/gcc/arm-none-eabi/10.3.1/thumb/v7-m/nofp/crtend.o
 .eh_frame      0x0000000000000000        0x4 c:/programs/st/stm32cubeide_1.11.0/stm32cubeide/plugins/com.st.stm32cube.ide.mcu.externaltools.gnu-tools-for-stm32.10.3-2021.10.win32_1.0.100.202210260954/tools/bin/../lib/gcc/arm-none-eabi/10.3.1/thumb/v7-m/nofp/crtend.o
 .ARM.attributes
                0x0000000000000000       0x2d c:/programs/st/stm32cubeide_1.11.0/stm32cubeide/plugins/com.st.stm32cube.ide.mcu.externaltools.gnu-tools-for-stm32.10.3-2021.10.win32_1.0.100.202210260954/tools/bin/../lib/gcc/arm-none-eabi/10.3.1/thumb/v7-m/nofp/crtend.o
 .text          0x0000000000000000        0x0 c:/programs/st/stm32cubeide_1.11.0/stm32cubeide/plugins/com.st.stm32cube.ide.mcu.externaltools.gnu-tools-for-stm32.10.3-2021.10.win32_1.0.100.202210260954/tools/bin/../lib/gcc/arm-none-eabi/10.3.1/thumb/v7-m/nofp/crtn.o
 .data          0x0000000000000000        0x0 c:/programs/st/stm32cubeide_1.11.0/stm32cubeide/plugins/com.st.stm32cube.ide.mcu.externaltools.gnu-tools-for-stm32.10.3-2021.10.win32_1.0.100.202210260954/tools/bin/../lib/gcc/arm-none-eabi/10.3.1/thumb/v7-m/nofp/crtn.o
 .bss           0x0000000000000000        0x0 c:/programs/st/stm32cubeide_1.11.0/stm32cubeide/plugins/com.st.stm32cube.ide.mcu.externaltools.gnu-tools-for-stm32.10.3-2021.10.win32_1.0.100.202210260954/tools/bin/../lib/gcc/arm-none-eabi/10.3.1/thumb/v7-m/nofp/crtn.o

Memory Configuration

Name             Origin             Length             Attributes
RAM              0x0000000020000000 0x0000000000005000 xrw
FLASH            0x0000000008000000 0x0000000000010000 xr
*default*        0x0000000000000000 0xffffffffffffffff

Linker script and memory map

LOAD c:/programs/st/stm32cubeide_1.11.0/stm32cubeide/plugins/com.st.stm32cube.ide.mcu.externaltools.gnu-tools-for-stm32.10.3-2021.10.win32_1.0.100.202210260954/tools/bin/../lib/gcc/arm-none-eabi/10.3.1/thumb/v7-m/nofp/crti.o
LOAD c:/programs/st/stm32cubeide_1.11.0/stm32cubeide/plugins/com.st.stm32cube.ide.mcu.externaltools.gnu-tools-for-stm32.10.3-2021.10.win32_1.0.100.202210260954/tools/bin/../lib/gcc/arm-none-eabi/10.3.1/thumb/v7-m/nofp/crtbegin.o
LOAD c:/programs/st/stm32cubeide_1.11.0/stm32cubeide/plugins/com.st.stm32cube.ide.mcu.externaltools.gnu-tools-for-stm32.10.3-2021.10.win32_1.0.100.202210260954/tools/bin/../lib/gcc/arm-none-eabi/10.3.1/../../../../arm-none-eabi/lib/thumb/v7-m/nofp/crt0.o
LOAD ./CMSIS/src/system_stm32f1xx.o
LOAD ./Core/Src/I2C.o
LOAD ./Core/Src/ILI9341.o
LOAD ./Core/Src/IRQ.o
LOAD ./Core/Src/LCD_1602.o
LOAD ./Core/Src/RCC.o
LOAD ./Core/Src/SPI_Functions.o
LOAD ./Core/Src/basic_functions.o
LOAD ./Core/Src/main.o
LOAD ./Core/Src/timing_file.o
LOAD ./Startup/startup_stm32f103xb.o
START GROUP
LOAD c:/programs/st/stm32cubeide_1.11.0/stm32cubeide/plugins/com.st.stm32cube.ide.mcu.externaltools.gnu-tools-for-stm32.10.3-2021.10.win32_1.0.100.202210260954/tools/bin/../lib/gcc/arm-none-eabi/10.3.1/../../../../arm-none-eabi/lib/thumb/v7-m/nofp\libc_nano.a
LOAD c:/programs/st/stm32cubeide_1.11.0/stm32cubeide/plugins/com.st.stm32cube.ide.mcu.externaltools.gnu-tools-for-stm32.10.3-2021.10.win32_1.0.100.202210260954/tools/bin/../lib/gcc/arm-none-eabi/10.3.1/../../../../arm-none-eabi/lib/thumb/v7-m/nofp\libm.a
END GROUP
START GROUP
LOAD c:/programs/st/stm32cubeide_1.11.0/stm32cubeide/plugins/com.st.stm32cube.ide.mcu.externaltools.gnu-tools-for-stm32.10.3-2021.10.win32_1.0.100.202210260954/tools/bin/../lib/gcc/arm-none-eabi/10.3.1/thumb/v7-m/nofp\libgcc.a
LOAD c:/programs/st/stm32cubeide_1.11.0/stm32cubeide/plugins/com.st.stm32cube.ide.mcu.externaltools.gnu-tools-for-stm32.10.3-2021.10.win32_1.0.100.202210260954/tools/bin/../lib/gcc/arm-none-eabi/10.3.1/../../../../arm-none-eabi/lib/thumb/v7-m/nofp\libc_nano.a
END GROUP
START GROUP
LOAD c:/programs/st/stm32cubeide_1.11.0/stm32cubeide/plugins/com.st.stm32cube.ide.mcu.externaltools.gnu-tools-for-stm32.10.3-2021.10.win32_1.0.100.202210260954/tools/bin/../lib/gcc/arm-none-eabi/10.3.1/thumb/v7-m/nofp\libgcc.a
LOAD c:/programs/st/stm32cubeide_1.11.0/stm32cubeide/plugins/com.st.stm32cube.ide.mcu.externaltools.gnu-tools-for-stm32.10.3-2021.10.win32_1.0.100.202210260954/tools/bin/../lib/gcc/arm-none-eabi/10.3.1/../../../../arm-none-eabi/lib/thumb/v7-m/nofp\libc_nano.a
LOAD c:/programs/st/stm32cubeide_1.11.0/stm32cubeide/plugins/com.st.stm32cube.ide.mcu.externaltools.gnu-tools-for-stm32.10.3-2021.10.win32_1.0.100.202210260954/tools/bin/../lib/gcc/arm-none-eabi/10.3.1/../../../../arm-none-eabi/lib/thumb/v7-m/nofp\libnosys.a
END GROUP
START GROUP
LOAD c:/programs/st/stm32cubeide_1.11.0/stm32cubeide/plugins/com.st.stm32cube.ide.mcu.externaltools.gnu-tools-for-stm32.10.3-2021.10.win32_1.0.100.202210260954/tools/bin/../lib/gcc/arm-none-eabi/10.3.1/thumb/v7-m/nofp\libgcc.a
LOAD c:/programs/st/stm32cubeide_1.11.0/stm32cubeide/plugins/com.st.stm32cube.ide.mcu.externaltools.gnu-tools-for-stm32.10.3-2021.10.win32_1.0.100.202210260954/tools/bin/../lib/gcc/arm-none-eabi/10.3.1/../../../../arm-none-eabi/lib/thumb/v7-m/nofp\libc_nano.a
LOAD c:/programs/st/stm32cubeide_1.11.0/stm32cubeide/plugins/com.st.stm32cube.ide.mcu.externaltools.gnu-tools-for-stm32.10.3-2021.10.win32_1.0.100.202210260954/tools/bin/../lib/gcc/arm-none-eabi/10.3.1/../../../../arm-none-eabi/lib/thumb/v7-m/nofp\libnosys.a
END GROUP
LOAD c:/programs/st/stm32cubeide_1.11.0/stm32cubeide/plugins/com.st.stm32cube.ide.mcu.externaltools.gnu-tools-for-stm32.10.3-2021.10.win32_1.0.100.202210260954/tools/bin/../lib/gcc/arm-none-eabi/10.3.1/thumb/v7-m/nofp/crtend.o
LOAD c:/programs/st/stm32cubeide_1.11.0/stm32cubeide/plugins/com.st.stm32cube.ide.mcu.externaltools.gnu-tools-for-stm32.10.3-2021.10.win32_1.0.100.202210260954/tools/bin/../lib/gcc/arm-none-eabi/10.3.1/thumb/v7-m/nofp/crtn.o
                0x0000000020005000                _estack = (ORIGIN (RAM) + LENGTH (RAM))
                0x0000000000000200                _Min_Heap_Size = 0x200
                0x0000000000000400                _Min_Stack_Size = 0x400

.isr_vector     0x0000000008000000      0x10c
                0x0000000008000000                . = ALIGN (0x4)
 *(.isr_vector)
 .isr_vector    0x0000000008000000      0x10c ./Startup/startup_stm32f103xb.o
                0x0000000008000000                g_pfnVectors
                0x000000000800010c                . = ALIGN (0x4)

.text           0x000000000800010c      0xa24
                0x000000000800010c                . = ALIGN (0x4)
 *(.text)
 .text          0x000000000800010c       0x40 c:/programs/st/stm32cubeide_1.11.0/stm32cubeide/plugins/com.st.stm32cube.ide.mcu.externaltools.gnu-tools-for-stm32.10.3-2021.10.win32_1.0.100.202210260954/tools/bin/../lib/gcc/arm-none-eabi/10.3.1/thumb/v7-m/nofp/crtbegin.o
 *(.text*)
 .text.SystemInit
                0x000000000800014c        0xc ./CMSIS/src/system_stm32f1xx.o
                0x000000000800014c                SystemInit
 .text.I2C_init
                0x0000000008000158       0xd0 ./Core/Src/I2C.o
                0x0000000008000158                I2C_init
 .text.delay_time
                0x0000000008000228       0x3c ./Core/Src/IRQ.o
                0x0000000008000228                delay_time
 .text.GetTick  0x0000000008000264       0x14 ./Core/Src/IRQ.o
                0x0000000008000264                GetTick
 .text.SysTick_Handler
                0x0000000008000278       0x1c ./Core/Src/IRQ.o
                0x0000000008000278                SysTick_Handler
 .text.TIM3_IRQHandler
                0x0000000008000294       0x80 ./Core/Src/IRQ.o
                0x0000000008000294                TIM3_IRQHandler
 .text.DMA1_Channel1_IRQHandler
                0x0000000008000314       0x54 ./Core/Src/IRQ.o
                0x0000000008000314                DMA1_Channel1_IRQHandler
 .text.LCD_SendInternal
                0x0000000008000368       0x6c ./Core/Src/LCD_1602.o
                0x0000000008000368                LCD_SendInternal
 .text.LCD_SendCommand
                0x00000000080003d4       0x24 ./Core/Src/LCD_1602.o
                0x00000000080003d4                LCD_SendCommand
 .text.LCD_SendData
                0x00000000080003f8       0x24 ./Core/Src/LCD_1602.o
                0x00000000080003f8                LCD_SendData
 .text.LCD_SendString
                0x000000000800041c       0x34 ./Core/Src/LCD_1602.o
                0x000000000800041c                LCD_SendString
 .text.I2C_Scan
                0x0000000008000450       0x98 ./Core/Src/LCD_1602.o
                0x0000000008000450                I2C_Scan
 .text.LCD_Init
                0x00000000080004e8       0x3a ./Core/Src/LCD_1602.o
                0x00000000080004e8                LCD_Init
 *fill*         0x0000000008000522        0x2 
 .text.LCD_1602_init
                0x0000000008000524       0x54 ./Core/Src/LCD_1602.o
                0x0000000008000524                LCD_1602_init
 .text.__NVIC_EnableIRQ
                0x0000000008000578       0x38 ./Core/Src/RCC.o
 .text.RCC_init
                0x00000000080005b0      0x10c ./Core/Src/RCC.o
                0x00000000080005b0                RCC_init
 .text.Sys_clock
                0x00000000080006bc       0x68 ./Core/Src/RCC.o
                0x00000000080006bc                Sys_clock
 .text.TIMx_init
                0x0000000008000724       0xf4 ./Core/Src/RCC.o
                0x0000000008000724                TIMx_init
 .text.__NVIC_EnableIRQ
                0x0000000008000818       0x38 ./Core/Src/main.o
 .text.main     0x0000000008000850       0x44 ./Core/Src/main.o
                0x0000000008000850                main
 .text.GPIO_init
                0x0000000008000894       0x5c ./Core/Src/main.o
                0x0000000008000894                GPIO_init
 .text.ADC_DMA_Init
                0x00000000080008f0       0xcc ./Core/Src/main.o
                0x00000000080008f0                ADC_DMA_Init
 .text.ADC_Init
                0x00000000080009bc       0xc8 ./Core/Src/main.o
                0x00000000080009bc                ADC_Init
 .text.Reset_Handler
                0x0000000008000a84       0x48 ./Startup/startup_stm32f103xb.o
                0x0000000008000a84                Reset_Handler
 .text.Default_Handler
                0x0000000008000acc        0x2 ./Startup/startup_stm32f103xb.o
                0x0000000008000acc                RTC_Alarm_IRQHandler
                0x0000000008000acc                EXTI2_IRQHandler
                0x0000000008000acc                DebugMon_Handler
                0x0000000008000acc                TIM1_CC_IRQHandler
                0x0000000008000acc                HardFault_Handler
                0x0000000008000acc                PVD_IRQHandler
                0x0000000008000acc                PendSV_Handler
                0x0000000008000acc                NMI_Handler
                0x0000000008000acc                EXTI3_IRQHandler
                0x0000000008000acc                EXTI0_IRQHandler
                0x0000000008000acc                I2C2_EV_IRQHandler
                0x0000000008000acc                UsageFault_Handler
                0x0000000008000acc                ADC1_2_IRQHandler
                0x0000000008000acc                SPI1_IRQHandler
                0x0000000008000acc                TAMPER_IRQHandler
                0x0000000008000acc                DMA1_Channel4_IRQHandler
                0x0000000008000acc                USART3_IRQHandler
                0x0000000008000acc                RTC_IRQHandler
                0x0000000008000acc                DMA1_Channel7_IRQHandler
                0x0000000008000acc                CAN1_RX1_IRQHandler
                0x0000000008000acc                TIM4_IRQHandler
                0x0000000008000acc                I2C1_EV_IRQHandler
                0x0000000008000acc                DMA1_Channel6_IRQHandler
                0x0000000008000acc                RCC_IRQHandler
                0x0000000008000acc                TIM1_TRG_COM_IRQHandler
                0x0000000008000acc                Default_Handler
                0x0000000008000acc                EXTI15_10_IRQHandler
                0x0000000008000acc                EXTI9_5_IRQHandler
                0x0000000008000acc                SPI2_IRQHandler
                0x0000000008000acc                MemManage_Handler
                0x0000000008000acc                SVC_Handler
                0x0000000008000acc                DMA1_Channel5_IRQHandler
                0x0000000008000acc                EXTI4_IRQHandler
                0x0000000008000acc                USB_LP_CAN1_RX0_IRQHandler
                0x0000000008000acc                USB_HP_CAN1_TX_IRQHandler
                0x0000000008000acc                DMA1_Channel3_IRQHandler
                0x0000000008000acc                TIM1_UP_IRQHandler
                0x0000000008000acc                WWDG_IRQHandler
                0x0000000008000acc                TIM2_IRQHandler
                0x0000000008000acc                TIM1_BRK_IRQHandler
                0x0000000008000acc                EXTI1_IRQHandler
                0x0000000008000acc                USART2_IRQHandler
                0x0000000008000acc                I2C2_ER_IRQHandler
                0x0000000008000acc                DMA1_Channel2_IRQHandler
                0x0000000008000acc                CAN1_SCE_IRQHandler
                0x0000000008000acc                FLASH_IRQHandler
                0x0000000008000acc                BusFault_Handler
                0x0000000008000acc                USART1_IRQHandler
                0x0000000008000acc                I2C1_ER_IRQHandler
                0x0000000008000acc                USBWakeUp_IRQHandler
 *fill*         0x0000000008000ace        0x2 
 .text.__libc_init_array
                0x0000000008000ad0       0x48 c:/programs/st/stm32cubeide_1.11.0/stm32cubeide/plugins/com.st.stm32cube.ide.mcu.externaltools.gnu-tools-for-stm32.10.3-2021.10.win32_1.0.100.202210260954/tools/bin/../lib/gcc/arm-none-eabi/10.3.1/../../../../arm-none-eabi/lib/thumb/v7-m/nofp\libc_nano.a(lib_a-init.o)
                0x0000000008000ad0                __libc_init_array
 *(.glue_7)
 .glue_7        0x0000000008000b18        0x0 linker stubs
 *(.glue_7t)
 .glue_7t       0x0000000008000b18        0x0 linker stubs
 *(.eh_frame)
 .eh_frame      0x0000000008000b18        0x0 c:/programs/st/stm32cubeide_1.11.0/stm32cubeide/plugins/com.st.stm32cube.ide.mcu.externaltools.gnu-tools-for-stm32.10.3-2021.10.win32_1.0.100.202210260954/tools/bin/../lib/gcc/arm-none-eabi/10.3.1/thumb/v7-m/nofp/crtbegin.o
 *(.init)
 .init          0x0000000008000b18        0x4 c:/programs/st/stm32cubeide_1.11.0/stm32cubeide/plugins/com.st.stm32cube.ide.mcu.externaltools.gnu-tools-for-stm32.10.3-2021.10.win32_1.0.100.202210260954/tools/bin/../lib/gcc/arm-none-eabi/10.3.1/thumb/v7-m/nofp/crti.o
                0x0000000008000b18                _init
 .init          0x0000000008000b1c        0x8 c:/programs/st/stm32cubeide_1.11.0/stm32cubeide/plugins/com.st.stm32cube.ide.mcu.externaltools.gnu-tools-for-stm32.10.3-2021.10.win32_1.0.100.202210260954/tools/bin/../lib/gcc/arm-none-eabi/10.3.1/thumb/v7-m/nofp/crtn.o
 *(.fini)
 .fini          0x0000000008000b24        0x4 c:/programs/st/stm32cubeide_1.11.0/stm32cubeide/plugins/com.st.stm32cube.ide.mcu.externaltools.gnu-tools-for-stm32.10.3-2021.10.win32_1.0.100.202210260954/tools/bin/../lib/gcc/arm-none-eabi/10.3.1/thumb/v7-m/nofp/crti.o
                0x0000000008000b24                _fini
 .fini          0x0000000008000b28        0x8 c:/programs/st/stm32cubeide_1.11.0/stm32cubeide/plugins/com.st.stm32cube.ide.mcu.externaltools.gnu-tools-for-stm32.10.3-2021.10.win32_1.0.100.202210260954/tools/bin/../lib/gcc/arm-none-eabi/10.3.1/thumb/v7-m/nofp/crtn.o
                0x0000000008000b30                . = ALIGN (0x4)
                0x0000000008000b30                _etext = .

.vfp11_veneer   0x0000000008000b30        0x0
 .vfp11_veneer  0x0000000008000b30        0x0 linker stubs

.v4_bx          0x0000000008000b30        0x0
 .v4_bx         0x0000000008000b30        0x0 linker stubs

.iplt           0x0000000008000b30        0x0
 .iplt          0x0000000008000b30        0x0 c:/programs/st/stm32cubeide_1.11.0/stm32cubeide/plugins/com.st.stm32cube.ide.mcu.externaltools.gnu-tools-for-stm32.10.3-2021.10.win32_1.0.100.202210260954/tools/bin/../lib/gcc/arm-none-eabi/10.3.1/thumb/v7-m/nofp/crtbegin.o

.rodata         0x0000000008000b30       0x20
                0x0000000008000b30                . = ALIGN (0x4)
 *(.rodata)
 .rodata        0x0000000008000b30       0x1f ./Core/Src/LCD_1602.o
 *(.rodata*)
                0x0000000008000b50                . = ALIGN (0x4)
 *fill*         0x0000000008000b4f        0x1 

.rel.dyn        0x0000000008000b50        0x0
 .rel.iplt      0x0000000008000b50        0x0 c:/programs/st/stm32cubeide_1.11.0/stm32cubeide/plugins/com.st.stm32cube.ide.mcu.externaltools.gnu-tools-for-stm32.10.3-2021.10.win32_1.0.100.202210260954/tools/bin/../lib/gcc/arm-none-eabi/10.3.1/thumb/v7-m/nofp/crtbegin.o

.ARM.extab      0x0000000008000b50        0x0
                0x0000000008000b50                . = ALIGN (0x4)
 *(.ARM.extab* .gnu.linkonce.armextab.*)
                0x0000000008000b50                . = ALIGN (0x4)

.ARM            0x0000000008000b50        0x0
                0x0000000008000b50                . = ALIGN (0x4)
                0x0000000008000b50                __exidx_start = .
 *(.ARM.exidx*)
                0x0000000008000b50                __exidx_end = .
                0x0000000008000b50                . = ALIGN (0x4)

.preinit_array  0x0000000008000b50        0x0
                0x0000000008000b50                . = ALIGN (0x4)
                0x0000000008000b50                PROVIDE (__preinit_array_start = .)
 *(.preinit_array*)
                0x0000000008000b50                PROVIDE (__preinit_array_end = .)
                0x0000000008000b50                . = ALIGN (0x4)

.init_array     0x0000000008000b50        0x4
                0x0000000008000b50                . = ALIGN (0x4)
                0x0000000008000b50                PROVIDE (__init_array_start = .)
 *(SORT_BY_NAME(.init_array.*))
 *(.init_array*)
 .init_array    0x0000000008000b50        0x4 c:/programs/st/stm32cubeide_1.11.0/stm32cubeide/plugins/com.st.stm32cube.ide.mcu.externaltools.gnu-tools-for-stm32.10.3-2021.10.win32_1.0.100.202210260954/tools/bin/../lib/gcc/arm-none-eabi/10.3.1/thumb/v7-m/nofp/crtbegin.o
                0x0000000008000b54                PROVIDE (__init_array_end = .)
                0x0000000008000b54                . = ALIGN (0x4)

.fini_array     0x0000000008000b54        0x4
                0x0000000008000b54                . = ALIGN (0x4)
                [!provide]                        PROVIDE (__fini_array_start = .)
 *(SORT_BY_NAME(.fini_array.*))
 *(.fini_array*)
 .fini_array    0x0000000008000b54        0x4 c:/programs/st/stm32cubeide_1.11.0/stm32cubeide/plugins/com.st.stm32cube.ide.mcu.externaltools.gnu-tools-for-stm32.10.3-2021.10.win32_1.0.100.202210260954/tools/bin/../lib/gcc/arm-none-eabi/10.3.1/thumb/v7-m/nofp/crtbegin.o
                [!provide]                        PROVIDE (__fini_array_end = .)
                0x0000000008000b58                . = ALIGN (0x4)
                0x0000000008000b58                _sidata = LOADADDR (.data)

.data           0x0000000020000000        0x0 load address 0x0000000008000b58
                0x0000000020000000                . = ALIGN (0x4)
                0x0000000020000000                _sdata = .
 *(.data)
 *(.data*)
 *(.RamFunc)
 *(.RamFunc*)
                0x0000000020000000                . = ALIGN (0x4)
                0x0000000020000000                _edata = .

.igot.plt       0x0000000020000000        0x0 load address 0x0000000008000b58
 .igot.plt      0x0000000020000000        0x0 c:/programs/st/stm32cubeide_1.11.0/stm32cubeide/plugins/com.st.stm32cube.ide.mcu.externaltools.gnu-tools-for-stm32.10.3-2021.10.win32_1.0.100.202210260954/tools/bin/../lib/gcc/arm-none-eabi/10.3.1/thumb/v7-m/nofp/crtbegin.o
                0x0000000020000000                . = ALIGN (0x4)

.bss            0x0000000020000000       0x3c load address 0x0000000008000b58
                0x0000000020000000                _sbss = .
                0x0000000020000000                __bss_start__ = _sbss
 *(.bss)
 .bss           0x0000000020000000       0x1c c:/programs/st/stm32cubeide_1.11.0/stm32cubeide/plugins/com.st.stm32cube.ide.mcu.externaltools.gnu-tools-for-stm32.10.3-2021.10.win32_1.0.100.202210260954/tools/bin/../lib/gcc/arm-none-eabi/10.3.1/thumb/v7-m/nofp/crtbegin.o
 *(.bss*)
 .bss.TIME      0x000000002000001c       0x10 ./Core/Src/IRQ.o
                0x000000002000001c                TIME
 .bss.TICK      0x000000002000002c        0x4 ./Core/Src/IRQ.o
 .bss.err       0x0000000020000030        0x1 ./Core/Src/main.o
                0x0000000020000030                err
 *fill*         0x0000000020000031        0x3 
 .bss.buff      0x0000000020000034        0x8 ./Core/Src/main.o
                0x0000000020000034                buff
 *(COMMON)
                0x000000002000003c                . = ALIGN (0x4)
                0x000000002000003c                _ebss = .
                0x000000002000003c                __bss_end__ = _ebss

._user_heap_stack
                0x000000002000003c      0x604 load address 0x0000000008000b58
                0x0000000020000040                . = ALIGN (0x8)
 *fill*         0x000000002000003c        0x4 
                [!provide]                        PROVIDE (end = .)
                [!provide]                        PROVIDE (_end = .)
                0x0000000020000240                . = (. + _Min_Heap_Size)
 *fill*         0x0000000020000040      0x200 
                0x0000000020000640                . = (. + _Min_Stack_Size)
 *fill*         0x0000000020000240      0x400 
                0x0000000020000640                . = ALIGN (0x8)

/DISCARD/
 libc.a(*)
 libm.a(*)
 libgcc.a(*)

.ARM.attributes
                0x0000000000000000       0x29
 *(.ARM.attributes)
 .ARM.attributes
                0x0000000000000000       0x1d c:/programs/st/stm32cubeide_1.11.0/stm32cubeide/plugins/com.st.stm32cube.ide.mcu.externaltools.gnu-tools-for-stm32.10.3-2021.10.win32_1.0.100.202210260954/tools/bin/../lib/gcc/arm-none-eabi/10.3.1/thumb/v7-m/nofp/crti.o
 .ARM.attributes
                0x000000000000001d       0x2d c:/programs/st/stm32cubeide_1.11.0/stm32cubeide/plugins/com.st.stm32cube.ide.mcu.externaltools.gnu-tools-for-stm32.10.3-2021.10.win32_1.0.100.202210260954/tools/bin/../lib/gcc/arm-none-eabi/10.3.1/thumb/v7-m/nofp/crtbegin.o
 .ARM.attributes
                0x000000000000004a       0x2d ./CMSIS/src/system_stm32f1xx.o
 .ARM.attributes
                0x0000000000000077       0x2d ./Core/Src/I2C.o
 .ARM.attributes
                0x00000000000000a4       0x2d ./Core/Src/IRQ.o
 .ARM.attributes
                0x00000000000000d1       0x2d ./Core/Src/LCD_1602.o
 .ARM.attributes
                0x00000000000000fe       0x2d ./Core/Src/RCC.o
 .ARM.attributes
                0x000000000000012b       0x2d ./Core/Src/main.o
 .ARM.attributes
                0x0000000000000158       0x21 ./Startup/startup_stm32f103xb.o
 .ARM.attributes
                0x0000000000000179       0x2d c:/programs/st/stm32cubeide_1.11.0/stm32cubeide/plugins/com.st.stm32cube.ide.mcu.externaltools.gnu-tools-for-stm32.10.3-2021.10.win32_1.0.100.202210260954/tools/bin/../lib/gcc/arm-none-eabi/10.3.1/../../../../arm-none-eabi/lib/thumb/v7-m/nofp\libc_nano.a(lib_a-init.o)
 .ARM.attributes
                0x00000000000001a6       0x1d c:/programs/st/stm32cubeide_1.11.0/stm32cubeide/plugins/com.st.stm32cube.ide.mcu.externaltools.gnu-tools-for-stm32.10.3-2021.10.win32_1.0.100.202210260954/tools/bin/../lib/gcc/arm-none-eabi/10.3.1/thumb/v7-m/nofp/crtn.o
OUTPUT(CMSIS_C8t6.elf elf32-littlearm)
LOAD linker stubs
LOAD c:/programs/st/stm32cubeide_1.11.0/stm32cubeide/plugins/com.st.stm32cube.ide.mcu.externaltools.gnu-tools-for-stm32.10.3-2021.10.win32_1.0.100.202210260954/tools/bin/../lib/gcc/arm-none-eabi/10.3.1/../../../../arm-none-eabi/lib/thumb/v7-m/nofp\libc.a
LOAD c:/programs/st/stm32cubeide_1.11.0/stm32cubeide/plugins/com.st.stm32cube.ide.mcu.externaltools.gnu-tools-for-stm32.10.3-2021.10.win32_1.0.100.202210260954/tools/bin/../lib/gcc/arm-none-eabi/10.3.1/../../../../arm-none-eabi/lib/thumb/v7-m/nofp\libm.a
LOAD c:/programs/st/stm32cubeide_1.11.0/stm32cubeide/plugins/com.st.stm32cube.ide.mcu.externaltools.gnu-tools-for-stm32.10.3-2021.10.win32_1.0.100.202210260954/tools/bin/../lib/gcc/arm-none-eabi/10.3.1/thumb/v7-m/nofp\libgcc.a

.debug_info     0x0000000000000000     0x1952
 .debug_info    0x0000000000000000      0x236 ./CMSIS/src/system_stm32f1xx.o
 .debug_info    0x0000000000000236      0x263 ./Core/Src/I2C.o
 .debug_info    0x0000000000000499      0x3a8 ./Core/Src/IRQ.o
 .debug_info    0x0000000000000841      0x306 ./Core/Src/LCD_1602.o
 .debug_info    0x0000000000000b47      0x6f4 ./Core/Src/RCC.o
 .debug_info    0x000000000000123b      0x6f5 ./Core/Src/main.o
 .debug_info    0x0000000000001930       0x22 ./Startup/startup_stm32f103xb.o

.debug_abbrev   0x0000000000000000      0x87b
 .debug_abbrev  0x0000000000000000      0x13b ./CMSIS/src/system_stm32f1xx.o
 .debug_abbrev  0x000000000000013b       0xb7 ./Core/Src/I2C.o
 .debug_abbrev  0x00000000000001f2      0x192 ./Core/Src/IRQ.o
 .debug_abbrev  0x0000000000000384      0x154 ./Core/Src/LCD_1602.o
 .debug_abbrev  0x00000000000004d8      0x16e ./Core/Src/RCC.o
 .debug_abbrev  0x0000000000000646      0x223 ./Core/Src/main.o
 .debug_abbrev  0x0000000000000869       0x12 ./Startup/startup_stm32f103xb.o

.debug_aranges  0x0000000000000000      0x180
 .debug_aranges
                0x0000000000000000       0x28 ./CMSIS/src/system_stm32f1xx.o
 .debug_aranges
                0x0000000000000028       0x20 ./Core/Src/I2C.o
 .debug_aranges
                0x0000000000000048       0x40 ./Core/Src/IRQ.o
 .debug_aranges
                0x0000000000000088       0x50 ./Core/Src/LCD_1602.o
 .debug_aranges
                0x00000000000000d8       0x40 ./Core/Src/RCC.o
 .debug_aranges
                0x0000000000000118       0x40 ./Core/Src/main.o
 .debug_aranges
                0x0000000000000158       0x28 ./Startup/startup_stm32f103xb.o

.debug_ranges   0x0000000000000000      0x118
 .debug_ranges  0x0000000000000000       0x18 ./CMSIS/src/system_stm32f1xx.o
 .debug_ranges  0x0000000000000018       0x10 ./Core/Src/I2C.o
 .debug_ranges  0x0000000000000028       0x30 ./Core/Src/IRQ.o
 .debug_ranges  0x0000000000000058       0x40 ./Core/Src/LCD_1602.o
 .debug_ranges  0x0000000000000098       0x30 ./Core/Src/RCC.o
 .debug_ranges  0x00000000000000c8       0x30 ./Core/Src/main.o
 .debug_ranges  0x00000000000000f8       0x20 ./Startup/startup_stm32f103xb.o

.debug_macro    0x0000000000000000    0x1031b
 .debug_macro   0x0000000000000000       0xc8 ./CMSIS/src/system_stm32f1xx.o
 .debug_macro   0x00000000000000c8      0xa72 ./CMSIS/src/system_stm32f1xx.o
 .debug_macro   0x0000000000000b3a       0x2e ./CMSIS/src/system_stm32f1xx.o
 .debug_macro   0x0000000000000b68       0x22 ./CMSIS/src/system_stm32f1xx.o
 .debug_macro   0x0000000000000b8a       0x22 ./CMSIS/src/system_stm32f1xx.o
 .debug_macro   0x0000000000000bac       0x8e ./CMSIS/src/system_stm32f1xx.o
 .debug_macro   0x0000000000000c3a       0x51 ./CMSIS/src/system_stm32f1xx.o
 .debug_macro   0x0000000000000c8b      0x103 ./CMSIS/src/system_stm32f1xx.o
 .debug_macro   0x0000000000000d8e       0x6a ./CMSIS/src/system_stm32f1xx.o
 .debug_macro   0x0000000000000df8      0x1df ./CMSIS/src/system_stm32f1xx.o
 .debug_macro   0x0000000000000fd7       0x1c ./CMSIS/src/system_stm32f1xx.o
 .debug_macro   0x0000000000000ff3       0x22 ./CMSIS/src/system_stm32f1xx.o
 .debug_macro   0x0000000000001015       0xbd ./CMSIS/src/system_stm32f1xx.o
 .debug_macro   0x00000000000010d2      0xd23 ./CMSIS/src/system_stm32f1xx.o
 .debug_macro   0x0000000000001df5     0xe09e ./CMSIS/src/system_stm32f1xx.o
 .debug_macro   0x000000000000fe93       0x43 ./CMSIS/src/system_stm32f1xx.o
 .debug_macro   0x000000000000fed6       0xd3 ./Core/Src/I2C.o
 .debug_macro   0x000000000000ffa9       0x16 ./Core/Src/I2C.o
 .debug_macro   0x000000000000ffbf       0xb6 ./Core/Src/IRQ.o
 .debug_macro   0x0000000000010075       0xd8 ./Core/Src/LCD_1602.o
 .debug_macro   0x000000000001014d       0xcc ./Core/Src/RCC.o
 .debug_macro   0x0000000000010219      0x102 ./Core/Src/main.o

.debug_line     0x0000000000000000     0x211e
 .debug_line    0x0000000000000000      0x4f8 ./CMSIS/src/system_stm32f1xx.o
 .debug_line    0x00000000000004f8      0x4dc ./Core/Src/I2C.o
 .debug_line    0x00000000000009d4      0x570 ./Core/Src/IRQ.o
 .debug_line    0x0000000000000f44      0x616 ./Core/Src/LCD_1602.o
 .debug_line    0x000000000000155a      0x580 ./Core/Src/RCC.o
 .debug_line    0x0000000000001ada      0x5c4 ./Core/Src/main.o
 .debug_line    0x000000000000209e       0x80 ./Startup/startup_stm32f103xb.o

.debug_str      0x0000000000000000    0x546a6
 .debug_str     0x0000000000000000    0x53f75 ./CMSIS/src/system_stm32f1xx.o
                                      0x5419f (size before relaxing)
 .debug_str     0x0000000000053f75       0xad ./Core/Src/I2C.o
                                      0x5418f (size before relaxing)
 .debug_str     0x0000000000054022       0xd5 ./Core/Src/IRQ.o
                                      0x53f0a (size before relaxing)
 .debug_str     0x00000000000540f7       0xf7 ./Core/Src/LCD_1602.o
                                      0x541c8 (size before relaxing)
 .debug_str     0x00000000000541ee      0x373 ./Core/Src/RCC.o
                                      0x54557 (size before relaxing)
 .debug_str     0x0000000000054561      0x116 ./Core/Src/main.o
                                      0x5464b (size before relaxing)
 .debug_str     0x0000000000054677       0x2f ./Startup/startup_stm32f103xb.o
                                         0x67 (size before relaxing)

.comment        0x0000000000000000       0x50
 .comment       0x0000000000000000       0x50 ./CMSIS/src/system_stm32f1xx.o
                                         0x51 (size before relaxing)
 .comment       0x0000000000000050       0x51 ./Core/Src/I2C.o
 .comment       0x0000000000000050       0x51 ./Core/Src/IRQ.o
 .comment       0x0000000000000050       0x51 ./Core/Src/LCD_1602.o
 .comment       0x0000000000000050       0x51 ./Core/Src/RCC.o
 .comment       0x0000000000000050       0x51 ./Core/Src/main.o

.debug_frame    0x0000000000000000      0x3d8
 .debug_frame   0x0000000000000000       0x58 ./CMSIS/src/system_stm32f1xx.o
 .debug_frame   0x0000000000000058       0x2c ./Core/Src/I2C.o
 .debug_frame   0x0000000000000084       0xb4 ./Core/Src/IRQ.o
 .debug_frame   0x0000000000000138      0x114 ./Core/Src/LCD_1602.o
 .debug_frame   0x000000000000024c       0xb4 ./Core/Src/RCC.o
 .debug_frame   0x0000000000000300       0xac ./Core/Src/main.o
 .debug_frame   0x00000000000003ac       0x2c c:/programs/st/stm32cubeide_1.11.0/stm32cubeide/plugins/com.st.stm32cube.ide.mcu.externaltools.gnu-tools-for-stm32.10.3-2021.10.win32_1.0.100.202210260954/tools/bin/../lib/gcc/arm-none-eabi/10.3.1/../../../../arm-none-eabi/lib/thumb/v7-m/nofp\libc_nano.a(lib_a-init.o)
