Archive member included to satisfy reference by file (symbol)

d:/avip_sokol/stm32cubeide_1.7.0/stm32cubeide/plugins/com.st.stm32cube.ide.mcu.externaltools.gnu-tools-for-stm32.10.3-2021.10.win32_1.0.0.202111181127/tools/bin/../lib/gcc/arm-none-eabi/10.3.1/../../../../arm-none-eabi/lib/thumb/v7-m/nofp\libc_nano.a(lib_a-errno.o)
                              ./Core/Src/syscalls.o (__errno)
d:/avip_sokol/stm32cubeide_1.7.0/stm32cubeide/plugins/com.st.stm32cube.ide.mcu.externaltools.gnu-tools-for-stm32.10.3-2021.10.win32_1.0.0.202111181127/tools/bin/../lib/gcc/arm-none-eabi/10.3.1/../../../../arm-none-eabi/lib/thumb/v7-m/nofp\libc_nano.a(lib_a-exit.o)
                              d:/avip_sokol/stm32cubeide_1.7.0/stm32cubeide/plugins/com.st.stm32cube.ide.mcu.externaltools.gnu-tools-for-stm32.10.3-2021.10.win32_1.0.0.202111181127/tools/bin/../lib/gcc/arm-none-eabi/10.3.1/../../../../arm-none-eabi/lib/thumb/v7-m/nofp/crt0.o (exit)
d:/avip_sokol/stm32cubeide_1.7.0/stm32cubeide/plugins/com.st.stm32cube.ide.mcu.externaltools.gnu-tools-for-stm32.10.3-2021.10.win32_1.0.0.202111181127/tools/bin/../lib/gcc/arm-none-eabi/10.3.1/../../../../arm-none-eabi/lib/thumb/v7-m/nofp\libc_nano.a(lib_a-impure.o)
                              d:/avip_sokol/stm32cubeide_1.7.0/stm32cubeide/plugins/com.st.stm32cube.ide.mcu.externaltools.gnu-tools-for-stm32.10.3-2021.10.win32_1.0.0.202111181127/tools/bin/../lib/gcc/arm-none-eabi/10.3.1/../../../../arm-none-eabi/lib/thumb/v7-m/nofp\libc_nano.a(lib_a-exit.o) (_global_impure_ptr)
d:/avip_sokol/stm32cubeide_1.7.0/stm32cubeide/plugins/com.st.stm32cube.ide.mcu.externaltools.gnu-tools-for-stm32.10.3-2021.10.win32_1.0.0.202111181127/tools/bin/../lib/gcc/arm-none-eabi/10.3.1/../../../../arm-none-eabi/lib/thumb/v7-m/nofp\libc_nano.a(lib_a-init.o)
                              d:/avip_sokol/stm32cubeide_1.7.0/stm32cubeide/plugins/com.st.stm32cube.ide.mcu.externaltools.gnu-tools-for-stm32.10.3-2021.10.win32_1.0.0.202111181127/tools/bin/../lib/gcc/arm-none-eabi/10.3.1/../../../../arm-none-eabi/lib/thumb/v7-m/nofp/crt0.o (__libc_init_array)
d:/avip_sokol/stm32cubeide_1.7.0/stm32cubeide/plugins/com.st.stm32cube.ide.mcu.externaltools.gnu-tools-for-stm32.10.3-2021.10.win32_1.0.0.202111181127/tools/bin/../lib/gcc/arm-none-eabi/10.3.1/../../../../arm-none-eabi/lib/thumb/v7-m/nofp\libc_nano.a(lib_a-memset.o)
                              d:/avip_sokol/stm32cubeide_1.7.0/stm32cubeide/plugins/com.st.stm32cube.ide.mcu.externaltools.gnu-tools-for-stm32.10.3-2021.10.win32_1.0.0.202111181127/tools/bin/../lib/gcc/arm-none-eabi/10.3.1/../../../../arm-none-eabi/lib/thumb/v7-m/nofp/crt0.o (memset)

Discarded input sections

 .text          0x0000000000000000        0x0 d:/avip_sokol/stm32cubeide_1.7.0/stm32cubeide/plugins/com.st.stm32cube.ide.mcu.externaltools.gnu-tools-for-stm32.10.3-2021.10.win32_1.0.0.202111181127/tools/bin/../lib/gcc/arm-none-eabi/10.3.1/thumb/v7-m/nofp/crti.o
 .data          0x0000000000000000        0x0 d:/avip_sokol/stm32cubeide_1.7.0/stm32cubeide/plugins/com.st.stm32cube.ide.mcu.externaltools.gnu-tools-for-stm32.10.3-2021.10.win32_1.0.0.202111181127/tools/bin/../lib/gcc/arm-none-eabi/10.3.1/thumb/v7-m/nofp/crti.o
 .bss           0x0000000000000000        0x0 d:/avip_sokol/stm32cubeide_1.7.0/stm32cubeide/plugins/com.st.stm32cube.ide.mcu.externaltools.gnu-tools-for-stm32.10.3-2021.10.win32_1.0.0.202111181127/tools/bin/../lib/gcc/arm-none-eabi/10.3.1/thumb/v7-m/nofp/crti.o
 .data          0x0000000000000000        0x4 d:/avip_sokol/stm32cubeide_1.7.0/stm32cubeide/plugins/com.st.stm32cube.ide.mcu.externaltools.gnu-tools-for-stm32.10.3-2021.10.win32_1.0.0.202111181127/tools/bin/../lib/gcc/arm-none-eabi/10.3.1/thumb/v7-m/nofp/crtbegin.o
 .rodata        0x0000000000000000       0x24 d:/avip_sokol/stm32cubeide_1.7.0/stm32cubeide/plugins/com.st.stm32cube.ide.mcu.externaltools.gnu-tools-for-stm32.10.3-2021.10.win32_1.0.0.202111181127/tools/bin/../lib/gcc/arm-none-eabi/10.3.1/thumb/v7-m/nofp/crtbegin.o
 .text          0x0000000000000000       0x7c d:/avip_sokol/stm32cubeide_1.7.0/stm32cubeide/plugins/com.st.stm32cube.ide.mcu.externaltools.gnu-tools-for-stm32.10.3-2021.10.win32_1.0.0.202111181127/tools/bin/../lib/gcc/arm-none-eabi/10.3.1/../../../../arm-none-eabi/lib/thumb/v7-m/nofp/crt0.o
 .data          0x0000000000000000        0x0 d:/avip_sokol/stm32cubeide_1.7.0/stm32cubeide/plugins/com.st.stm32cube.ide.mcu.externaltools.gnu-tools-for-stm32.10.3-2021.10.win32_1.0.0.202111181127/tools/bin/../lib/gcc/arm-none-eabi/10.3.1/../../../../arm-none-eabi/lib/thumb/v7-m/nofp/crt0.o
 .bss           0x0000000000000000        0x0 d:/avip_sokol/stm32cubeide_1.7.0/stm32cubeide/plugins/com.st.stm32cube.ide.mcu.externaltools.gnu-tools-for-stm32.10.3-2021.10.win32_1.0.0.202111181127/tools/bin/../lib/gcc/arm-none-eabi/10.3.1/../../../../arm-none-eabi/lib/thumb/v7-m/nofp/crt0.o
[...]
Memory Configuration

Name             Origin             Length             Attributes
RAM              0x0000000020000000 0x0000000000005000 xrw
FLASH            0x0000000008000000 0x0000000000010000 xr
*default*        0x0000000000000000 0xffffffffffffffff

Linker script and memory map

LOAD d:/avip_sokol/stm32cubeide_1.7.0/stm32cubeide/plugins/com.st.stm32cube.ide.mcu.externaltools.gnu-tools-for-stm32.10.3-2021.10.win32_1.0.0.202111181127/tools/bin/../lib/gcc/arm-none-eabi/10.3.1/thumb/v7-m/nofp/crti.o
LOAD d:/avip_sokol/stm32cubeide_1.7.0/stm32cubeide/plugins/com.st.stm32cube.ide.mcu.externaltools.gnu-tools-for-stm32.10.3-2021.10.win32_1.0.0.202111181127/tools/bin/../lib/gcc/arm-none-eabi/10.3.1/thumb/v7-m/nofp/crtbegin.o
LOAD d:/avip_sokol/stm32cubeide_1.7.0/stm32cubeide/plugins/com.st.stm32cube.ide.mcu.externaltools.gnu-tools-for-stm32.10.3-2021.10.win32_1.0.0.202111181127/tools/bin/../lib/gcc/arm-none-eabi/10.3.1/../../../../arm-none-eabi/lib/thumb/v7-m/nofp/crt0.o
LOAD ./Core/Src/main.o
LOAD ./Core/Src/stm32f1xx_hal_msp.o
LOAD ./Core/Src/stm32f1xx_it.o
LOAD ./Core/Src/syscalls.o
LOAD ./Core/Src/sysmem.o
LOAD ./Core/Src/system_stm32f1xx.o
LOAD ./Core/Startup/startup_stm32f103c8tx.o
LOAD ./Drivers/STM32F1xx_HAL_Driver/Src/stm32f1xx_hal.o
LOAD ./Drivers/STM32F1xx_HAL_Driver/Src/stm32f1xx_hal_cortex.o
LOAD ./Drivers/STM32F1xx_HAL_Driver/Src/stm32f1xx_hal_dma.o
LOAD ./Drivers/STM32F1xx_HAL_Driver/Src/stm32f1xx_hal_exti.o
LOAD ./Drivers/STM32F1xx_HAL_Driver/Src/stm32f1xx_hal_flash.o
LOAD ./Drivers/STM32F1xx_HAL_Driver/Src/stm32f1xx_hal_flash_ex.o
LOAD ./Drivers/STM32F1xx_HAL_Driver/Src/stm32f1xx_hal_gpio.o
LOAD ./Drivers/STM32F1xx_HAL_Driver/Src/stm32f1xx_hal_gpio_ex.o
LOAD ./Drivers/STM32F1xx_HAL_Driver/Src/stm32f1xx_hal_pcd.o
LOAD ./Drivers/STM32F1xx_HAL_Driver/Src/stm32f1xx_hal_pcd_ex.o
LOAD ./Drivers/STM32F1xx_HAL_Driver/Src/stm32f1xx_hal_pwr.o
LOAD ./Drivers/STM32F1xx_HAL_Driver/Src/stm32f1xx_hal_rcc.o
LOAD ./Drivers/STM32F1xx_HAL_Driver/Src/stm32f1xx_hal_rcc_ex.o
LOAD ./Drivers/STM32F1xx_HAL_Driver/Src/stm32f1xx_hal_tim.o
LOAD ./Drivers/STM32F1xx_HAL_Driver/Src/stm32f1xx_hal_tim_ex.o
LOAD ./Drivers/STM32F1xx_HAL_Driver/Src/stm32f1xx_hal_uart.o
LOAD ./Drivers/STM32F1xx_HAL_Driver/Src/stm32f1xx_ll_usb.o
LOAD ./Middlewares/ST/STM32_USB_Device_Library/Class/CDC/Src/usbd_cdc.o
LOAD ./Middlewares/ST/STM32_USB_Device_Library/Core/Src/usbd_core.o
LOAD ./Middlewares/ST/STM32_USB_Device_Library/Core/Src/usbd_ctlreq.o
LOAD ./Middlewares/ST/STM32_USB_Device_Library/Core/Src/usbd_ioreq.o
LOAD ./USB_DEVICE/App/usb_device.o
LOAD ./USB_DEVICE/App/usbd_cdc_if.o
LOAD ./USB_DEVICE/App/usbd_desc.o
LOAD ./USB_DEVICE/Target/usbd_conf.o
START GROUP
LOAD d:/avip_sokol/stm32cubeide_1.7.0/stm32cubeide/plugins/com.st.stm32cube.ide.mcu.externaltools.gnu-tools-for-stm32.10.3-2021.10.win32_1.0.0.202111181127/tools/bin/../lib/gcc/arm-none-eabi/10.3.1/../../../../arm-none-eabi/lib/thumb/v7-m/nofp\libc_nano.a
LOAD d:/avip_sokol/stm32cubeide_1.7.0/stm32cubeide/plugins/com.st.stm32cube.ide.mcu.externaltools.gnu-tools-for-stm32.10.3-2021.10.win32_1.0.0.202111181127/tools/bin/../lib/gcc/arm-none-eabi/10.3.1/../../../../arm-none-eabi/lib/thumb/v7-m/nofp\libm.a
END GROUP
START GROUP
LOAD d:/avip_sokol/stm32cubeide_1.7.0/stm32cubeide/plugins/com.st.stm32cube.ide.mcu.externaltools.gnu-tools-for-stm32.10.3-2021.10.win32_1.0.0.202111181127/tools/bin/../lib/gcc/arm-none-eabi/10.3.1/thumb/v7-m/nofp\libgcc.a
LOAD d:/avip_sokol/stm32cubeide_1.7.0/stm32cubeide/plugins/com.st.stm32cube.ide.mcu.externaltools.gnu-tools-for-stm32.10.3-2021.10.win32_1.0.0.202111181127/tools/bin/../lib/gcc/arm-none-eabi/10.3.1/../../../../arm-none-eabi/lib/thumb/v7-m/nofp\libc_nano.a
END GROUP
START GROUP
LOAD d:/avip_sokol/stm32cubeide_1.7.0/stm32cubeide/plugins/com.st.stm32cube.ide.mcu.externaltools.gnu-tools-for-stm32.10.3-2021.10.win32_1.0.0.202111181127/tools/bin/../lib/gcc/arm-none-eabi/10.3.1/thumb/v7-m/nofp\libgcc.a
LOAD d:/avip_sokol/stm32cubeide_1.7.0/stm32cubeide/plugins/com.st.stm32cube.ide.mcu.externaltools.gnu-tools-for-stm32.10.3-2021.10.win32_1.0.0.202111181127/tools/bin/../lib/gcc/arm-none-eabi/10.3.1/../../../../arm-none-eabi/lib/thumb/v7-m/nofp\libc_nano.a
LOAD d:/avip_sokol/stm32cubeide_1.7.0/stm32cubeide/plugins/com.st.stm32cube.ide.mcu.externaltools.gnu-tools-for-stm32.10.3-2021.10.win32_1.0.0.202111181127/tools/bin/../lib/gcc/arm-none-eabi/10.3.1/../../../../arm-none-eabi/lib/thumb/v7-m/nofp\libnosys.a
END GROUP
START GROUP
LOAD d:/avip_sokol/stm32cubeide_1.7.0/stm32cubeide/plugins/com.st.stm32cube.ide.mcu.externaltools.gnu-tools-for-stm32.10.3-2021.10.win32_1.0.0.202111181127/tools/bin/../lib/gcc/arm-none-eabi/10.3.1/thumb/v7-m/nofp\libgcc.a
LOAD d:/avip_sokol/stm32cubeide_1.7.0/stm32cubeide/plugins/com.st.stm32cube.ide.mcu.externaltools.gnu-tools-for-stm32.10.3-2021.10.win32_1.0.0.202111181127/tools/bin/../lib/gcc/arm-none-eabi/10.3.1/../../../../arm-none-eabi/lib/thumb/v7-m/nofp\libc_nano.a
LOAD d:/avip_sokol/stm32cubeide_1.7.0/stm32cubeide/plugins/com.st.stm32cube.ide.mcu.externaltools.gnu-tools-for-stm32.10.3-2021.10.win32_1.0.0.202111181127/tools/bin/../lib/gcc/arm-none-eabi/10.3.1/../../../../arm-none-eabi/lib/thumb/v7-m/nofp\libnosys.a
END GROUP
LOAD d:/avip_sokol/stm32cubeide_1.7.0/stm32cubeide/plugins/com.st.stm32cube.ide.mcu.externaltools.gnu-tools-for-stm32.10.3-2021.10.win32_1.0.0.202111181127/tools/bin/../lib/gcc/arm-none-eabi/10.3.1/thumb/v7-m/nofp/crtend.o
LOAD d:/avip_sokol/stm32cubeide_1.7.0/stm32cubeide/plugins/com.st.stm32cube.ide.mcu.externaltools.gnu-tools-for-stm32.10.3-2021.10.win32_1.0.0.202111181127/tools/bin/../lib/gcc/arm-none-eabi/10.3.1/thumb/v7-m/nofp/crtn.o
                0x0000000020005000                _estack = (ORIGIN (RAM) + LENGTH (RAM))
                0x0000000000000200                _Min_Heap_Size = 0x200
                0x0000000000000400                _Min_Stack_Size = 0x400

.isr_vector     0x0000000008000000      0x10c
                0x0000000008000000                . = ALIGN (0x4)
 *(.isr_vector)
 .isr_vector    0x0000000008000000      0x10c ./Core/Startup/startup_stm32f103c8tx.o
                0x0000000008000000                g_pfnVectors
                0x000000000800010c                . = ALIGN (0x4)

.text           0x000000000800010c     0x9468
                0x000000000800010c                . = ALIGN (0x4)
 *(.text)
 .text          0x000000000800010c       0x40 d:/avip_sokol/stm32cubeide_1.7.0/stm32cubeide/plugins/com.st.stm32cube.ide.mcu.externaltools.gnu-tools-for-stm32.10.3-2021.10.win32_1.0.0.202111181127/tools/bin/../lib/gcc/arm-none-eabi/10.3.1/thumb/v7-m/nofp/crtbegin.o
 *(.text*)
 .text.main     0x000000000800014c      0x120 ./Core/Src/main.o
                0x000000000800014c                main
 .text.SystemClock_Config
                0x000000000800026c       0xb4 ./Core/Src/main.o
                0x000000000800026c                SystemClock_Config
 .text.MX_TIM1_Init
                0x0000000008000320      0x108 ./Core/Src/main.o
 .text.MX_USART1_UART_Init
                0x0000000008000428       0x54 ./Core/Src/main.o
 .text.MX_GPIO_Init
                0x000000000800047c       0xc8 ./Core/Src/main.o
 .text.Error_Handler
                0x0000000008000544        0xa ./Core/Src/main.o
                0x0000000008000544                Error_Handler
 .text.assert_failed
                0x000000000800054e       0x14 ./Core/Src/main.o
                0x000000000800054e                assert_failed
 *fill*         0x0000000008000562        0x2 
 .text.HAL_MspInit
                0x0000000008000564       0x64 ./Core/Src/stm32f1xx_hal_msp.o
                0x0000000008000564                HAL_MspInit
 .text.HAL_TIM_PWM_MspInit
                0x00000000080005c8       0x3c ./Core/Src/stm32f1xx_hal_msp.o
                0x00000000080005c8                HAL_TIM_PWM_MspInit
 .text.HAL_TIM_MspPostInit
                0x0000000008000604       0x68 ./Core/Src/stm32f1xx_hal_msp.o
                0x0000000008000604                HAL_TIM_MspPostInit
 .text.HAL_UART_MspInit
                0x000000000800066c       0x98 ./Core/Src/stm32f1xx_hal_msp.o
                0x000000000800066c                HAL_UART_MspInit
 .text.NMI_Handler
                0x0000000008000704        0x6 ./Core/Src/stm32f1xx_it.o
                0x0000000008000704                NMI_Handler
 .text.HardFault_Handler
                0x000000000800070a        0x6 ./Core/Src/stm32f1xx_it.o
                0x000000000800070a                HardFault_Handler
 .text.MemManage_Handler
                0x0000000008000710        0x6 ./Core/Src/stm32f1xx_it.o
                0x0000000008000710                MemManage_Handler
 .text.BusFault_Handler
                0x0000000008000716        0x6 ./Core/Src/stm32f1xx_it.o
                0x0000000008000716                BusFault_Handler
 .text.UsageFault_Handler
                0x000000000800071c        0x6 ./Core/Src/stm32f1xx_it.o
                0x000000000800071c                UsageFault_Handler
 .text.SVC_Handler
                0x0000000008000722        0xc ./Core/Src/stm32f1xx_it.o
                0x0000000008000722                SVC_Handler
 .text.DebugMon_Handler
                0x000000000800072e        0xc ./Core/Src/stm32f1xx_it.o
                0x000000000800072e                DebugMon_Handler
 .text.PendSV_Handler
                0x000000000800073a        0xc ./Core/Src/stm32f1xx_it.o
                0x000000000800073a                PendSV_Handler
 .text.SysTick_Handler
                0x0000000008000746        0xc ./Core/Src/stm32f1xx_it.o
                0x0000000008000746                SysTick_Handler
 .text.EXTI4_IRQHandler
                0x0000000008000752        0xe ./Core/Src/stm32f1xx_it.o
                0x0000000008000752                EXTI4_IRQHandler
 .text.USB_LP_CAN1_RX0_IRQHandler
                0x0000000008000760       0x14 ./Core/Src/stm32f1xx_it.o
                0x0000000008000760                USB_LP_CAN1_RX0_IRQHandler
 .text.EXTI9_5_IRQHandler
                0x0000000008000774        0xe ./Core/Src/stm32f1xx_it.o
                0x0000000008000774                EXTI9_5_IRQHandler
 .text.SystemInit
                0x0000000008000782        0xc ./Core/Src/system_stm32f1xx.o
                0x0000000008000782                SystemInit
 *fill*         0x000000000800078e        0x2 
 .text.Reset_Handler
                0x0000000008000790       0x48 ./Core/Startup/startup_stm32f103c8tx.o
                0x0000000008000790                Reset_Handler
 .text.Default_Handler
                0x00000000080007d8        0x2 ./Core/Startup/startup_stm32f103c8tx.o
                0x00000000080007d8                RTC_Alarm_IRQHandler
                0x00000000080007d8                EXTI2_IRQHandler
                0x00000000080007d8                TIM1_CC_IRQHandler
                0x00000000080007d8                PVD_IRQHandler
                0x00000000080007d8                EXTI3_IRQHandler
                0x00000000080007d8                EXTI0_IRQHandler
                0x00000000080007d8                I2C2_EV_IRQHandler
                0x00000000080007d8                ADC1_2_IRQHandler
                0x00000000080007d8                SPI1_IRQHandler
                0x00000000080007d8                TAMPER_IRQHandler
                0x00000000080007d8                DMA1_Channel4_IRQHandler
                0x00000000080007d8                USART3_IRQHandler
                0x00000000080007d8                RTC_IRQHandler
                0x00000000080007d8                DMA1_Channel7_IRQHandler
                0x00000000080007d8                CAN1_RX1_IRQHandler
                0x00000000080007d8                TIM4_IRQHandler
                0x00000000080007d8                I2C1_EV_IRQHandler
                0x00000000080007d8                DMA1_Channel6_IRQHandler
                0x00000000080007d8                TIM3_IRQHandler
                0x00000000080007d8                RCC_IRQHandler
                0x00000000080007d8                TIM1_TRG_COM_IRQHandler
                0x00000000080007d8                DMA1_Channel1_IRQHandler
                0x00000000080007d8                Default_Handler
                0x00000000080007d8                EXTI15_10_IRQHandler
                0x00000000080007d8                SPI2_IRQHandler
                0x00000000080007d8                DMA1_Channel5_IRQHandler
                0x00000000080007d8                USB_HP_CAN1_TX_IRQHandler
                0x00000000080007d8                DMA1_Channel3_IRQHandler
                0x00000000080007d8                TIM1_UP_IRQHandler
                0x00000000080007d8                WWDG_IRQHandler
                0x00000000080007d8                TIM2_IRQHandler
                0x00000000080007d8                TIM1_BRK_IRQHandler
                0x00000000080007d8                EXTI1_IRQHandler
                0x00000000080007d8                USART2_IRQHandler
                0x00000000080007d8                I2C2_ER_IRQHandler
                0x00000000080007d8                DMA1_Channel2_IRQHandler
                0x00000000080007d8                CAN1_SCE_IRQHandler
                0x00000000080007d8                FLASH_IRQHandler
                0x00000000080007d8                USART1_IRQHandler
                0x00000000080007d8                I2C1_ER_IRQHandler
                0x00000000080007d8                USBWakeUp_IRQHandler
 *fill*         0x00000000080007da        0x2 
 .text.HAL_Init
                0x00000000080007dc       0x2c ./Drivers/STM32F1xx_HAL_Driver/Src/stm32f1xx_hal.o
                0x00000000080007dc                HAL_Init
 .text.HAL_InitTick
                0x0000000008000808       0x60 ./Drivers/STM32F1xx_HAL_Driver/Src/stm32f1xx_hal.o
                0x0000000008000808                HAL_InitTick
 .text.HAL_IncTick
                0x0000000008000868       0x24 ./Drivers/STM32F1xx_HAL_Driver/Src/stm32f1xx_hal.o
                0x0000000008000868                HAL_IncTick
 .text.HAL_GetTick
                0x000000000800088c       0x14 ./Drivers/STM32F1xx_HAL_Driver/Src/stm32f1xx_hal.o
                0x000000000800088c                HAL_GetTick
 .text.HAL_Delay
                0x00000000080008a0       0x48 ./Drivers/STM32F1xx_HAL_Driver/Src/stm32f1xx_hal.o
                0x00000000080008a0                HAL_Delay
 .text.__NVIC_SetPriorityGrouping
                0x00000000080008e8       0x48 ./Drivers/STM32F1xx_HAL_Driver/Src/stm32f1xx_hal_cortex.o
 .text.__NVIC_GetPriorityGrouping
                0x0000000008000930       0x1c ./Drivers/STM32F1xx_HAL_Driver/Src/stm32f1xx_hal_cortex.o
 .text.__NVIC_EnableIRQ
                0x000000000800094c       0x38 ./Drivers/STM32F1xx_HAL_Driver/Src/stm32f1xx_hal_cortex.o
 .text.__NVIC_SetPriority
                0x0000000008000984       0x54 ./Drivers/STM32F1xx_HAL_Driver/Src/stm32f1xx_hal_cortex.o
 .text.NVIC_EncodePriority
                0x00000000080009d8       0x64 ./Drivers/STM32F1xx_HAL_Driver/Src/stm32f1xx_hal_cortex.o
 .text.SysTick_Config
                0x0000000008000a3c       0x44 ./Drivers/STM32F1xx_HAL_Driver/Src/stm32f1xx_hal_cortex.o
 .text.HAL_NVIC_SetPriorityGrouping
                0x0000000008000a80       0x40 ./Drivers/STM32F1xx_HAL_Driver/Src/stm32f1xx_hal_cortex.o
                0x0000000008000a80                HAL_NVIC_SetPriorityGrouping
 .text.HAL_NVIC_SetPriority
                0x0000000008000ac0       0x58 ./Drivers/STM32F1xx_HAL_Driver/Src/stm32f1xx_hal_cortex.o
                0x0000000008000ac0                HAL_NVIC_SetPriority
 .text.HAL_NVIC_EnableIRQ
                0x0000000008000b18       0x30 ./Drivers/STM32F1xx_HAL_Driver/Src/stm32f1xx_hal_cortex.o
                0x0000000008000b18                HAL_NVIC_EnableIRQ
 .text.HAL_SYSTICK_Config
                0x0000000008000b48       0x18 ./Drivers/STM32F1xx_HAL_Driver/Src/stm32f1xx_hal_cortex.o
                0x0000000008000b48                HAL_SYSTICK_Config
 .text.HAL_GPIO_Init
                0x0000000008000b60      0x4dc ./Drivers/STM32F1xx_HAL_Driver/Src/stm32f1xx_hal_gpio.o
                0x0000000008000b60                HAL_GPIO_Init
 .text.HAL_GPIO_WritePin
                0x000000000800103c       0x64 ./Drivers/STM32F1xx_HAL_Driver/Src/stm32f1xx_hal_gpio.o
                0x000000000800103c                HAL_GPIO_WritePin
 .text.HAL_GPIO_TogglePin
                0x00000000080010a0       0x50 ./Drivers/STM32F1xx_HAL_Driver/Src/stm32f1xx_hal_gpio.o
                0x00000000080010a0                HAL_GPIO_TogglePin
 .text.HAL_GPIO_EXTI_IRQHandler
                0x00000000080010f0       0x30 ./Drivers/STM32F1xx_HAL_Driver/Src/stm32f1xx_hal_gpio.o
                0x00000000080010f0                HAL_GPIO_EXTI_IRQHandler
 .text.HAL_GPIO_EXTI_Callback
                0x0000000008001120       0x64 ./Drivers/STM32F1xx_HAL_Driver/Src/stm32f1xx_hal_gpio.o
                0x0000000008001120                HAL_GPIO_EXTI_Callback
 .text.HAL_PCD_Init
                0x0000000008001184      0x230 ./Drivers/STM32F1xx_HAL_Driver/Src/stm32f1xx_hal_pcd.o
                0x0000000008001184                HAL_PCD_Init
 .text.HAL_PCD_Start
                0x00000000080013b4       0x4c ./Drivers/STM32F1xx_HAL_Driver/Src/stm32f1xx_hal_pcd.o
                0x00000000080013b4                HAL_PCD_Start
 .text.HAL_PCD_IRQHandler
                0x0000000008001400      0x2a6 ./Drivers/STM32F1xx_HAL_Driver/Src/stm32f1xx_hal_pcd.o
                0x0000000008001400                HAL_PCD_IRQHandler
 .text.HAL_PCD_SetAddress
                0x00000000080016a6       0x4a ./Drivers/STM32F1xx_HAL_Driver/Src/stm32f1xx_hal_pcd.o
                0x00000000080016a6                HAL_PCD_SetAddress
 .text.HAL_PCD_EP_Open
                0x00000000080016f0       0xcc ./Drivers/STM32F1xx_HAL_Driver/Src/stm32f1xx_hal_pcd.o
                0x00000000080016f0                HAL_PCD_EP_Open
 .text.HAL_PCD_EP_Close
                0x00000000080017bc       0x90 ./Drivers/STM32F1xx_HAL_Driver/Src/stm32f1xx_hal_pcd.o
                0x00000000080017bc                HAL_PCD_EP_Close
 .text.HAL_PCD_EP_Receive
                0x000000000800184c       0x7a ./Drivers/STM32F1xx_HAL_Driver/Src/stm32f1xx_hal_pcd.o
                0x000000000800184c                HAL_PCD_EP_Receive
 .text.HAL_PCD_EP_GetRxCount
                0x00000000080018c6       0x2e ./Drivers/STM32F1xx_HAL_Driver/Src/stm32f1xx_hal_pcd.o
                0x00000000080018c6                HAL_PCD_EP_GetRxCount
 .text.HAL_PCD_EP_Transmit
                0x00000000080018f4       0x86 ./Drivers/STM32F1xx_HAL_Driver/Src/stm32f1xx_hal_pcd.o
                0x00000000080018f4                HAL_PCD_EP_Transmit
 .text.HAL_PCD_EP_SetStall
                0x000000000800197a       0xc0 ./Drivers/STM32F1xx_HAL_Driver/Src/stm32f1xx_hal_pcd.o
                0x000000000800197a                HAL_PCD_EP_SetStall
 .text.HAL_PCD_EP_ClrStall
                0x0000000008001a3a       0xa8 ./Drivers/STM32F1xx_HAL_Driver/Src/stm32f1xx_hal_pcd.o
                0x0000000008001a3a                HAL_PCD_EP_ClrStall
 .text.PCD_EP_ISR_Handler
                0x0000000008001ae2      0x600 ./Drivers/STM32F1xx_HAL_Driver/Src/stm32f1xx_hal_pcd.o
 .text.HAL_PCD_EP_DB_Receive
                0x00000000080020e2      0x21a ./Drivers/STM32F1xx_HAL_Driver/Src/stm32f1xx_hal_pcd.o
 .text.HAL_PCD_EP_DB_Transmit
                0x00000000080022fc      0x7a4 ./Drivers/STM32F1xx_HAL_Driver/Src/stm32f1xx_hal_pcd.o
 .text.HAL_PCDEx_PMAConfig
                0x0000000008002aa0       0x84 ./Drivers/STM32F1xx_HAL_Driver/Src/stm32f1xx_hal_pcd_ex.o
                0x0000000008002aa0                HAL_PCDEx_PMAConfig
 .text.HAL_RCC_OscConfig
                0x0000000008002b24      0x6dc ./Drivers/STM32F1xx_HAL_Driver/Src/stm32f1xx_hal_rcc.o
                0x0000000008002b24                HAL_RCC_OscConfig
 .text.HAL_RCC_ClockConfig
                0x0000000008003200      0x320 ./Drivers/STM32F1xx_HAL_Driver/Src/stm32f1xx_hal_rcc.o
                0x0000000008003200                HAL_RCC_ClockConfig
 .text.HAL_RCC_GetSysClockFreq
                0x0000000008003520       0xbc ./Drivers/STM32F1xx_HAL_Driver/Src/stm32f1xx_hal_rcc.o
                0x0000000008003520                HAL_RCC_GetSysClockFreq
 .text.HAL_RCC_GetHCLKFreq
                0x00000000080035dc       0x14 ./Drivers/STM32F1xx_HAL_Driver/Src/stm32f1xx_hal_rcc.o
                0x00000000080035dc                HAL_RCC_GetHCLKFreq
 .text.HAL_RCC_GetPCLK1Freq
                0x00000000080035f0       0x28 ./Drivers/STM32F1xx_HAL_Driver/Src/stm32f1xx_hal_rcc.o
                0x00000000080035f0                HAL_RCC_GetPCLK1Freq
 .text.HAL_RCC_GetPCLK2Freq
                0x0000000008003618       0x28 ./Drivers/STM32F1xx_HAL_Driver/Src/stm32f1xx_hal_rcc.o
                0x0000000008003618                HAL_RCC_GetPCLK2Freq
 .text.RCC_Delay
                0x0000000008003640       0x3c ./Drivers/STM32F1xx_HAL_Driver/Src/stm32f1xx_hal_rcc.o
 .text.HAL_RCCEx_PeriphCLKConfig
                0x000000000800367c      0x214 ./Drivers/STM32F1xx_HAL_Driver/Src/stm32f1xx_hal_rcc_ex.o
                0x000000000800367c                HAL_RCCEx_PeriphCLKConfig
 .text.HAL_TIM_PWM_Init
                0x0000000008003890      0x154 ./Drivers/STM32F1xx_HAL_Driver/Src/stm32f1xx_hal_tim.o
                0x0000000008003890                HAL_TIM_PWM_Init
 .text.HAL_TIM_PWM_Start
                0x00000000080039e4      0x1dc ./Drivers/STM32F1xx_HAL_Driver/Src/stm32f1xx_hal_tim.o
                0x00000000080039e4                HAL_TIM_PWM_Start
 .text.HAL_TIM_PWM_ConfigChannel
                0x0000000008003bc0      0x2dc ./Drivers/STM32F1xx_HAL_Driver/Src/stm32f1xx_hal_tim.o
                0x0000000008003bc0                HAL_TIM_PWM_ConfigChannel
 .text.TIM_Base_SetConfig
                0x0000000008003e9c       0xc4 ./Drivers/STM32F1xx_HAL_Driver/Src/stm32f1xx_hal_tim.o
                0x0000000008003e9c                TIM_Base_SetConfig
 .text.TIM_OC1_SetConfig
                0x0000000008003f60      0x120 ./Drivers/STM32F1xx_HAL_Driver/Src/stm32f1xx_hal_tim.o
 .text.TIM_OC2_SetConfig
                0x0000000008004080      0x128 ./Drivers/STM32F1xx_HAL_Driver/Src/stm32f1xx_hal_tim.o
                0x0000000008004080                TIM_OC2_SetConfig
 .text.TIM_OC3_SetConfig
                0x00000000080041a8      0x128 ./Drivers/STM32F1xx_HAL_Driver/Src/stm32f1xx_hal_tim.o
 .text.TIM_OC4_SetConfig
                0x00000000080042d0       0xbc ./Drivers/STM32F1xx_HAL_Driver/Src/stm32f1xx_hal_tim.o
 .text.TIM_CCxChannelCmd
                0x000000000800438c       0xa8 ./Drivers/STM32F1xx_HAL_Driver/Src/stm32f1xx_hal_tim.o
                0x000000000800438c                TIM_CCxChannelCmd
 .text.HAL_TIMEx_MasterConfigSynchronization
                0x0000000008004434      0x154 ./Drivers/STM32F1xx_HAL_Driver/Src/stm32f1xx_hal_tim_ex.o
                0x0000000008004434                HAL_TIMEx_MasterConfigSynchronization
 .text.HAL_TIMEx_ConfigBreakDeadTime
                0x0000000008004588      0x18c ./Drivers/STM32F1xx_HAL_Driver/Src/stm32f1xx_hal_tim_ex.o
                0x0000000008004588                HAL_TIMEx_ConfigBreakDeadTime
 .text.HAL_UART_Init
                0x0000000008004714      0x150 ./Drivers/STM32F1xx_HAL_Driver/Src/stm32f1xx_hal_uart.o
                0x0000000008004714                HAL_UART_Init
 .text.UART_SetConfig
                0x0000000008004864      0x19c ./Drivers/STM32F1xx_HAL_Driver/Src/stm32f1xx_hal_uart.o
 .text.USB_CoreInit
                0x0000000008004a00       0x20 ./Drivers/STM32F1xx_HAL_Driver/Src/stm32f1xx_ll_usb.o
                0x0000000008004a00                USB_CoreInit
 .text.USB_EnableGlobalInt
                0x0000000008004a20       0x2c ./Drivers/STM32F1xx_HAL_Driver/Src/stm32f1xx_ll_usb.o
                0x0000000008004a20                USB_EnableGlobalInt
 .text.USB_DisableGlobalInt
                0x0000000008004a4c       0x34 ./Drivers/STM32F1xx_HAL_Driver/Src/stm32f1xx_ll_usb.o
                0x0000000008004a4c                USB_DisableGlobalInt
 .text.USB_SetCurrentMode
                0x0000000008004a80       0x18 ./Drivers/STM32F1xx_HAL_Driver/Src/stm32f1xx_ll_usb.o
                0x0000000008004a80                USB_SetCurrentMode
 .text.USB_DevInit
                0x0000000008004a98       0x40 ./Drivers/STM32F1xx_HAL_Driver/Src/stm32f1xx_ll_usb.o
                0x0000000008004a98                USB_DevInit
 .text.USB_ActivateEndpoint
                0x0000000008004ad8      0x6d4 ./Drivers/STM32F1xx_HAL_Driver/Src/stm32f1xx_ll_usb.o
                0x0000000008004ad8                USB_ActivateEndpoint
 .text.USB_DeactivateEndpoint
                0x00000000080051ac      0x3d8 ./Drivers/STM32F1xx_HAL_Driver/Src/stm32f1xx_ll_usb.o
                0x00000000080051ac                USB_DeactivateEndpoint
 .text.USB_EPStartXfer
                0x0000000008005584     0x1c70 ./Drivers/STM32F1xx_HAL_Driver/Src/stm32f1xx_ll_usb.o
                0x0000000008005584                USB_EPStartXfer
 .text.USB_EPSetStall
                0x00000000080071f4       0xa0 ./Drivers/STM32F1xx_HAL_Driver/Src/stm32f1xx_ll_usb.o
                0x00000000080071f4                USB_EPSetStall
 .text.USB_EPClearStall
                0x0000000008007294      0x15a ./Drivers/STM32F1xx_HAL_Driver/Src/stm32f1xx_ll_usb.o
                0x0000000008007294                USB_EPClearStall
 .text.USB_SetDevAddress
                0x00000000080073ee       0x26 ./Drivers/STM32F1xx_HAL_Driver/Src/stm32f1xx_ll_usb.o
                0x00000000080073ee                USB_SetDevAddress
 .text.USB_DevConnect
                0x0000000008007414       0x14 ./Drivers/STM32F1xx_HAL_Driver/Src/stm32f1xx_ll_usb.o
                0x0000000008007414                USB_DevConnect
 .text.USB_DevDisconnect
                0x0000000008007428       0x14 ./Drivers/STM32F1xx_HAL_Driver/Src/stm32f1xx_ll_usb.o
                0x0000000008007428                USB_DevDisconnect
 .text.USB_ReadInterrupts
                0x000000000800743c       0x1e ./Drivers/STM32F1xx_HAL_Driver/Src/stm32f1xx_ll_usb.o
                0x000000000800743c                USB_ReadInterrupts
 .text.USB_EP0_OutStart
                0x000000000800745a       0x16 ./Drivers/STM32F1xx_HAL_Driver/Src/stm32f1xx_ll_usb.o
                0x000000000800745a                USB_EP0_OutStart
 .text.USB_WritePMA
                0x0000000008007470       0x8a ./Drivers/STM32F1xx_HAL_Driver/Src/stm32f1xx_ll_usb.o
                0x0000000008007470                USB_WritePMA
 .text.USB_ReadPMA
                0x00000000080074fa       0x9e ./Drivers/STM32F1xx_HAL_Driver/Src/stm32f1xx_ll_usb.o
                0x00000000080074fa                USB_ReadPMA
 .text.USBD_CDC_Init
                0x0000000008007598       0xf4 ./Middlewares/ST/STM32_USB_Device_Library/Class/CDC/Src/usbd_cdc.o
 .text.USBD_CDC_DeInit
                0x000000000800768c       0x6e ./Middlewares/ST/STM32_USB_Device_Library/Class/CDC/Src/usbd_cdc.o
 .text.USBD_CDC_Setup
                0x00000000080076fa      0x146 ./Middlewares/ST/STM32_USB_Device_Library/Class/CDC/Src/usbd_cdc.o
 .text.USBD_CDC_DataIn
                0x0000000008007840       0xa6 ./Middlewares/ST/STM32_USB_Device_Library/Class/CDC/Src/usbd_cdc.o
 .text.USBD_CDC_DataOut
                0x00000000080078e6       0x56 ./Middlewares/ST/STM32_USB_Device_Library/Class/CDC/Src/usbd_cdc.o
 .text.USBD_CDC_EP0_RxReady
                0x000000000800793c       0x50 ./Middlewares/ST/STM32_USB_Device_Library/Class/CDC/Src/usbd_cdc.o
 .text.USBD_CDC_GetFSCfgDesc
                0x000000000800798c       0x20 ./Middlewares/ST/STM32_USB_Device_Library/Class/CDC/Src/usbd_cdc.o
 .text.USBD_CDC_GetHSCfgDesc
                0x00000000080079ac       0x20 ./Middlewares/ST/STM32_USB_Device_Library/Class/CDC/Src/usbd_cdc.o
 .text.USBD_CDC_GetOtherSpeedCfgDesc
                0x00000000080079cc       0x20 ./Middlewares/ST/STM32_USB_Device_Library/Class/CDC/Src/usbd_cdc.o
 .text.USBD_CDC_GetDeviceQualifierDescriptor
                0x00000000080079ec       0x20 ./Middlewares/ST/STM32_USB_Device_Library/Class/CDC/Src/usbd_cdc.o
                0x00000000080079ec                USBD_CDC_GetDeviceQualifierDescriptor
 .text.USBD_CDC_RegisterInterface
                0x0000000008007a0c       0x2c ./Middlewares/ST/STM32_USB_Device_Library/Class/CDC/Src/usbd_cdc.o
                0x0000000008007a0c                USBD_CDC_RegisterInterface
 .text.USBD_CDC_SetTxBuffer
                0x0000000008007a38       0x32 ./Middlewares/ST/STM32_USB_Device_Library/Class/CDC/Src/usbd_cdc.o
                0x0000000008007a38                USBD_CDC_SetTxBuffer
 .text.USBD_CDC_SetRxBuffer
                0x0000000008007a6a       0x26 ./Middlewares/ST/STM32_USB_Device_Library/Class/CDC/Src/usbd_cdc.o
                0x0000000008007a6a                USBD_CDC_SetRxBuffer
 .text.USBD_CDC_ReceivePacket
                0x0000000008007a90       0x54 ./Middlewares/ST/STM32_USB_Device_Library/Class/CDC/Src/usbd_cdc.o
                0x0000000008007a90                USBD_CDC_ReceivePacket
 .text.USBD_Init
                0x0000000008007ae4       0x56 ./Middlewares/ST/STM32_USB_Device_Library/Core/Src/usbd_core.o
                0x0000000008007ae4                USBD_Init
 .text.USBD_RegisterClass
                0x0000000008007b3a       0x32 ./Middlewares/ST/STM32_USB_Device_Library/Core/Src/usbd_core.o
                0x0000000008007b3a                USBD_RegisterClass
 .text.USBD_Start
                0x0000000008007b6c       0x18 ./Middlewares/ST/STM32_USB_Device_Library/Core/Src/usbd_core.o
                0x0000000008007b6c                USBD_Start
 .text.USBD_RunTestMode
                0x0000000008007b84       0x14 ./Middlewares/ST/STM32_USB_Device_Library/Core/Src/usbd_core.o
                0x0000000008007b84                USBD_RunTestMode
 .text.USBD_SetClassConfig
                0x0000000008007b98       0x3e ./Middlewares/ST/STM32_USB_Device_Library/Core/Src/usbd_core.o
                0x0000000008007b98                USBD_SetClassConfig
 .text.USBD_ClrClassConfig
                0x0000000008007bd6       0x26 ./Middlewares/ST/STM32_USB_Device_Library/Core/Src/usbd_core.o
                0x0000000008007bd6                USBD_ClrClassConfig
 .text.USBD_LL_SetupStage
                0x0000000008007bfc       0x9a ./Middlewares/ST/STM32_USB_Device_Library/Core/Src/usbd_core.o
                0x0000000008007bfc                USBD_LL_SetupStage
 .text.USBD_LL_DataOutStage
                0x0000000008007c96       0xe2 ./Middlewares/ST/STM32_USB_Device_Library/Core/Src/usbd_core.o
                0x0000000008007c96                USBD_LL_DataOutStage
 .text.USBD_LL_DataInStage
                0x0000000008007d78      0x14a ./Middlewares/ST/STM32_USB_Device_Library/Core/Src/usbd_core.o
                0x0000000008007d78                USBD_LL_DataInStage
 .text.USBD_LL_Reset
                0x0000000008007ec2       0x82 ./Middlewares/ST/STM32_USB_Device_Library/Core/Src/usbd_core.o
                0x0000000008007ec2                USBD_LL_Reset
 .text.USBD_LL_SetSpeed
                0x0000000008007f44       0x1e ./Middlewares/ST/STM32_USB_Device_Library/Core/Src/usbd_core.o
                0x0000000008007f44                USBD_LL_SetSpeed
 .text.USBD_LL_Suspend
                0x0000000008007f62       0x28 ./Middlewares/ST/STM32_USB_Device_Library/Core/Src/usbd_core.o
                0x0000000008007f62                USBD_LL_Suspend
 .text.USBD_LL_Resume
                0x0000000008007f8a       0x2a ./Middlewares/ST/STM32_USB_Device_Library/Core/Src/usbd_core.o
                0x0000000008007f8a                USBD_LL_Resume
 .text.USBD_LL_SOF
                0x0000000008007fb4       0x34 ./Middlewares/ST/STM32_USB_Device_Library/Core/Src/usbd_core.o
                0x0000000008007fb4                USBD_LL_SOF
 .text.USBD_StdDevReq
                0x0000000008007fe8       0xd4 ./Middlewares/ST/STM32_USB_Device_Library/Core/Src/usbd_ctlreq.o
                0x0000000008007fe8                USBD_StdDevReq
 .text.USBD_StdItfReq
                0x00000000080080bc       0x90 ./Middlewares/ST/STM32_USB_Device_Library/Core/Src/usbd_ctlreq.o
                0x00000000080080bc                USBD_StdItfReq
 .text.USBD_StdEPReq
                0x000000000800814c      0x2c6 ./Middlewares/ST/STM32_USB_Device_Library/Core/Src/usbd_ctlreq.o
                0x000000000800814c                USBD_StdEPReq
 *fill*         0x0000000008008412        0x2 
 .text.USBD_GetDescriptor
                0x0000000008008414      0x2d0 ./Middlewares/ST/STM32_USB_Device_Library/Core/Src/usbd_ctlreq.o
 .text.USBD_SetAddress
                0x00000000080086e4       0x86 ./Middlewares/ST/STM32_USB_Device_Library/Core/Src/usbd_ctlreq.o
 *fill*         0x000000000800876a        0x2 
 .text.USBD_SetConfig
                0x000000000800876c      0x11c ./Middlewares/ST/STM32_USB_Device_Library/Core/Src/usbd_ctlreq.o
 .text.USBD_GetConfig
                0x0000000008008888       0x6a ./Middlewares/ST/STM32_USB_Device_Library/Core/Src/usbd_ctlreq.o
 .text.USBD_GetStatus
                0x00000000080088f2       0x66 ./Middlewares/ST/STM32_USB_Device_Library/Core/Src/usbd_ctlreq.o
 .text.USBD_SetFeature
                0x0000000008008958       0x28 ./Middlewares/ST/STM32_USB_Device_Library/Core/Src/usbd_ctlreq.o
 .text.USBD_ClrFeature
                0x0000000008008980       0x42 ./Middlewares/ST/STM32_USB_Device_Library/Core/Src/usbd_ctlreq.o
 .text.USBD_ParseSetupRequest
                0x00000000080089c2       0x78 ./Middlewares/ST/STM32_USB_Device_Library/Core/Src/usbd_ctlreq.o
                0x00000000080089c2                USBD_ParseSetupRequest
 .text.USBD_CtlError
                0x0000000008008a3a       0x22 ./Middlewares/ST/STM32_USB_Device_Library/Core/Src/usbd_ctlreq.o
                0x0000000008008a3a                USBD_CtlError
 .text.USBD_GetString
                0x0000000008008a5c       0x84 ./Middlewares/ST/STM32_USB_Device_Library/Core/Src/usbd_ctlreq.o
                0x0000000008008a5c                USBD_GetString
 .text.USBD_GetLen
                0x0000000008008ae0       0x2e ./Middlewares/ST/STM32_USB_Device_Library/Core/Src/usbd_ctlreq.o
 .text.USBD_CtlSendData
                0x0000000008008b0e       0x38 ./Middlewares/ST/STM32_USB_Device_Library/Core/Src/usbd_ioreq.o
                0x0000000008008b0e                USBD_CtlSendData
 .text.USBD_CtlContinueSendData
                0x0000000008008b46       0x24 ./Middlewares/ST/STM32_USB_Device_Library/Core/Src/usbd_ioreq.o
                0x0000000008008b46                USBD_CtlContinueSendData
 .text.USBD_CtlPrepareRx
                0x0000000008008b6a       0x3c ./Middlewares/ST/STM32_USB_Device_Library/Core/Src/usbd_ioreq.o
                0x0000000008008b6a                USBD_CtlPrepareRx
 .text.USBD_CtlContinueRx
                0x0000000008008ba6       0x24 ./Middlewares/ST/STM32_USB_Device_Library/Core/Src/usbd_ioreq.o
                0x0000000008008ba6                USBD_CtlContinueRx
 .text.USBD_CtlSendStatus
                0x0000000008008bca       0x26 ./Middlewares/ST/STM32_USB_Device_Library/Core/Src/usbd_ioreq.o
                0x0000000008008bca                USBD_CtlSendStatus
 .text.USBD_CtlReceiveStatus
                0x0000000008008bf0       0x26 ./Middlewares/ST/STM32_USB_Device_Library/Core/Src/usbd_ioreq.o
                0x0000000008008bf0                USBD_CtlReceiveStatus
 *fill*         0x0000000008008c16        0x2 
 .text.MX_USB_DEVICE_Init
                0x0000000008008c18       0x60 ./USB_DEVICE/App/usb_device.o
                0x0000000008008c18                MX_USB_DEVICE_Init
 .text.CDC_Init_FS
                0x0000000008008c78       0x28 ./USB_DEVICE/App/usbd_cdc_if.o
 .text.CDC_DeInit_FS
                0x0000000008008ca0        0xe ./USB_DEVICE/App/usbd_cdc_if.o
 *fill*         0x0000000008008cae        0x2 
 .text.CDC_Control_FS
                0x0000000008008cb0       0xbc ./USB_DEVICE/App/usbd_cdc_if.o
 .text.CDC_Receive_FS
                0x0000000008008d6c       0x28 ./USB_DEVICE/App/usbd_cdc_if.o
 .text.USBD_FS_DeviceDescriptor
                0x0000000008008d94       0x24 ./USB_DEVICE/App/usbd_desc.o
                0x0000000008008d94                USBD_FS_DeviceDescriptor
 .text.USBD_FS_LangIDStrDescriptor
                0x0000000008008db8       0x24 ./USB_DEVICE/App/usbd_desc.o
                0x0000000008008db8                USBD_FS_LangIDStrDescriptor
 .text.USBD_FS_ProductStrDescriptor
                0x0000000008008ddc       0x3c ./USB_DEVICE/App/usbd_desc.o
                0x0000000008008ddc                USBD_FS_ProductStrDescriptor
 .text.USBD_FS_ManufacturerStrDescriptor
                0x0000000008008e18       0x28 ./USB_DEVICE/App/usbd_desc.o
                0x0000000008008e18                USBD_FS_ManufacturerStrDescriptor
 .text.USBD_FS_SerialStrDescriptor
                0x0000000008008e40       0x24 ./USB_DEVICE/App/usbd_desc.o
                0x0000000008008e40                USBD_FS_SerialStrDescriptor
 .text.USBD_FS_ConfigStrDescriptor
                0x0000000008008e64       0x3c ./USB_DEVICE/App/usbd_desc.o
                0x0000000008008e64                USBD_FS_ConfigStrDescriptor
 .text.USBD_FS_InterfaceStrDescriptor
                0x0000000008008ea0       0x3c ./USB_DEVICE/App/usbd_desc.o
                0x0000000008008ea0                USBD_FS_InterfaceStrDescriptor
 .text.Get_SerialNum
                0x0000000008008edc       0x58 ./USB_DEVICE/App/usbd_desc.o
 .text.IntToUnicode
                0x0000000008008f34       0x7c ./USB_DEVICE/App/usbd_desc.o
 .text.HAL_PCD_MspInit
                0x0000000008008fb0       0x4c ./USB_DEVICE/Target/usbd_conf.o
                0x0000000008008fb0                HAL_PCD_MspInit
 .text.HAL_PCD_SetupStageCallback
                0x0000000008008ffc       0x24 ./USB_DEVICE/Target/usbd_conf.o
                0x0000000008008ffc                HAL_PCD_SetupStageCallback
 .text.HAL_PCD_DataOutStageCallback
                0x0000000008009020       0x36 ./USB_DEVICE/Target/usbd_conf.o
                0x0000000008009020                HAL_PCD_DataOutStageCallback
 .text.HAL_PCD_DataInStageCallback
                0x0000000008009056       0x34 ./USB_DEVICE/Target/usbd_conf.o
                0x0000000008009056                HAL_PCD_DataInStageCallback
 .text.HAL_PCD_SOFCallback
                0x000000000800908a       0x1c ./USB_DEVICE/Target/usbd_conf.o
                0x000000000800908a                HAL_PCD_SOFCallback
 .text.HAL_PCD_ResetCallback
                0x00000000080090a6       0x3c ./USB_DEVICE/Target/usbd_conf.o
                0x00000000080090a6                HAL_PCD_ResetCallback
 *fill*         0x00000000080090e2        0x2 
 .text.HAL_PCD_SuspendCallback
                0x00000000080090e4       0x34 ./USB_DEVICE/Target/usbd_conf.o
                0x00000000080090e4                HAL_PCD_SuspendCallback
 .text.HAL_PCD_ResumeCallback
                0x0000000008009118       0x1c ./USB_DEVICE/Target/usbd_conf.o
                0x0000000008009118                HAL_PCD_ResumeCallback
 .text.USBD_LL_Init
                0x0000000008009134       0xb4 ./USB_DEVICE/Target/usbd_conf.o
                0x0000000008009134                USBD_LL_Init
 .text.USBD_LL_Start
                0x00000000080091e8       0x36 ./USB_DEVICE/Target/usbd_conf.o
                0x00000000080091e8                USBD_LL_Start
 .text.USBD_LL_OpenEP
                0x000000000800921e       0x4c ./USB_DEVICE/Target/usbd_conf.o
                0x000000000800921e                USBD_LL_OpenEP
 .text.USBD_LL_CloseEP
                0x000000000800926a       0x3e ./USB_DEVICE/Target/usbd_conf.o
                0x000000000800926a                USBD_LL_CloseEP
 .text.USBD_LL_StallEP
                0x00000000080092a8       0x3e ./USB_DEVICE/Target/usbd_conf.o
                0x00000000080092a8                USBD_LL_StallEP
 .text.USBD_LL_ClearStallEP
                0x00000000080092e6       0x3e ./USB_DEVICE/Target/usbd_conf.o
                0x00000000080092e6                USBD_LL_ClearStallEP
 .text.USBD_LL_IsStallEP
                0x0000000008009324       0x58 ./USB_DEVICE/Target/usbd_conf.o
                0x0000000008009324                USBD_LL_IsStallEP
 .text.USBD_LL_SetUSBAddress
                0x000000000800937c       0x3e ./USB_DEVICE/Target/usbd_conf.o
                0x000000000800937c                USBD_LL_SetUSBAddress
 .text.USBD_LL_Transmit
                0x00000000080093ba       0x46 ./USB_DEVICE/Target/usbd_conf.o
                0x00000000080093ba                USBD_LL_Transmit
 .text.USBD_LL_PrepareReceive
                0x0000000008009400       0x46 ./USB_DEVICE/Target/usbd_conf.o
                0x0000000008009400                USBD_LL_PrepareReceive
 .text.USBD_LL_GetRxDataSize
                0x0000000008009446       0x26 ./USB_DEVICE/Target/usbd_conf.o
                0x0000000008009446                USBD_LL_GetRxDataSize
 .text.USBD_static_malloc
                0x000000000800946c       0x18 ./USB_DEVICE/Target/usbd_conf.o
                0x000000000800946c                USBD_static_malloc
 .text.USBD_static_free
                0x0000000008009484       0x12 ./USB_DEVICE/Target/usbd_conf.o
                0x0000000008009484                USBD_static_free
 .text.HAL_PCDEx_SetConnectionState
                0x0000000008009496       0x16 ./USB_DEVICE/Target/usbd_conf.o
                0x0000000008009496                HAL_PCDEx_SetConnectionState
 .text.USBD_Get_USB_Status
                0x00000000080094ac       0x58 ./USB_DEVICE/Target/usbd_conf.o
 .text.__libc_init_array
                0x0000000008009504       0x48 d:/avip_sokol/stm32cubeide_1.7.0/stm32cubeide/plugins/com.st.stm32cube.ide.mcu.externaltools.gnu-tools-for-stm32.10.3-2021.10.win32_1.0.0.202111181127/tools/bin/../lib/gcc/arm-none-eabi/10.3.1/../../../../arm-none-eabi/lib/thumb/v7-m/nofp\libc_nano.a(lib_a-init.o)
                0x0000000008009504                __libc_init_array
 .text.memset   0x000000000800954c       0x10 d:/avip_sokol/stm32cubeide_1.7.0/stm32cubeide/plugins/com.st.stm32cube.ide.mcu.externaltools.gnu-tools-for-stm32.10.3-2021.10.win32_1.0.0.202111181127/tools/bin/../lib/gcc/arm-none-eabi/10.3.1/../../../../arm-none-eabi/lib/thumb/v7-m/nofp\libc_nano.a(lib_a-memset.o)
                0x000000000800954c                memset
 *(.glue_7)
 .glue_7        0x000000000800955c        0x0 linker stubs
 *(.glue_7t)
 .glue_7t       0x000000000800955c        0x0 linker stubs
 *(.eh_frame)
 .eh_frame      0x000000000800955c        0x0 d:/avip_sokol/stm32cubeide_1.7.0/stm32cubeide/plugins/com.st.stm32cube.ide.mcu.externaltools.gnu-tools-for-stm32.10.3-2021.10.win32_1.0.0.202111181127/tools/bin/../lib/gcc/arm-none-eabi/10.3.1/thumb/v7-m/nofp/crtbegin.o
 *(.init)
 .init          0x000000000800955c        0x4 d:/avip_sokol/stm32cubeide_1.7.0/stm32cubeide/plugins/com.st.stm32cube.ide.mcu.externaltools.gnu-tools-for-stm32.10.3-2021.10.win32_1.0.0.202111181127/tools/bin/../lib/gcc/arm-none-eabi/10.3.1/thumb/v7-m/nofp/crti.o
                0x000000000800955c                _init
 .init          0x0000000008009560        0x8 d:/avip_sokol/stm32cubeide_1.7.0/stm32cubeide/plugins/com.st.stm32cube.ide.mcu.externaltools.gnu-tools-for-stm32.10.3-2021.10.win32_1.0.0.202111181127/tools/bin/../lib/gcc/arm-none-eabi/10.3.1/thumb/v7-m/nofp/crtn.o
 *(.fini)
 .fini          0x0000000008009568        0x4 d:/avip_sokol/stm32cubeide_1.7.0/stm32cubeide/plugins/com.st.stm32cube.ide.mcu.externaltools.gnu-tools-for-stm32.10.3-2021.10.win32_1.0.0.202111181127/tools/bin/../lib/gcc/arm-none-eabi/10.3.1/thumb/v7-m/nofp/crti.o
                0x0000000008009568                _fini
 .fini          0x000000000800956c        0x8 d:/avip_sokol/stm32cubeide_1.7.0/stm32cubeide/plugins/com.st.stm32cube.ide.mcu.externaltools.gnu-tools-for-stm32.10.3-2021.10.win32_1.0.0.202111181127/tools/bin/../lib/gcc/arm-none-eabi/10.3.1/thumb/v7-m/nofp/crtn.o
                0x0000000008009574                . = ALIGN (0x4)
                0x0000000008009574                _etext = .

.vfp11_veneer   0x0000000008009574        0x0
 .vfp11_veneer  0x0000000008009574        0x0 linker stubs

.v4_bx          0x0000000008009574        0x0
 .v4_bx         0x0000000008009574        0x0 linker stubs

.iplt           0x0000000008009574        0x0
 .iplt          0x0000000008009574        0x0 d:/avip_sokol/stm32cubeide_1.7.0/stm32cubeide/plugins/com.st.stm32cube.ide.mcu.externaltools.gnu-tools-for-stm32.10.3-2021.10.win32_1.0.0.202111181127/tools/bin/../lib/gcc/arm-none-eabi/10.3.1/thumb/v7-m/nofp/crtbegin.o

.rodata         0x0000000008009574      0x254
                0x0000000008009574                . = ALIGN (0x4)
 *(.rodata)
 .rodata        0x0000000008009574       0x3b ./Drivers/STM32F1xx_HAL_Driver/Src/stm32f1xx_hal_cortex.o
 *fill*         0x00000000080095af        0x1 
 .rodata        0x00000000080095b0       0x39 ./Drivers/STM32F1xx_HAL_Driver/Src/stm32f1xx_hal_gpio.o
 *fill*         0x00000000080095e9        0x3 
 .rodata        0x00000000080095ec       0x38 ./Drivers/STM32F1xx_HAL_Driver/Src/stm32f1xx_hal_pcd.o
 .rodata        0x0000000008009624       0x48 ./Drivers/STM32F1xx_HAL_Driver/Src/stm32f1xx_hal_rcc.o
 .rodata        0x000000000800966c       0x4c ./Drivers/STM32F1xx_HAL_Driver/Src/stm32f1xx_hal_rcc_ex.o
 .rodata        0x00000000080096b8       0x38 ./Drivers/STM32F1xx_HAL_Driver/Src/stm32f1xx_hal_tim.o
 .rodata        0x00000000080096f0       0x3b ./Drivers/STM32F1xx_HAL_Driver/Src/stm32f1xx_hal_tim_ex.o
 *fill*         0x000000000800972b        0x1 
 .rodata        0x000000000800972c       0x39 ./Drivers/STM32F1xx_HAL_Driver/Src/stm32f1xx_hal_uart.o
 *fill*         0x0000000008009765        0x3 
 .rodata        0x0000000008009768       0x46 ./USB_DEVICE/App/usbd_desc.o
 *(.rodata*)
 *fill*         0x00000000080097ae        0x2 
 .rodata.AHBPrescTable
                0x00000000080097b0       0x10 ./Core/Src/system_stm32f1xx.o
                0x00000000080097b0                AHBPrescTable
 .rodata.APBPrescTable
                0x00000000080097c0        0x8 ./Core/Src/system_stm32f1xx.o
                0x00000000080097c0                APBPrescTable
                0x00000000080097c8                . = ALIGN (0x4)

.rel.dyn        0x00000000080097c8        0x0
 .rel.iplt      0x00000000080097c8        0x0 d:/avip_sokol/stm32cubeide_1.7.0/stm32cubeide/plugins/com.st.stm32cube.ide.mcu.externaltools.gnu-tools-for-stm32.10.3-2021.10.win32_1.0.0.202111181127/tools/bin/../lib/gcc/arm-none-eabi/10.3.1/thumb/v7-m/nofp/crtbegin.o

.ARM.extab      0x00000000080097c8        0x0
                0x00000000080097c8                . = ALIGN (0x4)
 *(.ARM.extab* .gnu.linkonce.armextab.*)
                0x00000000080097c8                . = ALIGN (0x4)

.ARM            0x00000000080097c8        0x0
                0x00000000080097c8                . = ALIGN (0x4)
                0x00000000080097c8                __exidx_start = .
 *(.ARM.exidx*)
                0x00000000080097c8                __exidx_end = .
                0x00000000080097c8                . = ALIGN (0x4)

.preinit_array  0x00000000080097c8        0x0
                0x00000000080097c8                . = ALIGN (0x4)
                0x00000000080097c8                PROVIDE (__preinit_array_start = .)
 *(.preinit_array*)
                0x00000000080097c8                PROVIDE (__preinit_array_end = .)
                0x00000000080097c8                . = ALIGN (0x4)

.init_array     0x00000000080097c8        0x4
                0x00000000080097c8                . = ALIGN (0x4)
                0x00000000080097c8                PROVIDE (__init_array_start = .)
 *(SORT_BY_NAME(.init_array.*))
 *(.init_array*)
 .init_array    0x00000000080097c8        0x4 d:/avip_sokol/stm32cubeide_1.7.0/stm32cubeide/plugins/com.st.stm32cube.ide.mcu.externaltools.gnu-tools-for-stm32.10.3-2021.10.win32_1.0.0.202111181127/tools/bin/../lib/gcc/arm-none-eabi/10.3.1/thumb/v7-m/nofp/crtbegin.o
                0x00000000080097cc                PROVIDE (__init_array_end = .)
                0x00000000080097cc                . = ALIGN (0x4)

.fini_array     0x00000000080097cc        0x4
                0x00000000080097cc                . = ALIGN (0x4)
                [!provide]                        PROVIDE (__fini_array_start = .)
 *(SORT_BY_NAME(.fini_array.*))
 *(.fini_array*)
 .fini_array    0x00000000080097cc        0x4 d:/avip_sokol/stm32cubeide_1.7.0/stm32cubeide/plugins/com.st.stm32cube.ide.mcu.externaltools.gnu-tools-for-stm32.10.3-2021.10.win32_1.0.0.202111181127/tools/bin/../lib/gcc/arm-none-eabi/10.3.1/thumb/v7-m/nofp/crtbegin.o
                [!provide]                        PROVIDE (__fini_array_end = .)
                0x00000000080097d0                . = ALIGN (0x4)
                0x00000000080097d0                _sidata = LOADADDR (.data)

.data           0x0000000020000000      0x180 load address 0x00000000080097d0
                0x0000000020000000                . = ALIGN (0x4)
                0x0000000020000000                _sdata = .
 *(.data)
 *(.data*)
 .data.regym    0x0000000020000000        0x1 ./Core/Src/main.o
                0x0000000020000000                regym
 *fill*         0x0000000020000001        0x3 
 .data.SystemCoreClock
                0x0000000020000004        0x4 ./Core/Src/system_stm32f1xx.o
                0x0000000020000004                SystemCoreClock
 .data.uwTickPrio
                0x0000000020000008        0x4 ./Drivers/STM32F1xx_HAL_Driver/Src/stm32f1xx_hal.o
                0x0000000020000008                uwTickPrio
 .data.uwTickFreq
                0x000000002000000c        0x1 ./Drivers/STM32F1xx_HAL_Driver/Src/stm32f1xx_hal.o
                0x000000002000000c                uwTickFreq
 *fill*         0x000000002000000d        0x3 
 .data.USBD_CDC_DeviceQualifierDesc
                0x0000000020000010        0xa ./Middlewares/ST/STM32_USB_Device_Library/Class/CDC/Src/usbd_cdc.o
 *fill*         0x000000002000001a        0x2 
 .data.USBD_CDC
                0x000000002000001c       0x38 ./Middlewares/ST/STM32_USB_Device_Library/Class/CDC/Src/usbd_cdc.o
                0x000000002000001c                USBD_CDC
 .data.USBD_CDC_CfgHSDesc
                0x0000000020000054       0x43 ./Middlewares/ST/STM32_USB_Device_Library/Class/CDC/Src/usbd_cdc.o
                0x0000000020000054                USBD_CDC_CfgHSDesc
 *fill*         0x0000000020000097        0x1 
 .data.USBD_CDC_CfgFSDesc
                0x0000000020000098       0x43 ./Middlewares/ST/STM32_USB_Device_Library/Class/CDC/Src/usbd_cdc.o
                0x0000000020000098                USBD_CDC_CfgFSDesc
 *fill*         0x00000000200000db        0x1 
 .data.USBD_CDC_OtherSpeedCfgDesc
                0x00000000200000dc       0x43 ./Middlewares/ST/STM32_USB_Device_Library/Class/CDC/Src/usbd_cdc.o
                0x00000000200000dc                USBD_CDC_OtherSpeedCfgDesc
 *fill*         0x000000002000011f        0x1 
 .data.USBD_Interface_fops_FS
                0x0000000020000120       0x10 ./USB_DEVICE/App/usbd_cdc_if.o
                0x0000000020000120                USBD_Interface_fops_FS
 .data.FS_Desc  0x0000000020000130       0x1c ./USB_DEVICE/App/usbd_desc.o
                0x0000000020000130                FS_Desc
 .data.USBD_FS_DeviceDesc
                0x000000002000014c       0x12 ./USB_DEVICE/App/usbd_desc.o
                0x000000002000014c                USBD_FS_DeviceDesc
 *fill*         0x000000002000015e        0x2 
 .data.USBD_LangIDDesc
                0x0000000020000160        0x4 ./USB_DEVICE/App/usbd_desc.o
                0x0000000020000160                USBD_LangIDDesc
 .data.USBD_StringSerial
                0x0000000020000164       0x1a ./USB_DEVICE/App/usbd_desc.o
                0x0000000020000164                USBD_StringSerial
 *(.RamFunc)
 *(.RamFunc*)
                0x0000000020000180                . = ALIGN (0x4)
 *fill*         0x000000002000017e        0x2 
                0x0000000020000180                _edata = .

.igot.plt       0x0000000020000180        0x0 load address 0x0000000008009950
 .igot.plt      0x0000000020000180        0x0 d:/avip_sokol/stm32cubeide_1.7.0/stm32cubeide/plugins/com.st.stm32cube.ide.mcu.externaltools.gnu-tools-for-stm32.10.3-2021.10.win32_1.0.0.202111181127/tools/bin/../lib/gcc/arm-none-eabi/10.3.1/thumb/v7-m/nofp/crtbegin.o
                0x0000000020000180                . = ALIGN (0x4)

.bss            0x0000000020000180     0x1254 load address 0x0000000008009950
                0x0000000020000180                _sbss = .
                0x0000000020000180                __bss_start__ = _sbss
 *(.bss)
 .bss           0x0000000020000180       0x1c d:/avip_sokol/stm32cubeide_1.7.0/stm32cubeide/plugins/com.st.stm32cube.ide.mcu.externaltools.gnu-tools-for-stm32.10.3-2021.10.win32_1.0.0.202111181127/tools/bin/../lib/gcc/arm-none-eabi/10.3.1/thumb/v7-m/nofp/crtbegin.o
 *(.bss*)
 .bss.htim1     0x000000002000019c       0x48 ./Core/Src/main.o
                0x000000002000019c                htim1
 .bss.huart1    0x00000000200001e4       0x44 ./Core/Src/main.o
                0x00000000200001e4                huart1
 .bss.enter     0x0000000020000228        0x1 ./Core/Src/main.o
                0x0000000020000228                enter
 *fill*         0x0000000020000229        0x3 
 .bss.uwTick    0x000000002000022c        0x4 ./Drivers/STM32F1xx_HAL_Driver/Src/stm32f1xx_hal.o
                0x000000002000022c                uwTick
 .bss.cfgidx.0  0x0000000020000230        0x1 ./Middlewares/ST/STM32_USB_Device_Library/Core/Src/usbd_ctlreq.o
 *fill*         0x0000000020000231        0x3 
 .bss.hUsbDeviceFS
                0x0000000020000234      0x2c4 ./USB_DEVICE/App/usb_device.o
                0x0000000020000234                hUsbDeviceFS
 .bss.UserRxBufferFS
                0x00000000200004f8      0x3e8 ./USB_DEVICE/App/usbd_cdc_if.o
                0x00000000200004f8                UserRxBufferFS
 .bss.UserTxBufferFS
                0x00000000200008e0      0x3e8 ./USB_DEVICE/App/usbd_cdc_if.o
                0x00000000200008e0                UserTxBufferFS
 .bss.USBD_StrDesc
                0x0000000020000cc8      0x200 ./USB_DEVICE/App/usbd_desc.o
                0x0000000020000cc8                USBD_StrDesc
 .bss.hpcd_USB_FS
                0x0000000020000ec8      0x2ec ./USB_DEVICE/Target/usbd_conf.o
                0x0000000020000ec8                hpcd_USB_FS
 .bss.mem.0     0x00000000200011b4      0x220 ./USB_DEVICE/Target/usbd_conf.o
 *(COMMON)
                0x00000000200013d4                . = ALIGN (0x4)
                0x00000000200013d4                _ebss = .
                0x00000000200013d4                __bss_end__ = _ebss

._user_heap_stack
                0x00000000200013d4      0x604 load address 0x0000000008009950
                0x00000000200013d8                . = ALIGN (0x8)
 *fill*         0x00000000200013d4        0x4 
                [!provide]                        PROVIDE (end = .)
                0x00000000200013d8                PROVIDE (_end = .)
                0x00000000200015d8                . = (. + _Min_Heap_Size)
 *fill*         0x00000000200013d8      0x200 
                0x00000000200019d8                . = (. + _Min_Stack_Size)
 *fill*         0x00000000200015d8      0x400 
                0x00000000200019d8                . = ALIGN (0x8)

/DISCARD/
 libc.a(*)
 libm.a(*)
 libgcc.a(*)

.ARM.attributes
                0x0000000000000000       0x29
 *(.ARM.attributes)
 .ARM.attributes
                0x0000000000000000       0x1d d:/avip_sokol/stm32cubeide_1.7.0/stm32cubeide/plugins/com.st.stm32cube.ide.mcu.externaltools.gnu-tools-for-stm32.10.3-2021.10.win32_1.0.0.202111181127/tools/bin/../lib/gcc/arm-none-eabi/10.3.1/thumb/v7-m/nofp/crti.o
 .ARM.attributes
                0x000000000000001d       0x2d d:/avip_sokol/stm32cubeide_1.7.0/stm32cubeide/plugins/com.st.stm32cube.ide.mcu.externaltools.gnu-tools-for-stm32.10.3-2021.10.win32_1.0.0.202111181127/tools/bin/../lib/gcc/arm-none-eabi/10.3.1/thumb/v7-m/nofp/crtbegin.o
 .ARM.attributes
                0x000000000000004a       0x2d ./Core/Src/main.o
 .ARM.attributes
                0x0000000000000077       0x2d ./Core/Src/stm32f1xx_hal_msp.o
 .ARM.attributes
                0x00000000000000a4       0x2d ./Core/Src/stm32f1xx_it.o
 .ARM.attributes
                0x00000000000000d1       0x2d ./Core/Src/system_stm32f1xx.o
 .ARM.attributes
                0x00000000000000fe       0x21 ./Core/Startup/startup_stm32f103c8tx.o
 .ARM.attributes
                0x000000000000011f       0x2d ./Drivers/STM32F1xx_HAL_Driver/Src/stm32f1xx_hal.o
 .ARM.attributes
                0x000000000000014c       0x2d ./Drivers/STM32F1xx_HAL_Driver/Src/stm32f1xx_hal_cortex.o
 .ARM.attributes
                0x0000000000000179       0x2d ./Drivers/STM32F1xx_HAL_Driver/Src/stm32f1xx_hal_gpio.o
 .ARM.attributes
                0x00000000000001a6       0x2d ./Drivers/STM32F1xx_HAL_Driver/Src/stm32f1xx_hal_pcd.o
 .ARM.attributes
                0x00000000000001d3       0x2d ./Drivers/STM32F1xx_HAL_Driver/Src/stm32f1xx_hal_pcd_ex.o
 .ARM.attributes
                0x0000000000000200       0x2d ./Drivers/STM32F1xx_HAL_Driver/Src/stm32f1xx_hal_rcc.o
 .ARM.attributes
                0x000000000000022d       0x2d ./Drivers/STM32F1xx_HAL_Driver/Src/stm32f1xx_hal_rcc_ex.o
 .ARM.attributes
                0x000000000000025a       0x2d ./Drivers/STM32F1xx_HAL_Driver/Src/stm32f1xx_hal_tim.o
 .ARM.attributes
                0x0000000000000287       0x2d ./Drivers/STM32F1xx_HAL_Driver/Src/stm32f1xx_hal_tim_ex.o
 .ARM.attributes
                0x00000000000002b4       0x2d ./Drivers/STM32F1xx_HAL_Driver/Src/stm32f1xx_hal_uart.o
 .ARM.attributes
                0x00000000000002e1       0x2d ./Drivers/STM32F1xx_HAL_Driver/Src/stm32f1xx_ll_usb.o
 .ARM.attributes
                0x000000000000030e       0x2d ./Middlewares/ST/STM32_USB_Device_Library/Class/CDC/Src/usbd_cdc.o
 .ARM.attributes
                0x000000000000033b       0x2d ./Middlewares/ST/STM32_USB_Device_Library/Core/Src/usbd_core.o
 .ARM.attributes
                0x0000000000000368       0x2d ./Middlewares/ST/STM32_USB_Device_Library/Core/Src/usbd_ctlreq.o
 .ARM.attributes
                0x0000000000000395       0x2d ./Middlewares/ST/STM32_USB_Device_Library/Core/Src/usbd_ioreq.o
 .ARM.attributes
                0x00000000000003c2       0x2d ./USB_DEVICE/App/usb_device.o
 .ARM.attributes
                0x00000000000003ef       0x2d ./USB_DEVICE/App/usbd_cdc_if.o
 .ARM.attributes
                0x000000000000041c       0x2d ./USB_DEVICE/App/usbd_desc.o
 .ARM.attributes
                0x0000000000000449       0x2d ./USB_DEVICE/Target/usbd_conf.o
 .ARM.attributes
                0x0000000000000476       0x2d d:/avip_sokol/stm32cubeide_1.7.0/stm32cubeide/plugins/com.st.stm32cube.ide.mcu.externaltools.gnu-tools-for-stm32.10.3-2021.10.win32_1.0.0.202111181127/tools/bin/../lib/gcc/arm-none-eabi/10.3.1/../../../../arm-none-eabi/lib/thumb/v7-m/nofp\libc_nano.a(lib_a-init.o)
 .ARM.attributes
                0x00000000000004a3       0x2d d:/avip_sokol/stm32cubeide_1.7.0/stm32cubeide/plugins/com.st.stm32cube.ide.mcu.externaltools.gnu-tools-for-stm32.10.3-2021.10.win32_1.0.0.202111181127/tools/bin/../lib/gcc/arm-none-eabi/10.3.1/../../../../arm-none-eabi/lib/thumb/v7-m/nofp\libc_nano.a(lib_a-memset.o)
 .ARM.attributes
                0x00000000000004d0       0x1d d:/avip_sokol/stm32cubeide_1.7.0/stm32cubeide/plugins/com.st.stm32cube.ide.mcu.externaltools.gnu-tools-for-stm32.10.3-2021.10.win32_1.0.0.202111181127/tools/bin/../lib/gcc/arm-none-eabi/10.3.1/thumb/v7-m/nofp/crtn.o
OUTPUT(New_testing.elf elf32-littlearm)
LOAD linker stubs
LOAD d:/avip_sokol/stm32cubeide_1.7.0/stm32cubeide/plugins/com.st.stm32cube.ide.mcu.externaltools.gnu-tools-for-stm32.10.3-2021.10.win32_1.0.0.202111181127/tools/bin/../lib/gcc/arm-none-eabi/10.3.1/../../../../arm-none-eabi/lib/thumb/v7-m/nofp\libc.a
LOAD d:/avip_sokol/stm32cubeide_1.7.0/stm32cubeide/plugins/com.st.stm32cube.ide.mcu.externaltools.gnu-tools-for-stm32.10.3-2021.10.win32_1.0.0.202111181127/tools/bin/../lib/gcc/arm-none-eabi/10.3.1/../../../../arm-none-eabi/lib/thumb/v7-m/nofp\libm.a
LOAD d:/avip_sokol/stm32cubeide_1.7.0/stm32cubeide/plugins/com.st.stm32cube.ide.mcu.externaltools.gnu-tools-for-stm32.10.3-2021.10.win32_1.0.0.202111181127/tools/bin/../lib/gcc/arm-none-eabi/10.3.1/thumb/v7-m/nofp\libgcc.a

.debug_info     0x0000000000000000    0x1323c
 .debug_info    0x0000000000000000     0x1226 ./Core/Src/main.o
 .debug_info    0x0000000000001226      0xc3a ./Core/Src/stm32f1xx_hal_msp.o
 .debug_info    0x0000000000001e60      0x697 ./Core/Src/stm32f1xx_it.o
 .debug_info    0x00000000000024f7      0x23d ./Core/Src/system_stm32f1xx.o
 .debug_info    0x0000000000002734       0x22 ./Core/Startup/startup_stm32f103c8tx.o
 .debug_info    0x0000000000002756      0x76a ./Drivers/STM32F1xx_HAL_Driver/Src/stm32f1xx_hal.o
 .debug_info    0x0000000000002ec0      0xb3e ./Drivers/STM32F1xx_HAL_Driver/Src/stm32f1xx_hal_cortex.o
 .debug_info    0x00000000000039fe      0x665 ./Drivers/STM32F1xx_HAL_Driver/Src/stm32f1xx_hal_gpio.o
 .debug_info    0x0000000000004063     0x16c3 ./Drivers/STM32F1xx_HAL_Driver/Src/stm32f1xx_hal_pcd.o
 .debug_info    0x0000000000005726      0x728 ./Drivers/STM32F1xx_HAL_Driver/Src/stm32f1xx_hal_pcd_ex.o
 .debug_info    0x0000000000005e4e      0x87e ./Drivers/STM32F1xx_HAL_Driver/Src/stm32f1xx_hal_rcc.o
 .debug_info    0x00000000000066cc      0x3fe ./Drivers/STM32F1xx_HAL_Driver/Src/stm32f1xx_hal_rcc_ex.o
 .debug_info    0x0000000000006aca     0x2a14 ./Drivers/STM32F1xx_HAL_Driver/Src/stm32f1xx_hal_tim.o
 .debug_info    0x00000000000094de     0x1549 ./Drivers/STM32F1xx_HAL_Driver/Src/stm32f1xx_hal_tim_ex.o
 .debug_info    0x000000000000aa27     0x15f0 ./Drivers/STM32F1xx_HAL_Driver/Src/stm32f1xx_hal_uart.o
 .debug_info    0x000000000000c017     0x190d ./Drivers/STM32F1xx_HAL_Driver/Src/stm32f1xx_ll_usb.o
 .debug_info    0x000000000000d924     0x10f1 ./Middlewares/ST/STM32_USB_Device_Library/Class/CDC/Src/usbd_cdc.o
 .debug_info    0x000000000000ea15      0xb02 ./Middlewares/ST/STM32_USB_Device_Library/Core/Src/usbd_core.o
 .debug_info    0x000000000000f517      0x9b6 ./Middlewares/ST/STM32_USB_Device_Library/Core/Src/usbd_ctlreq.o
 .debug_info    0x000000000000fecd      0x715 ./Middlewares/ST/STM32_USB_Device_Library/Core/Src/usbd_ioreq.o
 .debug_info    0x00000000000105e2      0x679 ./USB_DEVICE/App/usb_device.o
 .debug_info    0x0000000000010c5b      0x828 ./USB_DEVICE/App/usbd_cdc_if.o
 .debug_info    0x0000000000011483      0x484 ./USB_DEVICE/App/usbd_desc.o
 .debug_info    0x0000000000011907     0x1935 ./USB_DEVICE/Target/usbd_conf.o

.debug_abbrev   0x0000000000000000     0x31c5
 .debug_abbrev  0x0000000000000000      0x2f1 ./Core/Src/main.o
 .debug_abbrev  0x00000000000002f1      0x1c3 ./Core/Src/stm32f1xx_hal_msp.o
 .debug_abbrev  0x00000000000004b4      0x19d ./Core/Src/stm32f1xx_it.o
 .debug_abbrev  0x0000000000000651      0x13b ./Core/Src/system_stm32f1xx.o
 .debug_abbrev  0x000000000000078c       0x12 ./Core/Startup/startup_stm32f103c8tx.o
 .debug_abbrev  0x000000000000079e      0x204 ./Drivers/STM32F1xx_HAL_Driver/Src/stm32f1xx_hal.o
 .debug_abbrev  0x00000000000009a2      0x2ed ./Drivers/STM32F1xx_HAL_Driver/Src/stm32f1xx_hal_cortex.o
 .debug_abbrev  0x0000000000000c8f      0x1ea ./Drivers/STM32F1xx_HAL_Driver/Src/stm32f1xx_hal_gpio.o
 .debug_abbrev  0x0000000000000e79      0x2b9 ./Drivers/STM32F1xx_HAL_Driver/Src/stm32f1xx_hal_pcd.o
 .debug_abbrev  0x0000000000001132      0x17f ./Drivers/STM32F1xx_HAL_Driver/Src/stm32f1xx_hal_pcd_ex.o
 .debug_abbrev  0x00000000000012b1      0x2a1 ./Drivers/STM32F1xx_HAL_Driver/Src/stm32f1xx_hal_rcc.o
 .debug_abbrev  0x0000000000001552      0x19e ./Drivers/STM32F1xx_HAL_Driver/Src/stm32f1xx_hal_rcc_ex.o
 .debug_abbrev  0x00000000000016f0      0x272 ./Drivers/STM32F1xx_HAL_Driver/Src/stm32f1xx_hal_tim.o
 .debug_abbrev  0x0000000000001962      0x265 ./Drivers/STM32F1xx_HAL_Driver/Src/stm32f1xx_hal_tim_ex.o
 .debug_abbrev  0x0000000000001bc7      0x28d ./Drivers/STM32F1xx_HAL_Driver/Src/stm32f1xx_hal_uart.o
 .debug_abbrev  0x0000000000001e54      0x1cd ./Drivers/STM32F1xx_HAL_Driver/Src/stm32f1xx_ll_usb.o
 .debug_abbrev  0x0000000000002021      0x2c0 ./Middlewares/ST/STM32_USB_Device_Library/Class/CDC/Src/usbd_cdc.o
 .debug_abbrev  0x00000000000022e1      0x236 ./Middlewares/ST/STM32_USB_Device_Library/Core/Src/usbd_core.o
 .debug_abbrev  0x0000000000002517      0x257 ./Middlewares/ST/STM32_USB_Device_Library/Core/Src/usbd_ctlreq.o
 .debug_abbrev  0x000000000000276e      0x183 ./Middlewares/ST/STM32_USB_Device_Library/Core/Src/usbd_ioreq.o
 .debug_abbrev  0x00000000000028f1      0x183 ./USB_DEVICE/App/usb_device.o
 .debug_abbrev  0x0000000000002a74      0x252 ./USB_DEVICE/App/usbd_cdc_if.o
 .debug_abbrev  0x0000000000002cc6      0x1fa ./USB_DEVICE/App/usbd_desc.o
 .debug_abbrev  0x0000000000002ec0      0x305 ./USB_DEVICE/Target/usbd_conf.o

.debug_aranges  0x0000000000000000     0x11e8
 .debug_aranges
                0x0000000000000000       0x50 ./Core/Src/main.o
 .debug_aranges
                0x0000000000000050       0x48 ./Core/Src/stm32f1xx_hal_msp.o
 .debug_aranges
                0x0000000000000098       0x78 ./Core/Src/stm32f1xx_it.o
 .debug_aranges
                0x0000000000000110       0x28 ./Core/Src/system_stm32f1xx.o
 .debug_aranges
                0x0000000000000138       0x28 ./Core/Startup/startup_stm32f103c8tx.o
 .debug_aranges
                0x0000000000000160       0xe0 ./Drivers/STM32F1xx_HAL_Driver/Src/stm32f1xx_hal.o
 .debug_aranges
                0x0000000000000240      0x100 ./Drivers/STM32F1xx_HAL_Driver/Src/stm32f1xx_hal_cortex.o
 .debug_aranges
                0x0000000000000340       0x58 ./Drivers/STM32F1xx_HAL_Driver/Src/stm32f1xx_hal_gpio.o
 .debug_aranges
                0x0000000000000398      0x138 ./Drivers/STM32F1xx_HAL_Driver/Src/stm32f1xx_hal_pcd.o
 .debug_aranges
                0x00000000000004d0       0x38 ./Drivers/STM32F1xx_HAL_Driver/Src/stm32f1xx_hal_pcd_ex.o
 .debug_aranges
                0x0000000000000508       0x90 ./Drivers/STM32F1xx_HAL_Driver/Src/stm32f1xx_hal_rcc.o
 .debug_aranges
                0x0000000000000598       0x30 ./Drivers/STM32F1xx_HAL_Driver/Src/stm32f1xx_hal_rcc_ex.o
 .debug_aranges
                0x00000000000005c8      0x3d0 ./Drivers/STM32F1xx_HAL_Driver/Src/stm32f1xx_hal_tim.o
 .debug_aranges
                0x0000000000000998      0x168 ./Drivers/STM32F1xx_HAL_Driver/Src/stm32f1xx_hal_tim_ex.o
 .debug_aranges
                0x0000000000000b00      0x200 ./Drivers/STM32F1xx_HAL_Driver/Src/stm32f1xx_hal_uart.o
 .debug_aranges
                0x0000000000000d00       0xf0 ./Drivers/STM32F1xx_HAL_Driver/Src/stm32f1xx_ll_usb.o
 .debug_aranges
                0x0000000000000df0       0x90 ./Middlewares/ST/STM32_USB_Device_Library/Class/CDC/Src/usbd_cdc.o
 .debug_aranges
                0x0000000000000e80       0xb8 ./Middlewares/ST/STM32_USB_Device_Library/Core/Src/usbd_core.o
 .debug_aranges
                0x0000000000000f38       0x88 ./Middlewares/ST/STM32_USB_Device_Library/Core/Src/usbd_ctlreq.o
 .debug_aranges
                0x0000000000000fc0       0x50 ./Middlewares/ST/STM32_USB_Device_Library/Core/Src/usbd_ioreq.o
 .debug_aranges
                0x0000000000001010       0x20 ./USB_DEVICE/App/usb_device.o
 .debug_aranges
                0x0000000000001030       0x40 ./USB_DEVICE/App/usbd_cdc_if.o
 .debug_aranges
                0x0000000000001070       0x60 ./USB_DEVICE/App/usbd_desc.o
 .debug_aranges
                0x00000000000010d0      0x118 ./USB_DEVICE/Target/usbd_conf.o

.debug_ranges   0x0000000000000000     0x10a0
 .debug_ranges  0x0000000000000000       0x40 ./Core/Src/main.o
 .debug_ranges  0x0000000000000040       0x38 ./Core/Src/stm32f1xx_hal_msp.o
 .debug_ranges  0x0000000000000078       0x68 ./Core/Src/stm32f1xx_it.o
 .debug_ranges  0x00000000000000e0       0x18 ./Core/Src/system_stm32f1xx.o
 .debug_ranges  0x00000000000000f8       0x20 ./Core/Startup/startup_stm32f103c8tx.o
 .debug_ranges  0x0000000000000118       0xd0 ./Drivers/STM32F1xx_HAL_Driver/Src/stm32f1xx_hal.o
 .debug_ranges  0x00000000000001e8       0xf0 ./Drivers/STM32F1xx_HAL_Driver/Src/stm32f1xx_hal_cortex.o
 .debug_ranges  0x00000000000002d8       0x48 ./Drivers/STM32F1xx_HAL_Driver/Src/stm32f1xx_hal_gpio.o
 .debug_ranges  0x0000000000000320      0x128 ./Drivers/STM32F1xx_HAL_Driver/Src/stm32f1xx_hal_pcd.o
 .debug_ranges  0x0000000000000448       0x28 ./Drivers/STM32F1xx_HAL_Driver/Src/stm32f1xx_hal_pcd_ex.o
 .debug_ranges  0x0000000000000470       0x80 ./Drivers/STM32F1xx_HAL_Driver/Src/stm32f1xx_hal_rcc.o
 .debug_ranges  0x00000000000004f0       0x20 ./Drivers/STM32F1xx_HAL_Driver/Src/stm32f1xx_hal_rcc_ex.o
 .debug_ranges  0x0000000000000510      0x3c0 ./Drivers/STM32F1xx_HAL_Driver/Src/stm32f1xx_hal_tim.o
 .debug_ranges  0x00000000000008d0      0x158 ./Drivers/STM32F1xx_HAL_Driver/Src/stm32f1xx_hal_tim_ex.o
 .debug_ranges  0x0000000000000a28      0x220 ./Drivers/STM32F1xx_HAL_Driver/Src/stm32f1xx_hal_uart.o
 .debug_ranges  0x0000000000000c48       0xe0 ./Drivers/STM32F1xx_HAL_Driver/Src/stm32f1xx_ll_usb.o
 .debug_ranges  0x0000000000000d28       0x80 ./Middlewares/ST/STM32_USB_Device_Library/Class/CDC/Src/usbd_cdc.o
 .debug_ranges  0x0000000000000da8       0xa8 ./Middlewares/ST/STM32_USB_Device_Library/Core/Src/usbd_core.o
 .debug_ranges  0x0000000000000e50       0x78 ./Middlewares/ST/STM32_USB_Device_Library/Core/Src/usbd_ctlreq.o
 .debug_ranges  0x0000000000000ec8       0x40 ./Middlewares/ST/STM32_USB_Device_Library/Core/Src/usbd_ioreq.o
 .debug_ranges  0x0000000000000f08       0x10 ./USB_DEVICE/App/usb_device.o
 .debug_ranges  0x0000000000000f18       0x30 ./USB_DEVICE/App/usbd_cdc_if.o
 .debug_ranges  0x0000000000000f48       0x50 ./USB_DEVICE/App/usbd_desc.o
 .debug_ranges  0x0000000000000f98      0x108 ./USB_DEVICE/Target/usbd_conf.o

.debug_macro    0x0000000000000000    0x1a8a0
 .debug_macro   0x0000000000000000      0x3bc ./Core/Src/main.o
 .debug_macro   0x00000000000003bc      0xa6c ./Core/Src/main.o
 .debug_macro   0x0000000000000e28      0x228 ./Core/Src/main.o
 .debug_macro   0x0000000000001050       0x2e ./Core/Src/main.o
 .debug_macro   0x000000000000107e       0x22 ./Core/Src/main.o
 .debug_macro   0x00000000000010a0       0x22 ./Core/Src/main.o
 .debug_macro   0x00000000000010c2       0x8e ./Core/Src/main.o
 .debug_macro   0x0000000000001150       0x51 ./Core/Src/main.o
 .debug_macro   0x00000000000011a1      0x103 ./Core/Src/main.o
 .debug_macro   0x00000000000012a4       0x6a ./Core/Src/main.o
 .debug_macro   0x000000000000130e      0x1df ./Core/Src/main.o
 .debug_macro   0x00000000000014ed       0x1c ./Core/Src/main.o
 .debug_macro   0x0000000000001509       0x22 ./Core/Src/main.o
 .debug_macro   0x000000000000152b       0xbd ./Core/Src/main.o
 .debug_macro   0x00000000000015e8      0xd23 ./Core/Src/main.o
 .debug_macro   0x000000000000230b     0xe09e ./Core/Src/main.o
 .debug_macro   0x00000000000103a9       0x6d ./Core/Src/main.o
 .debug_macro   0x0000000000010416     0x3468 ./Core/Src/main.o
 .debug_macro   0x000000000001387e      0x174 ./Core/Src/main.o
 .debug_macro   0x00000000000139f2       0x5c ./Core/Src/main.o
 .debug_macro   0x0000000000013a4e      0x5be ./Core/Src/main.o
 .debug_macro   0x000000000001400c      0x289 ./Core/Src/main.o
 .debug_macro   0x0000000000014295      0x1cb ./Core/Src/main.o
 .debug_macro   0x0000000000014460      0x114 ./Core/Src/main.o
 .debug_macro   0x0000000000014574      0x1b2 ./Core/Src/main.o
 .debug_macro   0x0000000000014726       0x27 ./Core/Src/main.o
 .debug_macro   0x000000000001474d      0x136 ./Core/Src/main.o
 .debug_macro   0x0000000000014883      0x1bc ./Core/Src/main.o
 .debug_macro   0x0000000000014a3f       0x34 ./Core/Src/main.o
 .debug_macro   0x0000000000014a73       0x3c ./Core/Src/main.o
 .debug_macro   0x0000000000014aaf       0x57 ./Core/Src/main.o
 .debug_macro   0x0000000000014b06       0x88 ./Core/Src/main.o
 .debug_macro   0x0000000000014b8e      0x241 ./Core/Src/main.o
 .debug_macro   0x0000000000014dcf      0x141 ./Core/Src/main.o
 .debug_macro   0x0000000000014f10      0x8d1 ./Core/Src/main.o
 .debug_macro   0x00000000000157e1      0x279 ./Core/Src/main.o
 .debug_macro   0x0000000000015a5a       0x65 ./Core/Src/main.o
 .debug_macro   0x0000000000015abf      0x249 ./Core/Src/main.o
 .debug_macro   0x0000000000015d08       0x83 ./Core/Src/main.o
 .debug_macro   0x0000000000015d8b       0x52 ./Core/Src/main.o
 .debug_macro   0x0000000000015ddd       0x18 ./Core/Src/main.o
 .debug_macro   0x0000000000015df5       0x3c ./Core/Src/main.o
 .debug_macro   0x0000000000015e31       0x34 ./Core/Src/main.o
 .debug_macro   0x0000000000015e65       0x16 ./Core/Src/main.o
 .debug_macro   0x0000000000015e7b       0x35 ./Core/Src/main.o
 .debug_macro   0x0000000000015eb0      0x341 ./Core/Src/main.o
 .debug_macro   0x00000000000161f1       0x10 ./Core/Src/main.o
 .debug_macro   0x0000000000016201       0x16 ./Core/Src/main.o
 .debug_macro   0x0000000000016217       0x43 ./Core/Src/main.o
 .debug_macro   0x000000000001625a       0x34 ./Core/Src/main.o
 .debug_macro   0x000000000001628e       0x10 ./Core/Src/main.o
 .debug_macro   0x000000000001629e       0x58 ./Core/Src/main.o
 .debug_macro   0x00000000000162f6       0x71 ./Core/Src/main.o
 .debug_macro   0x0000000000016367       0x1c ./Core/Src/main.o
 .debug_macro   0x0000000000016383      0x12a ./Core/Src/main.o
 .debug_macro   0x00000000000164ad       0x10 ./Core/Src/main.o
 .debug_macro   0x00000000000164bd       0x1c ./Core/Src/main.o
 .debug_macro   0x00000000000164d9       0x52 ./Core/Src/main.o
 .debug_macro   0x000000000001652b       0x22 ./Core/Src/main.o
 .debug_macro   0x000000000001654d       0x10 ./Core/Src/main.o
 .debug_macro   0x000000000001655d       0x52 ./Core/Src/main.o
 .debug_macro   0x00000000000165af       0xd5 ./Core/Src/main.o
 .debug_macro   0x0000000000016684       0x1c ./Core/Src/main.o
 .debug_macro   0x00000000000166a0       0x3d ./Core/Src/main.o
 .debug_macro   0x00000000000166dd       0x16 ./Core/Src/main.o
 .debug_macro   0x00000000000166f3      0x145 ./Core/Src/main.o
 .debug_macro   0x0000000000016838       0x16 ./Core/Src/main.o
 .debug_macro   0x000000000001684e       0x16 ./Core/Src/main.o
 .debug_macro   0x0000000000016864       0x29 ./Core/Src/main.o
 .debug_macro   0x000000000001688d       0x16 ./Core/Src/main.o
 .debug_macro   0x00000000000168a3       0x20 ./Core/Src/main.o
 .debug_macro   0x00000000000168c3       0x5f ./Core/Src/main.o
 .debug_macro   0x0000000000016922      0x1c8 ./Core/Src/main.o
 .debug_macro   0x0000000000016aea      0x1d1 ./Core/Src/stm32f1xx_hal_msp.o
 .debug_macro   0x0000000000016cbb      0x1db ./Core/Src/stm32f1xx_it.o
 .debug_macro   0x0000000000016e96      0x1c7 ./Core/Src/system_stm32f1xx.o
 .debug_macro   0x000000000001705d      0x1eb ./Drivers/STM32F1xx_HAL_Driver/Src/stm32f1xx_hal.o
 .debug_macro   0x0000000000017248      0x1c7 ./Drivers/STM32F1xx_HAL_Driver/Src/stm32f1xx_hal_cortex.o
 .debug_macro   0x000000000001740f      0x232 ./Drivers/STM32F1xx_HAL_Driver/Src/stm32f1xx_hal_gpio.o
 .debug_macro   0x0000000000017641      0x1d3 ./Drivers/STM32F1xx_HAL_Driver/Src/stm32f1xx_hal_pcd.o
 .debug_macro   0x0000000000017814      0x1c7 ./Drivers/STM32F1xx_HAL_Driver/Src/stm32f1xx_hal_pcd_ex.o
 .debug_macro   0x00000000000179db      0x1d9 ./Drivers/STM32F1xx_HAL_Driver/Src/stm32f1xx_hal_rcc.o
 .debug_macro   0x0000000000017bb4      0x1c7 ./Drivers/STM32F1xx_HAL_Driver/Src/stm32f1xx_hal_rcc_ex.o
 .debug_macro   0x0000000000017d7b      0x1c8 ./Drivers/STM32F1xx_HAL_Driver/Src/stm32f1xx_hal_tim.o
 .debug_macro   0x0000000000017f43      0x1c7 ./Drivers/STM32F1xx_HAL_Driver/Src/stm32f1xx_hal_tim_ex.o
 .debug_macro   0x000000000001810a      0x1c8 ./Drivers/STM32F1xx_HAL_Driver/Src/stm32f1xx_hal_uart.o
 .debug_macro   0x00000000000182d2      0x1c7 ./Drivers/STM32F1xx_HAL_Driver/Src/stm32f1xx_ll_usb.o
 .debug_macro   0x0000000000018499      0x3e7 ./Middlewares/ST/STM32_USB_Device_Library/Class/CDC/Src/usbd_cdc.o
 .debug_macro   0x0000000000018880       0x97 ./Middlewares/ST/STM32_USB_Device_Library/Class/CDC/Src/usbd_cdc.o
 .debug_macro   0x0000000000018917       0xfd ./Middlewares/ST/STM32_USB_Device_Library/Class/CDC/Src/usbd_cdc.o
 .debug_macro   0x0000000000018a14       0x56 ./Middlewares/ST/STM32_USB_Device_Library/Class/CDC/Src/usbd_cdc.o
 .debug_macro   0x0000000000018a6a       0x8f ./Middlewares/ST/STM32_USB_Device_Library/Class/CDC/Src/usbd_cdc.o
 .debug_macro   0x0000000000018af9      0x3ce ./Middlewares/ST/STM32_USB_Device_Library/Core/Src/usbd_core.o
 .debug_macro   0x0000000000018ec7      0x1ce ./Middlewares/ST/STM32_USB_Device_Library/Core/Src/usbd_core.o
 .debug_macro   0x0000000000019095      0x3d8 ./Middlewares/ST/STM32_USB_Device_Library/Core/Src/usbd_ctlreq.o
 .debug_macro   0x000000000001946d      0x3d4 ./Middlewares/ST/STM32_USB_Device_Library/Core/Src/usbd_ioreq.o
 .debug_macro   0x0000000000019841      0x40d ./USB_DEVICE/App/usb_device.o
 .debug_macro   0x0000000000019c4e       0x22 ./USB_DEVICE/App/usb_device.o
 .debug_macro   0x0000000000019c70       0x16 ./USB_DEVICE/App/usb_device.o
 .debug_macro   0x0000000000019c86      0x3f2 ./USB_DEVICE/App/usbd_cdc_if.o
 .debug_macro   0x000000000001a078       0x10 ./USB_DEVICE/App/usbd_cdc_if.o
 .debug_macro   0x000000000001a088      0x40b ./USB_DEVICE/App/usbd_desc.o
 .debug_macro   0x000000000001a493       0x1c ./USB_DEVICE/App/usbd_desc.o
 .debug_macro   0x000000000001a4af      0x3f1 ./USB_DEVICE/Target/usbd_conf.o

.debug_line     0x0000000000000000    0x16ccd
 .debug_line    0x0000000000000000      0xba7 ./Core/Src/main.o
 .debug_line    0x0000000000000ba7      0x78c ./Core/Src/stm32f1xx_hal_msp.o
 .debug_line    0x0000000000001333      0x7df ./Core/Src/stm32f1xx_it.o
 .debug_line    0x0000000000001b12      0x753 ./Core/Src/system_stm32f1xx.o
 .debug_line    0x0000000000002265       0x87 ./Core/Startup/startup_stm32f103c8tx.o
 .debug_line    0x00000000000022ec      0x994 ./Drivers/STM32F1xx_HAL_Driver/Src/stm32f1xx_hal.o
 .debug_line    0x0000000000002c80      0xbf5 ./Drivers/STM32F1xx_HAL_Driver/Src/stm32f1xx_hal_cortex.o
 .debug_line    0x0000000000003875      0xbb6 ./Drivers/STM32F1xx_HAL_Driver/Src/stm32f1xx_hal_gpio.o
 .debug_line    0x000000000000442b     0x1376 ./Drivers/STM32F1xx_HAL_Driver/Src/stm32f1xx_hal_pcd.o
 .debug_line    0x00000000000057a1      0x74e ./Drivers/STM32F1xx_HAL_Driver/Src/stm32f1xx_hal_pcd_ex.o
 .debug_line    0x0000000000005eef      0xf63 ./Drivers/STM32F1xx_HAL_Driver/Src/stm32f1xx_hal_rcc.o
 .debug_line    0x0000000000006e52      0x92d ./Drivers/STM32F1xx_HAL_Driver/Src/stm32f1xx_hal_rcc_ex.o
 .debug_line    0x000000000000777f     0x48c8 ./Drivers/STM32F1xx_HAL_Driver/Src/stm32f1xx_hal_tim.o
 .debug_line    0x000000000000c047     0x1c74 ./Drivers/STM32F1xx_HAL_Driver/Src/stm32f1xx_hal_tim_ex.o
 .debug_line    0x000000000000dcbb     0x1ba9 ./Drivers/STM32F1xx_HAL_Driver/Src/stm32f1xx_hal_uart.o
 .debug_line    0x000000000000f864     0x10b3 ./Drivers/STM32F1xx_HAL_Driver/Src/stm32f1xx_ll_usb.o
 .debug_line    0x0000000000010917      0xd66 ./Middlewares/ST/STM32_USB_Device_Library/Class/CDC/Src/usbd_cdc.o
 .debug_line    0x000000000001167d      0xde6 ./Middlewares/ST/STM32_USB_Device_Library/Core/Src/usbd_core.o
 .debug_line    0x0000000000012463     0x1008 ./Middlewares/ST/STM32_USB_Device_Library/Core/Src/usbd_ctlreq.o
 .debug_line    0x000000000001346b      0xa7c ./Middlewares/ST/STM32_USB_Device_Library/Core/Src/usbd_ioreq.o
 .debug_line    0x0000000000013ee7      0xa3c ./USB_DEVICE/App/usb_device.o
 .debug_line    0x0000000000014923      0xa84 ./USB_DEVICE/App/usbd_cdc_if.o
 .debug_line    0x00000000000153a7      0xb05 ./USB_DEVICE/App/usbd_desc.o
 .debug_line    0x0000000000015eac      0xe21 ./USB_DEVICE/Target/usbd_conf.o

.debug_str      0x0000000000000000    0x8f095
 .debug_str     0x0000000000000000    0x8ae09 ./Core/Src/main.o
                                      0x8b2e7 (size before relaxing)
 .debug_str     0x000000000008ae09       0xcc ./Core/Src/stm32f1xx_hal_msp.o
                                      0x86379 (size before relaxing)
 .debug_str     0x000000000008aed5      0x40a ./Core/Src/stm32f1xx_it.o
                                      0x86004 (size before relaxing)
 .debug_str     0x000000000008b2df       0x7e ./Core/Src/system_stm32f1xx.o
                                      0x85c1e (size before relaxing)
 .debug_str     0x000000000008b35d       0x36 ./Core/Startup/startup_stm32f103c8tx.o
                                         0x6f (size before relaxing)
 .debug_str     0x000000000008b393      0x384 ./Drivers/STM32F1xx_HAL_Driver/Src/stm32f1xx_hal.o
                                      0x86371 (size before relaxing)
 .debug_str     0x000000000008b717      0x280 ./Drivers/STM32F1xx_HAL_Driver/Src/stm32f1xx_hal_cortex.o
                                      0x862ab (size before relaxing)
 .debug_str     0x000000000008b997      0x2ba ./Drivers/STM32F1xx_HAL_Driver/Src/stm32f1xx_hal_gpio.o
                                      0x85fd0 (size before relaxing)
 .debug_str     0x000000000008bc51      0x573 ./Drivers/STM32F1xx_HAL_Driver/Src/stm32f1xx_hal_pcd.o
                                      0x86504 (size before relaxing)
 .debug_str     0x000000000008c1c4      0x170 ./Drivers/STM32F1xx_HAL_Driver/Src/stm32f1xx_hal_pcd_ex.o
                                      0x86092 (size before relaxing)
 .debug_str     0x000000000008c334      0x229 ./Drivers/STM32F1xx_HAL_Driver/Src/stm32f1xx_hal_rcc.o
                                      0x8605b (size before relaxing)
 .debug_str     0x000000000008c55d       0x9f ./Drivers/STM32F1xx_HAL_Driver/Src/stm32f1xx_hal_rcc_ex.o
                                      0x85dab (size before relaxing)
 .debug_str     0x000000000008c5fc      0xdf2 ./Drivers/STM32F1xx_HAL_Driver/Src/stm32f1xx_hal_tim.o
                                      0x87058 (size before relaxing)
 .debug_str     0x000000000008d3ee      0x3e1 ./Drivers/STM32F1xx_HAL_Driver/Src/stm32f1xx_hal_tim_ex.o
                                      0x86874 (size before relaxing)
 .debug_str     0x000000000008d7cf      0x5fe ./Drivers/STM32F1xx_HAL_Driver/Src/stm32f1xx_hal_uart.o
                                      0x86666 (size before relaxing)
 .debug_str     0x000000000008ddcd      0x11d ./Drivers/STM32F1xx_HAL_Driver/Src/stm32f1xx_ll_usb.o
                                      0x860c5 (size before relaxing)
 .debug_str     0x000000000008deea      0x957 ./Middlewares/ST/STM32_USB_Device_Library/Class/CDC/Src/usbd_cdc.o
                                      0x8b13a (size before relaxing)
 .debug_str     0x000000000008e841      0x281 ./Middlewares/ST/STM32_USB_Device_Library/Core/Src/usbd_core.o
                                      0x8aa75 (size before relaxing)
 .debug_str     0x000000000008eac2      0x120 ./Middlewares/ST/STM32_USB_Device_Library/Core/Src/usbd_ctlreq.o
                                      0x8a98f (size before relaxing)
 .debug_str     0x000000000008ebe2       0x51 ./Middlewares/ST/STM32_USB_Device_Library/Core/Src/usbd_ioreq.o
                                      0x8a8bc (size before relaxing)
 .debug_str     0x000000000008ec33      0x105 ./USB_DEVICE/App/usb_device.o
                                      0x8ac47 (size before relaxing)
 .debug_str     0x000000000008ed38       0x8d ./USB_DEVICE/App/usbd_cdc_if.o
                                      0x8ac6d (size before relaxing)
 .debug_str     0x000000000008edc5      0x258 ./USB_DEVICE/App/usbd_desc.o
                                      0x8a7f8 (size before relaxing)
 .debug_str     0x000000000008f01d       0x78 ./USB_DEVICE/Target/usbd_conf.o
                                      0x8b6c7 (size before relaxing)

.comment        0x0000000000000000       0x50
 .comment       0x0000000000000000       0x50 ./Core/Src/main.o
                                         0x51 (size before relaxing)
 .comment       0x0000000000000050       0x51 ./Core/Src/stm32f1xx_hal_msp.o
 .comment       0x0000000000000050       0x51 ./Core/Src/stm32f1xx_it.o
 .comment       0x0000000000000050       0x51 ./Core/Src/system_stm32f1xx.o
 .comment       0x0000000000000050       0x51 ./Drivers/STM32F1xx_HAL_Driver/Src/stm32f1xx_hal.o
 .comment       0x0000000000000050       0x51 ./Drivers/STM32F1xx_HAL_Driver/Src/stm32f1xx_hal_cortex.o
 .comment       0x0000000000000050       0x51 ./Drivers/STM32F1xx_HAL_Driver/Src/stm32f1xx_hal_gpio.o
 .comment       0x0000000000000050       0x51 ./Drivers/STM32F1xx_HAL_Driver/Src/stm32f1xx_hal_pcd.o
 .comment       0x0000000000000050       0x51 ./Drivers/STM32F1xx_HAL_Driver/Src/stm32f1xx_hal_pcd_ex.o
 .comment       0x0000000000000050       0x51 ./Drivers/STM32F1xx_HAL_Driver/Src/stm32f1xx_hal_rcc.o
 .comment       0x0000000000000050       0x51 ./Drivers/STM32F1xx_HAL_Driver/Src/stm32f1xx_hal_rcc_ex.o
 .comment       0x0000000000000050       0x51 ./Drivers/STM32F1xx_HAL_Driver/Src/stm32f1xx_hal_tim.o
 .comment       0x0000000000000050       0x51 ./Drivers/STM32F1xx_HAL_Driver/Src/stm32f1xx_hal_tim_ex.o
 .comment       0x0000000000000050       0x51 ./Drivers/STM32F1xx_HAL_Driver/Src/stm32f1xx_hal_uart.o
 .comment       0x0000000000000050       0x51 ./Drivers/STM32F1xx_HAL_Driver/Src/stm32f1xx_ll_usb.o
 .comment       0x0000000000000050       0x51 ./Middlewares/ST/STM32_USB_Device_Library/Class/CDC/Src/usbd_cdc.o
 .comment       0x0000000000000050       0x51 ./Middlewares/ST/STM32_USB_Device_Library/Core/Src/usbd_core.o
 .comment       0x0000000000000050       0x51 ./Middlewares/ST/STM32_USB_Device_Library/Core/Src/usbd_ctlreq.o
 .comment       0x0000000000000050       0x51 ./Middlewares/ST/STM32_USB_Device_Library/Core/Src/usbd_ioreq.o
 .comment       0x0000000000000050       0x51 ./USB_DEVICE/App/usb_device.o
 .comment       0x0000000000000050       0x51 ./USB_DEVICE/App/usbd_cdc_if.o
 .comment       0x0000000000000050       0x51 ./USB_DEVICE/App/usbd_desc.o
 .comment       0x0000000000000050       0x51 ./USB_DEVICE/Target/usbd_conf.o

.debug_frame    0x0000000000000000     0x49bc
 .debug_frame   0x0000000000000000       0xf8 ./Core/Src/main.o
 .debug_frame   0x00000000000000f8       0xf4 ./Core/Src/stm32f1xx_hal_msp.o
 .debug_frame   0x00000000000001ec      0x158 ./Core/Src/stm32f1xx_it.o
 .debug_frame   0x0000000000000344       0x58 ./Core/Src/system_stm32f1xx.o
 .debug_frame   0x000000000000039c      0x334 ./Drivers/STM32F1xx_HAL_Driver/Src/stm32f1xx_hal.o
 .debug_frame   0x00000000000006d0      0x424 ./Drivers/STM32F1xx_HAL_Driver/Src/stm32f1xx_hal_cortex.o
 .debug_frame   0x0000000000000af4      0x138 ./Drivers/STM32F1xx_HAL_Driver/Src/stm32f1xx_hal_gpio.o
 .debug_frame   0x0000000000000c2c      0x578 ./Drivers/STM32F1xx_HAL_Driver/Src/stm32f1xx_hal_pcd.o
 .debug_frame   0x00000000000011a4       0xb0 ./Drivers/STM32F1xx_HAL_Driver/Src/stm32f1xx_hal_pcd_ex.o
 .debug_frame   0x0000000000001254      0x218 ./Drivers/STM32F1xx_HAL_Driver/Src/stm32f1xx_hal_rcc.o
 .debug_frame   0x000000000000146c       0x84 ./Drivers/STM32F1xx_HAL_Driver/Src/stm32f1xx_hal_rcc_ex.o
 .debug_frame   0x00000000000014f0     0x11ac ./Drivers/STM32F1xx_HAL_Driver/Src/stm32f1xx_hal_tim.o
 .debug_frame   0x000000000000269c      0x624 ./Drivers/STM32F1xx_HAL_Driver/Src/stm32f1xx_hal_tim_ex.o
 .debug_frame   0x0000000000002cc0      0x908 ./Drivers/STM32F1xx_HAL_Driver/Src/stm32f1xx_hal_uart.o
 .debug_frame   0x00000000000035c8      0x450 ./Drivers/STM32F1xx_HAL_Driver/Src/stm32f1xx_ll_usb.o
 .debug_frame   0x0000000000003a18      0x248 ./Middlewares/ST/STM32_USB_Device_Library/Class/CDC/Src/usbd_cdc.o
 .debug_frame   0x0000000000003c60      0x300 ./Middlewares/ST/STM32_USB_Device_Library/Core/Src/usbd_core.o
 .debug_frame   0x0000000000003f60      0x218 ./Middlewares/ST/STM32_USB_Device_Library/Core/Src/usbd_ctlreq.o
 .debug_frame   0x0000000000004178      0x10c ./Middlewares/ST/STM32_USB_Device_Library/Core/Src/usbd_ioreq.o
 .debug_frame   0x0000000000004284       0x2c ./USB_DEVICE/App/usb_device.o
 .debug_frame   0x00000000000042b0       0xbc ./USB_DEVICE/App/usbd_cdc_if.o
 .debug_frame   0x000000000000436c      0x160 ./USB_DEVICE/App/usbd_desc.o
 .debug_frame   0x00000000000044cc      0x4a4 ./USB_DEVICE/Target/usbd_conf.o
 .debug_frame   0x0000000000004970       0x2c d:/avip_sokol/stm32cubeide_1.7.0/stm32cubeide/plugins/com.st.stm32cube.ide.mcu.externaltools.gnu-tools-for-stm32.10.3-2021.10.win32_1.0.0.202111181127/tools/bin/../lib/gcc/arm-none-eabi/10.3.1/../../../../arm-none-eabi/lib/thumb/v7-m/nofp\libc_nano.a(lib_a-init.o)
 .debug_frame   0x000000000000499c       0x20 d:/avip_sokol/stm32cubeide_1.7.0/stm32cubeide/plugins/com.st.stm32cube.ide.mcu.externaltools.gnu-tools-for-stm32.10.3-2021.10.win32_1.0.0.202111181127/tools/bin/../lib/gcc/arm-none-eabi/10.3.1/../../../../arm-none-eabi/lib/thumb/v7-m/nofp\libc_nano.a(lib_a-memset.o)
