../FreeRTOS/src/port.c:179:15:pxPortInitialiseStack	24	static
../FreeRTOS/src/port.c:199:13:prvTaskExitError	16	static,ignoring_inline_asm
../FreeRTOS/src/port.c:225:6:vPortSVCHandler	0	static,ignoring_inline_asm
../FreeRTOS/src/port.c:245:13:prvPortStartFirstTask	0	static,ignoring_inline_asm
../FreeRTOS/src/port.c:266:12:xPortStartScheduler	8	static
../FreeRTOS/src/port.c:363:6:vPortEndScheduler	4	static
../FreeRTOS/src/port.c:371:6:vPortEnterCritical	16	static,ignoring_inline_asm
../FreeRTOS/src/port.c:388:6:vPortExitCritical	16	static,ignoring_inline_asm
../FreeRTOS/src/port.c:400:6:xPortPendSVHandler	0	static,ignoring_inline_asm
../FreeRTOS/src/port.c:437:6:xPortSysTickHandler	16	static,ignoring_inline_asm
../FreeRTOS/src/port.c:682:32:vPortSetupTimerInterrupt	4	static
